Archive member included to satisfy reference by file (symbol)

app/libapp.a(main.c.obj)      (--whole-archive)
zephyr/libzephyr.a(cbprintf.c.obj)
                              (--whole-archive)
zephyr/libzephyr.a(cbprintf_packaged.c.obj)
                              (--whole-archive)
zephyr/libzephyr.a(crc32c_sw.c.obj)
                              (--whole-archive)
zephyr/libzephyr.a(crc32_sw.c.obj)
                              (--whole-archive)
zephyr/libzephyr.a(crc16_sw.c.obj)
                              (--whole-archive)
zephyr/libzephyr.a(crc8_sw.c.obj)
                              (--whole-archive)
zephyr/libzephyr.a(crc7_sw.c.obj)
                              (--whole-archive)
zephyr/libzephyr.a(dec.c.obj)
                              (--whole-archive)
zephyr/libzephyr.a(fdtable.c.obj)
                              (--whole-archive)
zephyr/libzephyr.a(hex.c.obj)
                              (--whole-archive)
zephyr/libzephyr.a(notify.c.obj)
                              (--whole-archive)
zephyr/libzephyr.a(printk.c.obj)
                              (--whole-archive)
zephyr/libzephyr.a(onoff.c.obj)
                              (--whole-archive)
zephyr/libzephyr.a(rb.c.obj)  (--whole-archive)
zephyr/libzephyr.a(sem.c.obj)
                              (--whole-archive)
zephyr/libzephyr.a(thread_entry.c.obj)
                              (--whole-archive)
zephyr/libzephyr.a(timeutil.c.obj)
                              (--whole-archive)
zephyr/libzephyr.a(heap.c.obj)
                              (--whole-archive)
zephyr/libzephyr.a(heap-validate.c.obj)
                              (--whole-archive)
zephyr/libzephyr.a(cbprintf_complete.c.obj)
                              (--whole-archive)
zephyr/libzephyr.a(configs.c.obj)
                              (--whole-archive)
zephyr/libzephyr.a(uart_console.c.obj)
                              (--whole-archive)
zephyr/libzephyr.a(native_posix_console.c.obj)
                              (--whole-archive)
zephyr/libzephyr.a(sys_clock_init.c.obj)
                              (--whole-archive)
zephyr/libzephyr.a(native_posix_timer.c.obj)
                              (--whole-archive)
zephyr/libzephyr.a(utils.c.obj)
                              (--whole-archive)
zephyr/libzephyr.a(aes_decrypt.c.obj)
                              (--whole-archive)
zephyr/libzephyr.a(aes_encrypt.c.obj)
                              (--whole-archive)
zephyr/libzephyr.a(cbc_mode.c.obj)
                              (--whole-archive)
zephyr/libzephyr.a(ctr_mode.c.obj)
                              (--whole-archive)
zephyr/libzephyr.a(ccm_mode.c.obj)
                              (--whole-archive)
zephyr/libzephyr.a(cmac_mode.c.obj)
                              (--whole-archive)
zephyr/arch/arch/posix/core/libarch__posix__core.a(cpuhalt.c.obj)
                              (--whole-archive)
zephyr/arch/arch/posix/core/libarch__posix__core.a(fatal.c.obj)
                              (--whole-archive)
zephyr/arch/arch/posix/core/libarch__posix__core.a(irq.c.obj)
                              (--whole-archive)
zephyr/arch/arch/posix/core/libarch__posix__core.a(posix_core.c.obj)
                              (--whole-archive)
zephyr/arch/arch/posix/core/libarch__posix__core.a(swap.c.obj)
                              (--whole-archive)
zephyr/arch/arch/posix/core/libarch__posix__core.a(thread.c.obj)
                              (--whole-archive)
zephyr/soc/posix/inf_clock/libsoc__posix__inf_clock.a(soc.c.obj)
                              (--whole-archive)
zephyr/boards/posix/native_posix/libboards__posix__native_posix.a(hw_models_top.c.obj)
                              (--whole-archive)
zephyr/boards/posix/native_posix/libboards__posix__native_posix.a(timer_model.c.obj)
                              (--whole-archive)
zephyr/boards/posix/native_posix/libboards__posix__native_posix.a(native_rtc.c.obj)
                              (--whole-archive)
zephyr/boards/posix/native_posix/libboards__posix__native_posix.a(irq_handler.c.obj)
                              (--whole-archive)
zephyr/boards/posix/native_posix/libboards__posix__native_posix.a(irq_ctrl.c.obj)
                              (--whole-archive)
zephyr/boards/posix/native_posix/libboards__posix__native_posix.a(main.c.obj)
                              (--whole-archive)
zephyr/boards/posix/native_posix/libboards__posix__native_posix.a(tracing.c.obj)
                              (--whole-archive)
zephyr/boards/posix/native_posix/libboards__posix__native_posix.a(cmdline_common.c.obj)
                              (--whole-archive)
zephyr/boards/posix/native_posix/libboards__posix__native_posix.a(cmdline.c.obj)
                              (--whole-archive)
zephyr/boards/posix/native_posix/libboards__posix__native_posix.a(cpu_wait.c.obj)
                              (--whole-archive)
zephyr/boards/posix/native_posix/libboards__posix__native_posix.a(hw_counter.c.obj)
[...]
Memory Configuration

Name             Origin             Length             Attributes
*default*        0x0000000000000000 0xffffffffffffffff

Linker script and memory map

LOAD app/libapp.a
LOAD zephyr/libzephyr.a
LOAD zephyr/arch/arch/posix/core/libarch__posix__core.a
LOAD zephyr/soc/posix/inf_clock/libsoc__posix__inf_clock.a
LOAD zephyr/boards/posix/native_posix/libboards__posix__native_posix.a
LOAD zephyr/drivers/crypto/libdrivers__crypto.a
LOAD zephyr/drivers/serial/libdrivers__serial.a
LOAD zephyr/kernel/libkernel.a
LOAD zephyr/CMakeFiles/offsets.dir/arch/posix/core/offsets/offsets.c.obj
LOAD /usr/lib/gcc/x86_64-linux-gnu/9/../../../x86_64-linux-gnu/libdl.so
LOAD /usr/lib/gcc/x86_64-linux-gnu/9/../../../x86_64-linux-gnu/libm.so
START GROUP
LOAD /lib/x86_64-linux-gnu/libm.so.6
LOAD /lib/x86_64-linux-gnu/libmvec.so.1
END GROUP
LOAD /usr/lib/gcc/x86_64-linux-gnu/9/libgcc.a
LOAD /usr/lib/gcc/x86_64-linux-gnu/9/libgcc_s.so
START GROUP
LOAD /usr/lib/gcc/x86_64-linux-gnu/9/../../../x86_64-linux-gnu/libgcc_s.so.1
LOAD /usr/lib/gcc/x86_64-linux-gnu/9/libgcc.a
END GROUP
LOAD /usr/lib/gcc/x86_64-linux-gnu/9/../../../x86_64-linux-gnu/libpthread.so
LOAD /usr/lib/gcc/x86_64-linux-gnu/9/../../../x86_64-linux-gnu/libc.so
START GROUP
LOAD /lib/x86_64-linux-gnu/libc.so.6
LOAD /usr/lib/x86_64-linux-gnu/libc_nonshared.a
LOAD /lib/x86_64-linux-gnu/ld-linux-x86-64.so.2
END GROUP
LOAD /usr/lib/gcc/x86_64-linux-gnu/9/libgcc.a
LOAD /usr/lib/gcc/x86_64-linux-gnu/9/libgcc_s.so
START GROUP
LOAD /usr/lib/gcc/x86_64-linux-gnu/9/../../../x86_64-linux-gnu/libgcc_s.so.1
LOAD /usr/lib/gcc/x86_64-linux-gnu/9/libgcc.a
END GROUP
LOAD /usr/lib/gcc/x86_64-linux-gnu/9/crtendS.o
LOAD /usr/lib/gcc/x86_64-linux-gnu/9/../../../x86_64-linux-gnu/crtn.o
                [!provide]                        PROVIDE (__executable_start = SEGMENT_START ("text-segment", 0x0))
                0x0000000000000318                . = (SEGMENT_START ("text-segment", 0x0) + SIZEOF_HEADERS)

.interp         0x0000000000000318       0x1c
 *(SORT_BY_ALIGNMENT(.interp))
 .interp        0x0000000000000318       0x1c /usr/lib/gcc/x86_64-linux-gnu/9/../../../x86_64-linux-gnu/Scrt1.o

.note.gnu.property
                0x0000000000000338       0x20
 .note.gnu.property
                0x0000000000000338       0x20 /usr/lib/gcc/x86_64-linux-gnu/9/../../../x86_64-linux-gnu/Scrt1.o

.note.ABI-tag   0x0000000000000358       0x20
 .note.ABI-tag  0x0000000000000358       0x20 /usr/lib/gcc/x86_64-linux-gnu/9/../../../x86_64-linux-gnu/Scrt1.o

.note.gnu.build-id
 *(SORT_BY_ALIGNMENT(.note.gnu.build-id))

.hash
 *(SORT_BY_ALIGNMENT(.hash))

.gnu.hash       0x0000000000000378       0x24
 *(SORT_BY_ALIGNMENT(.gnu.hash))
 .gnu.hash      0x0000000000000378       0x24 /usr/lib/gcc/x86_64-linux-gnu/9/../../../x86_64-linux-gnu/Scrt1.o

.dynsym         0x00000000000003a0      0x5d0
 *(SORT_BY_ALIGNMENT(.dynsym))
 .dynsym        0x00000000000003a0      0x5d0 /usr/lib/gcc/x86_64-linux-gnu/9/../../../x86_64-linux-gnu/Scrt1.o

.dynstr         0x0000000000000970      0x342
 *(SORT_BY_ALIGNMENT(.dynstr))
 .dynstr        0x0000000000000970      0x342 /usr/lib/gcc/x86_64-linux-gnu/9/../../../x86_64-linux-gnu/Scrt1.o

.gnu.version    0x0000000000000cb2       0x7c
 *(SORT_BY_ALIGNMENT(.gnu.version))
 .gnu.version   0x0000000000000cb2       0x7c /usr/lib/gcc/x86_64-linux-gnu/9/../../../x86_64-linux-gnu/Scrt1.o

.gnu.version_d  0x0000000000000d30        0x0
 *(SORT_BY_ALIGNMENT(.gnu.version_d))
 .gnu.version_d
                0x0000000000000d30        0x0 /usr/lib/gcc/x86_64-linux-gnu/9/../../../x86_64-linux-gnu/Scrt1.o

.gnu.version_r  0x0000000000000d30       0xa0
 *(SORT_BY_ALIGNMENT(.gnu.version_r))
 .gnu.version_r
                0x0000000000000d30       0xa0 /usr/lib/gcc/x86_64-linux-gnu/9/../../../x86_64-linux-gnu/Scrt1.o

.rela.dyn       0x0000000000000dd0      0xd80
 *(SORT_BY_ALIGNMENT(.rela.init))
 *(SORT_BY_ALIGNMENT(.rela.text) SORT_BY_ALIGNMENT(.rela.text.*) SORT_BY_ALIGNMENT(.rela.gnu.linkonce.t.*))
 .rela.text.z_impl_device_get_binding
                0x0000000000000dd0        0x0 /usr/lib/gcc/x86_64-linux-gnu/9/../../../x86_64-linux-gnu/Scrt1.o
 .rela.text.z_init_static_threads
                0x0000000000000dd0        0x0 /usr/lib/gcc/x86_64-linux-gnu/9/../../../x86_64-linux-gnu/Scrt1.o
 .rela.text.statics_init
                0x0000000000000dd0        0x0 /usr/lib/gcc/x86_64-linux-gnu/9/../../../x86_64-linux-gnu/Scrt1.o
 .rela.text     0x0000000000000dd0        0x0 /usr/lib/gcc/x86_64-linux-gnu/9/../../../x86_64-linux-gnu/Scrt1.o
 *(SORT_BY_ALIGNMENT(.rela.fini))
 *(SORT_BY_ALIGNMENT(.rela.rodata) SORT_BY_ALIGNMENT(.rela.rodata.*) SORT_BY_ALIGNMENT(.rela.gnu.linkonce.r.*))
 *(SORT_BY_ALIGNMENT(.rela.data) SORT_BY_ALIGNMENT(.rela.data.*) SORT_BY_ALIGNMENT(.rela.gnu.linkonce.d.*))
 .rela.data.rel.ro
                0x0000000000000dd0        0x0 /usr/lib/gcc/x86_64-linux-gnu/9/../../../x86_64-linux-gnu/Scrt1.o
 .rela.data.rel.local
                0x0000000000000dd0       0x18 /usr/lib/gcc/x86_64-linux-gnu/9/../../../x86_64-linux-gnu/Scrt1.o
 .rela.data.rel._char_out
                0x0000000000000de8       0x18 /usr/lib/gcc/x86_64-linux-gnu/9/../../../x86_64-linux-gnu/Scrt1.o
 .rela.data.rel.ro.native_pre_tasks.6323
                0x0000000000000e00       0x90 /usr/lib/gcc/x86_64-linux-gnu/9/../../../x86_64-linux-gnu/Scrt1.o
 .rela.data.rel.local.timer_options.3187
                0x0000000000000e90      0x300 /usr/lib/gcc/x86_64-linux-gnu/9/../../../x86_64-linux-gnu/Scrt1.o
 .rela.data.rel.trace_options.3560
                0x0000000000001190      0x120 /usr/lib/gcc/x86_64-linux-gnu/9/../../../x86_64-linux-gnu/Scrt1.o
 .rela.data.rel.local.testargs_options.2552
                0x00000000000012b0       0x48 /usr/lib/gcc/x86_64-linux-gnu/9/../../../x86_64-linux-gnu/Scrt1.o
 .rela.data.rel.local.crypto_enc_funcs
                0x00000000000012f8       0x48 /usr/lib/gcc/x86_64-linux-gnu/9/../../../x86_64-linux-gnu/Scrt1.o
 .rela.data.rel.local.uart_options.7281
                0x0000000000001340       0xc0 /usr/lib/gcc/x86_64-linux-gnu/9/../../../x86_64-linux-gnu/Scrt1.o
 .rela.data.rel.local.np_uart_driver_api_0
                0x0000000000001400       0x30 /usr/lib/gcc/x86_64-linux-gnu/9/../../../x86_64-linux-gnu/Scrt1.o
 .rela.data.rel.ro.levels.4940
                0x0000000000001430       0x78 /usr/lib/gcc/x86_64-linux-gnu/9/../../../x86_64-linux-gnu/Scrt1.o
 .rela.data.rel.local.timeout_list
                0x00000000000014a8       0x30 /usr/lib/gcc/x86_64-linux-gnu/9/../../../x86_64-linux-gnu/Scrt1.o
 *(SORT_BY_ALIGNMENT(.rela.tdata) SORT_BY_ALIGNMENT(.rela.tdata.*) SORT_BY_ALIGNMENT(.rela.gnu.linkonce.td.*))
 *(SORT_BY_ALIGNMENT(.rela.tbss) SORT_BY_ALIGNMENT(.rela.tbss.*) SORT_BY_ALIGNMENT(.rela.gnu.linkonce.tb.*))
 *(SORT_BY_ALIGNMENT(.rela.ctors))
 *(SORT_BY_ALIGNMENT(.rela.dtors))
 *(SORT_BY_ALIGNMENT(.rela.got))
 .rela.got      0x00000000000014d8      0x120 /usr/lib/gcc/x86_64-linux-gnu/9/../../../x86_64-linux-gnu/Scrt1.o
 *(SORT_BY_ALIGNMENT(.rela.bss) SORT_BY_ALIGNMENT(.rela.bss.*) SORT_BY_ALIGNMENT(.rela.gnu.linkonce.b.*))
 .rela.bss      0x00000000000015f8        0x0 /usr/lib/gcc/x86_64-linux-gnu/9/../../../x86_64-linux-gnu/Scrt1.o
 *(SORT_BY_ALIGNMENT(.rela.ldata) SORT_BY_ALIGNMENT(.rela.ldata.*) SORT_BY_ALIGNMENT(.rela.gnu.linkonce.l.*))
 *(SORT_BY_ALIGNMENT(.rela.lbss) SORT_BY_ALIGNMENT(.rela.lbss.*) SORT_BY_ALIGNMENT(.rela.gnu.linkonce.lb.*))
 *(SORT_BY_ALIGNMENT(.rela.lrodata) SORT_BY_ALIGNMENT(.rela.lrodata.*) SORT_BY_ALIGNMENT(.rela.gnu.linkonce.lr.*))
 *(SORT_BY_ALIGNMENT(.rela.ifunc))
 .rela.ifunc    0x00000000000015f8        0x0 /usr/lib/gcc/x86_64-linux-gnu/9/../../../x86_64-linux-gnu/Scrt1.o
 .rela.fini_array
                0x00000000000015f8       0x18 /usr/lib/gcc/x86_64-linux-gnu/9/../../../x86_64-linux-gnu/Scrt1.o
 .rela.init_array
                0x0000000000001610       0x18 /usr/lib/gcc/x86_64-linux-gnu/9/../../../x86_64-linux-gnu/Scrt1.o
 .rela._k_msgq.static.key_iv_msgq
                0x0000000000001628       0x90 /usr/lib/gcc/x86_64-linux-gnu/9/../../../x86_64-linux-gnu/Scrt1.o
 .rela._k_msgq.static.processing_msgq
                0x00000000000016b8       0x90 /usr/lib/gcc/x86_64-linux-gnu/9/../../../x86_64-linux-gnu/Scrt1.o
 .rela._k_msgq.static.uart_msgq
                0x0000000000001748       0x90 /usr/lib/gcc/x86_64-linux-gnu/9/../../../x86_64-linux-gnu/Scrt1.o
 .rela.__static_thread_data.static._k_thread_data_processing_tid
                0x00000000000017d8       0x60 /usr/lib/gcc/x86_64-linux-gnu/9/../../../x86_64-linux-gnu/Scrt1.o
 .rela.__static_thread_data.static._k_thread_data_uart_out_tid
                0x0000000000001838       0x60 /usr/lib/gcc/x86_64-linux-gnu/9/../../../x86_64-linux-gnu/Scrt1.o
 .rela.__static_thread_data.static._k_thread_data_uart_in_tid
                0x0000000000001898       0x60 /usr/lib/gcc/x86_64-linux-gnu/9/../../../x86_64-linux-gnu/Scrt1.o
 .rela.init_PRE_KERNEL_160_
                0x00000000000018f8       0x30 /usr/lib/gcc/x86_64-linux-gnu/9/../../../x86_64-linux-gnu/Scrt1.o
 .rela.init_PRE_KERNEL_20_
                0x0000000000001928       0x30 /usr/lib/gcc/x86_64-linux-gnu/9/../../../x86_64-linux-gnu/Scrt1.o
 .rela.device_PRE_KERNEL_20_
                0x0000000000001958       0x48 /usr/lib/gcc/x86_64-linux-gnu/9/../../../x86_64-linux-gnu/Scrt1.o
 .rela.native_PRE_BOOT_11_task
                0x00000000000019a0       0x18 /usr/lib/gcc/x86_64-linux-gnu/9/../../../x86_64-linux-gnu/Scrt1.o
 .rela.native_PRE_BOOT_20_task
                0x00000000000019b8       0x18 /usr/lib/gcc/x86_64-linux-gnu/9/../../../x86_64-linux-gnu/Scrt1.o
 .rela.init_POST_KERNEL90_
                0x00000000000019d0       0x30 /usr/lib/gcc/x86_64-linux-gnu/9/../../../x86_64-linux-gnu/Scrt1.o
 .rela.device_POST_KERNEL90_
                0x0000000000001a00       0x60 /usr/lib/gcc/x86_64-linux-gnu/9/../../../x86_64-linux-gnu/Scrt1.o
 .rela.native_ON_EXIT99_task
                0x0000000000001a60       0x18 /usr/lib/gcc/x86_64-linux-gnu/9/../../../x86_64-linux-gnu/Scrt1.o
 .rela.native_PRE_BOOT_111_task
                0x0000000000001a78       0x18 /usr/lib/gcc/x86_64-linux-gnu/9/../../../x86_64-linux-gnu/Scrt1.o
 .rela.init_PRE_KERNEL_150_
                0x0000000000001a90       0x30 /usr/lib/gcc/x86_64-linux-gnu/9/../../../x86_64-linux-gnu/Scrt1.o
 .rela.device_PRE_KERNEL_150_
                0x0000000000001ac0       0x78 /usr/lib/gcc/x86_64-linux-gnu/9/../../../x86_64-linux-gnu/Scrt1.o
 .rela.init_PRE_KERNEL_130_
                0x0000000000001b38       0x18 /usr/lib/gcc/x86_64-linux-gnu/9/../../../x86_64-linux-gnu/Scrt1.o

.rela.plt       0x0000000000001b50      0x4f8
 *(SORT_BY_ALIGNMENT(.rela.plt))
 .rela.plt      0x0000000000001b50      0x4f8 /usr/lib/gcc/x86_64-linux-gnu/9/../../../x86_64-linux-gnu/Scrt1.o
 *(SORT_BY_ALIGNMENT(.rela.iplt))
                0x0000000000003000                . = ALIGN (CONSTANT (MAXPAGESIZE))

.init           0x0000000000003000       0x1b
 *(SORT_NONE(.init))
 .init          0x0000000000003000       0x16 /usr/lib/gcc/x86_64-linux-gnu/9/../../../x86_64-linux-gnu/crti.o
                0x0000000000003000                _init
 .init          0x0000000000003016        0x5 /usr/lib/gcc/x86_64-linux-gnu/9/../../../x86_64-linux-gnu/crtn.o

.plt            0x0000000000003020      0x360
 *(SORT_BY_ALIGNMENT(.plt))
 .plt           0x0000000000003020      0x360 /usr/lib/gcc/x86_64-linux-gnu/9/../../../x86_64-linux-gnu/Scrt1.o
 *(SORT_BY_ALIGNMENT(.iplt))

.plt.got        0x0000000000003380       0x10
 *(SORT_BY_ALIGNMENT(.plt.got))
 .plt.got       0x0000000000003380       0x10 /usr/lib/gcc/x86_64-linux-gnu/9/../../../x86_64-linux-gnu/Scrt1.o
                0x0000000000003380                __cxa_finalize@@GLIBC_2.2.5

.plt.sec        0x0000000000003390      0x350
 *(SORT_BY_ALIGNMENT(.plt.sec))
 .plt.sec       0x0000000000003390      0x350 /usr/lib/gcc/x86_64-linux-gnu/9/../../../x86_64-linux-gnu/Scrt1.o
                0x0000000000003390                ptsname@@GLIBC_2.2.5
                0x00000000000033a0                __snprintf_chk@@GLIBC_2.3.4
                0x00000000000033b0                free@@GLIBC_2.2.5
                0x00000000000033c0                pthread_create@@GLIBC_2.2.5
                0x00000000000033d0                strcasecmp@@GLIBC_2.2.5
                0x00000000000033e0                pthread_detach@@GLIBC_2.2.5
                0x00000000000033f0                __vfprintf_chk@@GLIBC_2.3.4
                0x0000000000003400                __errno_location@@GLIBC_2.2.5
                0x0000000000003410                pthread_cond_broadcast@@GLIBC_2.3.2
                0x0000000000003420                pthread_cancel@@GLIBC_2.2.5
                0x0000000000003430                isatty@@GLIBC_2.2.5
                0x0000000000003440                sigaction@@GLIBC_2.2.5
                0x0000000000003450                __pthread_register_cancel@@GLIBC_2.3.3
                0x0000000000003460                strtod@@GLIBC_2.2.5
                0x0000000000003470                fcntl@@GLIBC_2.2.5
                0x0000000000003480                clock_gettime@@GLIBC_2.17
                0x0000000000003490                write@@GLIBC_2.2.5
                0x00000000000034a0                pthread_cond_wait@@GLIBC_2.3.2
                0x00000000000034b0                __stack_chk_fail@@GLIBC_2.4
                0x00000000000034c0                system@@GLIBC_2.2.5
                0x00000000000034d0                snprintf@@GLIBC_2.2.5
                0x00000000000034e0                nanosleep@@GLIBC_2.2.5
                0x00000000000034f0                strnlen@@GLIBC_2.2.5
                0x0000000000003500                close@@GLIBC_2.2.5
                0x0000000000003510                read@@GLIBC_2.2.5
                0x0000000000003520                strtoull@@GLIBC_2.2.5
                0x0000000000003530                calloc@@GLIBC_2.2.5
                0x0000000000003540                strcmp@@GLIBC_2.2.5
                0x0000000000003550                strtoll@@GLIBC_2.2.5
                0x0000000000003560                unlockpt@@GLIBC_2.2.5
                0x0000000000003570                __memcpy_chk@@GLIBC_2.3.4
                0x0000000000003580                sigemptyset@@GLIBC_2.2.5
                0x0000000000003590                strtol@@GLIBC_2.2.5
                0x00000000000035a0                pthread_mutex_unlock@@GLIBC_2.2.5
                0x00000000000035b0                pthread_exit@@GLIBC_2.2.5
                0x00000000000035c0                malloc@@GLIBC_2.2.5
                0x00000000000035d0                realloc@@GLIBC_2.2.5
                0x00000000000035e0                setvbuf@@GLIBC_2.2.5
                0x00000000000035f0                pthread_self@@GLIBC_2.2.5
                0x0000000000003600                tcgetattr@@GLIBC_2.2.5
                0x0000000000003610                tcsetattr@@GLIBC_2.2.5
                0x0000000000003620                strtoul@@GLIBC_2.2.5
                0x0000000000003630                grantpt@@GLIBC_2.2.5
                0x0000000000003640                __memset_chk@@GLIBC_2.3.4
                0x0000000000003650                __pthread_unwind_next@@GLIBC_2.3.3
                0x0000000000003660                exit@@GLIBC_2.2.5
                0x0000000000003670                __fprintf_chk@@GLIBC_2.3.4
                0x0000000000003680                __sigsetjmp@@GLIBC_2.2.5
                0x0000000000003690                posix_openpt@@GLIBC_2.2.5
                0x00000000000036a0                sleep@@GLIBC_2.2.5
                0x00000000000036b0                pthread_mutex_lock@@GLIBC_2.2.5
                0x00000000000036c0                __ctype_b_loc@@GLIBC_2.3
                0x00000000000036d0                __sprintf_chk@@GLIBC_2.3.4

.text           0x00000000000036e0     0x683c
 *(SORT_BY_ALIGNMENT(.text.unlikely) SORT_BY_ALIGNMENT(.text.*_unlikely) SORT_BY_ALIGNMENT(.text.unlikely.*))
 *(SORT_BY_ALIGNMENT(.text.exit) SORT_BY_ALIGNMENT(.text.exit.*))
 *(SORT_BY_ALIGNMENT(.text.startup) SORT_BY_ALIGNMENT(.text.startup.*))
 *(SORT_BY_ALIGNMENT(.text.hot) SORT_BY_ALIGNMENT(.text.hot.*))
 *(SORT_BY_NAME(SORT_BY_ALIGNMENT(.text.sorted.*)))
 *(SORT_BY_ALIGNMENT(.text) SORT_BY_ALIGNMENT(.stub) SORT_BY_ALIGNMENT(.text.*) SORT_BY_ALIGNMENT(.gnu.linkonce.t.*))
 .text          0x00000000000036e0       0x2f /usr/lib/gcc/x86_64-linux-gnu/9/../../../x86_64-linux-gnu/Scrt1.o
                0x00000000000036e0                _start
 *fill*         0x000000000000370f        0x1 
 .text          0x0000000000003710       0xb9 /usr/lib/gcc/x86_64-linux-gnu/9/crtbeginS.o
 *fill*         0x00000000000037c9        0x7 
 .text          0x00000000000037d0       0x75 /usr/lib/x86_64-linux-gnu/libc_nonshared.a(elf-init.oS)
                0x00000000000037d0                __libc_csu_init
                0x0000000000003840                __libc_csu_fini
 .text.z_impl_uart_poll_in
                0x0000000000003845        0x6 app/libapp.a(main.c.obj)
 .text.k_msgq_put.constprop.0
                0x000000000000384b        0x5 app/libapp.a(main.c.obj)
 .text.k_usleep.constprop.0
                0x0000000000003850        0xa app/libapp.a(main.c.obj)
 .text.uart_out
                0x000000000000385a      0x11c app/libapp.a(main.c.obj)
                0x000000000000385a                uart_out
 .text.uart_in  0x0000000000003976      0x34f app/libapp.a(main.c.obj)
                0x0000000000003976                uart_in
 .text.validate_hw_compatibility
                0x0000000000003cc5       0x3c app/libapp.a(main.c.obj)
                0x0000000000003cc5                validate_hw_compatibility
 .text.zephyr_app_main
                0x0000000000003d01       0xcd app/libapp.a(main.c.obj)
                0x0000000000003d01                zephyr_app_main
 .text.cbc_mode
                0x0000000000003dce      0x1ee app/libapp.a(main.c.obj)
                0x0000000000003dce                cbc_mode
 .text.processing
                0x0000000000003fbc      0x1fd app/libapp.a(main.c.obj)
                0x0000000000003fbc                processing
 .text.arch_printk_char_out
                0x00000000000041b9        0x7 zephyr/libzephyr.a(printk.c.obj)
                0x00000000000041b9                arch_printk_char_out
 .text.char_out
                0x00000000000041c0        0xf zephyr/libzephyr.a(printk.c.obj)
 .text.__printk_hook_install
                0x00000000000041cf        0xf zephyr/libzephyr.a(printk.c.obj)
                0x00000000000041cf                __printk_hook_install
 .text.vprintk  0x00000000000041de       0x51 zephyr/libzephyr.a(printk.c.obj)
                0x00000000000041de                vprintk
 .text.printk   0x000000000000422f       0xba zephyr/libzephyr.a(printk.c.obj)
                0x000000000000422f                printk
 .text.z_thread_entry
                0x00000000000042e9       0x3d zephyr/libzephyr.a(thread_entry.c.obj)
                0x00000000000042e9                z_thread_entry
 .text.chunk_size
                0x0000000000004326        0x9 zephyr/libzephyr.a(heap.c.obj)
 .text.set_chunk_used
                0x000000000000432f       0x1f zephyr/libzephyr.a(heap.c.obj)
 .text.free_list_add
                0x000000000000434e       0x68 zephyr/libzephyr.a(heap.c.obj)
 .text.sys_heap_init
                0x00000000000043b6       0xae zephyr/libzephyr.a(heap.c.obj)
                0x00000000000043b6                sys_heap_init
 .text.outs     0x0000000000004464       0x51 zephyr/libzephyr.a(cbprintf_complete.c.obj)
 .text.extract_decimal
                0x00000000000044b5       0x37 zephyr/libzephyr.a(cbprintf_complete.c.obj)
 .text.encode_uint
                0x00000000000044ec       0xad zephyr/libzephyr.a(cbprintf_complete.c.obj)
 .text.cbvprintf
                0x0000000000004599      0xa36 zephyr/libzephyr.a(cbprintf_complete.c.obj)
                0x0000000000004599                cbvprintf
 .text._ConfigAbsSyms
                0x0000000000004fcf        0x5 zephyr/libzephyr.a(configs.c.obj)
                0x0000000000004fcf                _ConfigAbsSyms
 .text.uart_console_init
                0x0000000000004fd4       0x28 zephyr/libzephyr.a(uart_console.c.obj)
 .text.console_out
                0x0000000000004ffc       0x39 zephyr/libzephyr.a(uart_console.c.obj)
 .text.native_posix_console_init
                0x0000000000005035       0x4b zephyr/libzephyr.a(native_posix_console.c.obj)
 .text.np_timer_isr
                0x0000000000005080       0x39 zephyr/libzephyr.a(native_posix_timer.c.obj)
 .text.sys_clock_driver_init
                0x00000000000050b9       0x53 zephyr/libzephyr.a(native_posix_timer.c.obj)
                0x00000000000050b9                sys_clock_driver_init
 .text.sys_clock_set_timeout
                0x000000000000510c       0x27 zephyr/libzephyr.a(native_posix_timer.c.obj)
                0x000000000000510c                sys_clock_set_timeout
 .text.sys_clock_elapsed
                0x0000000000005133       0x1c zephyr/libzephyr.a(native_posix_timer.c.obj)
                0x0000000000005133                sys_clock_elapsed
 .text._copy    0x000000000000514f       0x19 zephyr/libzephyr.a(utils.c.obj)
                0x000000000000514f                _copy
 .text._set     0x0000000000005168        0xb zephyr/libzephyr.a(utils.c.obj)
                0x0000000000005168                _set
 .text._double_byte
                0x0000000000005173       0x13 zephyr/libzephyr.a(utils.c.obj)
                0x0000000000005173                _double_byte
 .text._compare
                0x0000000000005186       0x27 zephyr/libzephyr.a(utils.c.obj)
                0x0000000000005186                _compare
 .text.add_round_key
                0x00000000000051ad       0x65 zephyr/libzephyr.a(aes_decrypt.c.obj)
 .text.inv_shift_rows
                0x0000000000005212       0xb1 zephyr/libzephyr.a(aes_decrypt.c.obj)
 .text.mult_row_column
                0x00000000000052c3      0x3b0 zephyr/libzephyr.a(aes_decrypt.c.obj)
 .text.tc_aes_decrypt
                0x0000000000005673      0x185 zephyr/libzephyr.a(aes_decrypt.c.obj)
                0x0000000000005673                tc_aes_decrypt
 .text.add_round_key
                0x00000000000057f8       0x65 zephyr/libzephyr.a(aes_encrypt.c.obj)
 .text.shift_rows
                0x000000000000585d       0xb1 zephyr/libzephyr.a(aes_encrypt.c.obj)
 .text.mult_row_column
                0x000000000000590e       0xba zephyr/libzephyr.a(aes_encrypt.c.obj)
 .text.tc_aes128_set_encrypt_key
                0x00000000000059c8      0x103 zephyr/libzephyr.a(aes_encrypt.c.obj)
                0x00000000000059c8                tc_aes128_set_encrypt_key
 .text.tc_aes_encrypt
                0x0000000000005acb      0x184 zephyr/libzephyr.a(aes_encrypt.c.obj)
                0x0000000000005acb                tc_aes_encrypt
 .text.tc_cbc_mode_encrypt
                0x0000000000005c4f      0x129 zephyr/libzephyr.a(cbc_mode.c.obj)
                0x0000000000005c4f                tc_cbc_mode_encrypt
 .text.tc_cbc_mode_decrypt
                0x0000000000005d78       0xca zephyr/libzephyr.a(cbc_mode.c.obj)
                0x0000000000005d78                tc_cbc_mode_decrypt
 .text.tc_ctr_mode
                0x0000000000005e42      0x125 zephyr/libzephyr.a(ctr_mode.c.obj)
                0x0000000000005e42                tc_ctr_mode
 .text.ccm_cbc_mac
                0x0000000000005f67       0x6a zephyr/libzephyr.a(ccm_mode.c.obj)
 .text.ccm_ctr_mode.constprop.0
                0x0000000000005fd1      0x129 zephyr/libzephyr.a(ccm_mode.c.obj)
 .text.tc_ccm_config
                0x00000000000060fa       0x4a zephyr/libzephyr.a(ccm_mode.c.obj)
                0x00000000000060fa                tc_ccm_config
 .text.tc_ccm_generation_encryption
                0x0000000000006144      0x1b6 zephyr/libzephyr.a(ccm_mode.c.obj)
                0x0000000000006144                tc_ccm_generation_encryption
 .text.tc_ccm_decryption_verification
                0x00000000000062fa      0x1fe zephyr/libzephyr.a(ccm_mode.c.obj)
                0x00000000000062fa                tc_ccm_decryption_verification
 .text.arch_cpu_idle
                0x00000000000064f8       0x10 zephyr/arch/arch/posix/core/libarch__posix__core.a(cpuhalt.c.obj)
                0x00000000000064f8                arch_cpu_idle
 .text.arch_irq_enable
                0x0000000000006508        0x9 zephyr/arch/arch/posix/core/libarch__posix__core.a(irq.c.obj)
                0x0000000000006508                arch_irq_enable
 .text.pc_safe_call
                0x0000000000006511       0x13 zephyr/arch/arch/posix/core/libarch__posix__core.a(posix_core.c.obj)
 .text.posix_preexit_cleanup
                0x0000000000006524       0x29 zephyr/arch/arch/posix/core/libarch__posix__core.a(posix_core.c.obj)
 .text.abort_tail
                0x000000000000654d       0x27 zephyr/arch/arch/posix/core/libarch__posix__core.a(posix_core.c.obj)
 .text.posix_wait_until_allowed
                0x0000000000006574       0x62 zephyr/arch/arch/posix/core/libarch__posix__core.a(posix_core.c.obj)
 .text.posix_cleanup_handler
                0x00000000000065d6       0x37 zephyr/arch/arch/posix/core/libarch__posix__core.a(posix_core.c.obj)
 .text.posix_thread_starter
                0x000000000000660d       0xbf zephyr/arch/arch/posix/core/libarch__posix__core.a(posix_core.c.obj)
 .text.posix_swap
                0x00000000000066cc       0x47 zephyr/arch/arch/posix/core/libarch__posix__core.a(posix_core.c.obj)
                0x00000000000066cc                posix_swap
 .text.posix_main_thread_start
                0x0000000000006713       0x31 zephyr/arch/arch/posix/core/libarch__posix__core.a(posix_core.c.obj)
                0x0000000000006713                posix_main_thread_start
 .text.posix_new_thread
                0x0000000000006744       0xda zephyr/arch/arch/posix/core/libarch__posix__core.a(posix_core.c.obj)
                0x0000000000006744                posix_new_thread
 .text.posix_init_multithreading
                0x000000000000681e       0x65 zephyr/arch/arch/posix/core/libarch__posix__core.a(posix_core.c.obj)
                0x000000000000681e                posix_init_multithreading
 .text.posix_core_clean_up
                0x0000000000006883       0x71 zephyr/arch/arch/posix/core/libarch__posix__core.a(posix_core.c.obj)
                0x0000000000006883                posix_core_clean_up
 .text.posix_abort_thread
                0x00000000000068f4       0x1e zephyr/arch/arch/posix/core/libarch__posix__core.a(posix_core.c.obj)
                0x00000000000068f4                posix_abort_thread
 .text.z_impl_k_thread_abort
                0x0000000000006912       0x8b zephyr/arch/arch/posix/core/libarch__posix__core.a(posix_core.c.obj)
                0x0000000000006912                z_impl_k_thread_abort
 .text.arch_swap
                0x000000000000699d       0x4a zephyr/arch/arch/posix/core/libarch__posix__core.a(swap.c.obj)
                0x000000000000699d                arch_swap
 .text.arch_switch_to_main_thread
                0x00000000000069e7       0x1f zephyr/arch/arch/posix/core/libarch__posix__core.a(swap.c.obj)
                0x00000000000069e7                arch_switch_to_main_thread
 .text.arch_new_thread
                0x0000000000006a06       0x30 zephyr/arch/arch/posix/core/libarch__posix__core.a(thread.c.obj)
                0x0000000000006a06                arch_new_thread
 .text.posix_new_thread_pre_start
                0x0000000000006a36        0x9 zephyr/arch/arch/posix/core/libarch__posix__core.a(thread.c.obj)
                0x0000000000006a36                posix_new_thread_pre_start
 .text.pc_safe_call
                0x0000000000006a3f       0x13 zephyr/soc/posix/inf_clock/libsoc__posix__inf_clock.a(soc.c.obj)
 .text.zephyr_wrapper
                0x0000000000006a52       0x45 zephyr/soc/posix/inf_clock/libsoc__posix__inf_clock.a(soc.c.obj)
 .text.posix_is_cpu_running
                0x0000000000006a97       0x11 zephyr/soc/posix/inf_clock/libsoc__posix__inf_clock.a(soc.c.obj)
                0x0000000000006a97                posix_is_cpu_running
 .text.posix_change_cpu_state_and_wait
                0x0000000000006aa8       0x83 zephyr/soc/posix/inf_clock/libsoc__posix__inf_clock.a(soc.c.obj)
                0x0000000000006aa8                posix_change_cpu_state_and_wait
 .text.posix_interrupt_raised
                0x0000000000006b2b       0x1f zephyr/soc/posix/inf_clock/libsoc__posix__inf_clock.a(soc.c.obj)
                0x0000000000006b2b                posix_interrupt_raised
 .text.posix_halt_cpu
                0x0000000000006b4a       0x15 zephyr/soc/posix/inf_clock/libsoc__posix__inf_clock.a(soc.c.obj)
                0x0000000000006b4a                posix_halt_cpu
 .text.posix_boot_cpu
                0x0000000000006b5f       0xc1 zephyr/soc/posix/inf_clock/libsoc__posix__inf_clock.a(soc.c.obj)
                0x0000000000006b5f                posix_boot_cpu
 .text.run_native_tasks
                0x0000000000006c20       0x3a zephyr/soc/posix/inf_clock/libsoc__posix__inf_clock.a(soc.c.obj)
                0x0000000000006c20                run_native_tasks
 .text.posix_soc_clean_up
                0x0000000000006c5a       0x91 zephyr/soc/posix/inf_clock/libsoc__posix__inf_clock.a(soc.c.obj)
                0x0000000000006c5a                posix_soc_clean_up
 .text.hwm_signal_end_handler
                0x0000000000006ceb        0xf zephyr/boards/posix/native_posix/libboards__posix__native_posix.a(hw_models_top.c.obj)
                0x0000000000006ceb                hwm_signal_end_handler
 .text.hwm_set_sig_handler
                0x0000000000006cfa       0xcc zephyr/boards/posix/native_posix/libboards__posix__native_posix.a(hw_models_top.c.obj)
                0x0000000000006cfa                hwm_set_sig_handler
 .text.hwm_find_next_timer
                0x0000000000006dc6       0x64 zephyr/boards/posix/native_posix/libboards__posix__native_posix.a(hw_models_top.c.obj)
                0x0000000000006dc6                hwm_find_next_timer
 .text.hwm_main_loop
                0x0000000000006e2a       0xc9 zephyr/boards/posix/native_posix/libboards__posix__native_posix.a(hw_models_top.c.obj)
                0x0000000000006e2a                hwm_main_loop
 .text.hwm_set_end_of_time
                0x0000000000006ef3        0xc zephyr/boards/posix/native_posix/libboards__posix__native_posix.a(hw_models_top.c.obj)
                0x0000000000006ef3                hwm_set_end_of_time
 .text.hwm_get_time
                0x0000000000006eff        0xc zephyr/boards/posix/native_posix/libboards__posix__native_posix.a(hw_models_top.c.obj)
                0x0000000000006eff                hwm_get_time
 .text.hwm_init
                0x0000000000006f0b       0x1f zephyr/boards/posix/native_posix/libboards__posix__native_posix.a(hw_models_top.c.obj)
                0x0000000000006f0b                hwm_init
 .text.hwm_cleanup
                0x0000000000006f2a       0x10 zephyr/boards/posix/native_posix/libboards__posix__native_posix.a(hw_models_top.c.obj)
                0x0000000000006f2a                hwm_cleanup
 .text.hwtimer_update_timer
                0x0000000000006f3a       0x23 zephyr/boards/posix/native_posix/libboards__posix__native_posix.a(timer_model.c.obj)
 .text.native_add_time_options
                0x0000000000006f5d       0x10 zephyr/boards/posix/native_posix/libboards__posix__native_posix.a(timer_model.c.obj)
 .text.cmd_stop_at_found
                0x0000000000006f6d       0x5c zephyr/boards/posix/native_posix/libboards__posix__native_posix.a(timer_model.c.obj)
 .text.hwtimer_set_real_time_mode
                0x0000000000006fc9        0xc zephyr/boards/posix/native_posix/libboards__posix__native_posix.a(timer_model.c.obj)
                0x0000000000006fc9                hwtimer_set_real_time_mode
 .text.cmd_no_realtime_found
                0x0000000000006fd5        0xb zephyr/boards/posix/native_posix/libboards__posix__native_posix.a(timer_model.c.obj)
 .text.cmd_realtime_found
                0x0000000000006fe0        0xe zephyr/boards/posix/native_posix/libboards__posix__native_posix.a(timer_model.c.obj)
 .text.get_host_us_time
                0x0000000000006fee       0xaa zephyr/boards/posix/native_posix/libboards__posix__native_posix.a(timer_model.c.obj)
                0x0000000000006fee                get_host_us_time
 .text.hwtimer_init
                0x0000000000007098      0x103 zephyr/boards/posix/native_posix/libboards__posix__native_posix.a(timer_model.c.obj)
                0x0000000000007098                hwtimer_init
 .text.hwtimer_cleanup
                0x000000000000719b        0x5 zephyr/boards/posix/native_posix/libboards__posix__native_posix.a(timer_model.c.obj)
                0x000000000000719b                hwtimer_cleanup
 .text.hwtimer_enable
                0x00000000000071a0       0x2d zephyr/boards/posix/native_posix/libboards__posix__native_posix.a(timer_model.c.obj)
                0x00000000000071a0                hwtimer_enable
 .text.hwtimer_timer_reached
                0x00000000000071cd      0x185 zephyr/boards/posix/native_posix/libboards__posix__native_posix.a(timer_model.c.obj)
                0x00000000000071cd                hwtimer_timer_reached
 .text.hwtimer_set_silent_ticks
                0x0000000000007352        0xc zephyr/boards/posix/native_posix/libboards__posix__native_posix.a(timer_model.c.obj)
                0x0000000000007352                hwtimer_set_silent_ticks
 .text.hwtimer_reset_rtc
                0x000000000000735e        0xc zephyr/boards/posix/native_posix/libboards__posix__native_posix.a(timer_model.c.obj)
                0x000000000000735e                hwtimer_reset_rtc
 .text.cmd_rtcreset_found
                0x000000000000736a        0x9 zephyr/boards/posix/native_posix/libboards__posix__native_posix.a(timer_model.c.obj)
 .text.hwtimer_set_rtc_offset
                0x0000000000007373        0xc zephyr/boards/posix/native_posix/libboards__posix__native_posix.a(timer_model.c.obj)
                0x0000000000007373                hwtimer_set_rtc_offset
 .text.cmd_rtcoffset_found
                0x000000000000737f       0x1e zephyr/boards/posix/native_posix/libboards__posix__native_posix.a(timer_model.c.obj)
 .text.hwtimer_set_rt_ratio
                0x000000000000739d        0xd zephyr/boards/posix/native_posix/libboards__posix__native_posix.a(timer_model.c.obj)
                0x000000000000739d                hwtimer_set_rt_ratio
 .text.cmd_rt_ratio_found
                0x00000000000073aa       0x38 zephyr/boards/posix/native_posix/libboards__posix__native_posix.a(timer_model.c.obj)
 .text.cmd_rt_drift_found
                0x00000000000073e2       0x43 zephyr/boards/posix/native_posix/libboards__posix__native_posix.a(timer_model.c.obj)
 .text.posix_irq_handler
                0x0000000000007425      0x108 zephyr/boards/posix/native_posix/libboards__posix__native_posix.a(irq_handler.c.obj)
                0x0000000000007425                posix_irq_handler
 .text.posix_irq_handler_im_from_sw
                0x000000000000752d       0x32 zephyr/boards/posix/native_posix/libboards__posix__native_posix.a(irq_handler.c.obj)
                0x000000000000752d                posix_irq_handler_im_from_sw
 .text.posix_irq_lock
                0x000000000000755f        0xe zephyr/boards/posix/native_posix/libboards__posix__native_posix.a(irq_handler.c.obj)
                0x000000000000755f                posix_irq_lock
 .text.posix_irq_unlock
                0x000000000000756d        0x9 zephyr/boards/posix/native_posix/libboards__posix__native_posix.a(irq_handler.c.obj)
                0x000000000000756d                posix_irq_unlock
 .text.posix_irq_full_unlock
                0x0000000000007576        0xb zephyr/boards/posix/native_posix/libboards__posix__native_posix.a(irq_handler.c.obj)
                0x0000000000007576                posix_irq_full_unlock
 .text.posix_irq_enable
                0x0000000000007581        0x9 zephyr/boards/posix/native_posix/libboards__posix__native_posix.a(irq_handler.c.obj)
                0x0000000000007581                posix_irq_enable
 .text.posix_isr_declare
                0x000000000000758a       0x25 zephyr/boards/posix/native_posix/libboards__posix__native_posix.a(irq_handler.c.obj)
                0x000000000000758a                posix_isr_declare
 .text.posix_irq_priority_set
                0x00000000000075af        0x9 zephyr/boards/posix/native_posix/libboards__posix__native_posix.a(irq_handler.c.obj)
                0x00000000000075af                posix_irq_priority_set
 .text.irq_raising_from_hw_now
                0x00000000000075b8       0x1f zephyr/boards/posix/native_posix/libboards__posix__native_posix.a(irq_ctrl.c.obj)
 .text.hw_irq_ctrl_irq_raise_prefix
                0x00000000000075d7       0x40 zephyr/boards/posix/native_posix/libboards__posix__native_posix.a(irq_ctrl.c.obj)
 .text.hw_irq_ctrl_init
                0x0000000000007617       0x3f zephyr/boards/posix/native_posix/libboards__posix__native_posix.a(irq_ctrl.c.obj)
                0x0000000000007617                hw_irq_ctrl_init
 .text.hw_irq_ctrl_cleanup
                0x0000000000007656        0x5 zephyr/boards/posix/native_posix/libboards__posix__native_posix.a(irq_ctrl.c.obj)
                0x0000000000007656                hw_irq_ctrl_cleanup
 .text.hw_irq_ctrl_set_cur_prio
                0x000000000000765b        0xb zephyr/boards/posix/native_posix/libboards__posix__native_posix.a(irq_ctrl.c.obj)
                0x000000000000765b                hw_irq_ctrl_set_cur_prio
 .text.hw_irq_ctrl_get_cur_prio
                0x0000000000007666        0xb zephyr/boards/posix/native_posix/libboards__posix__native_posix.a(irq_ctrl.c.obj)
                0x0000000000007666                hw_irq_ctrl_get_cur_prio
 .text.hw_irq_ctrl_prio_set
                0x0000000000007671       0x12 zephyr/boards/posix/native_posix/libboards__posix__native_posix.a(irq_ctrl.c.obj)
                0x0000000000007671                hw_irq_ctrl_prio_set
 .text.hw_irq_ctrl_get_prio
                0x0000000000007683       0x11 zephyr/boards/posix/native_posix/libboards__posix__native_posix.a(irq_ctrl.c.obj)
                0x0000000000007683                hw_irq_ctrl_get_prio
 .text.hw_irq_ctrl_get_current_lock
                0x0000000000007694        0xc zephyr/boards/posix/native_posix/libboards__posix__native_posix.a(irq_ctrl.c.obj)
                0x0000000000007694                hw_irq_ctrl_get_current_lock
 .text.hw_irq_ctrl_change_lock
                0x00000000000076a0       0x33 zephyr/boards/posix/native_posix/libboards__posix__native_posix.a(irq_ctrl.c.obj)
                0x00000000000076a0                hw_irq_ctrl_change_lock
 .text.hw_irq_ctrl_get_irq_status
                0x00000000000076d3        0xc zephyr/boards/posix/native_posix/libboards__posix__native_posix.a(irq_ctrl.c.obj)
                0x00000000000076d3                hw_irq_ctrl_get_irq_status
 .text.hw_irq_ctrl_get_highest_prio_irq
                0x00000000000076df       0x6f zephyr/boards/posix/native_posix/libboards__posix__native_posix.a(irq_ctrl.c.obj)
                0x00000000000076df                hw_irq_ctrl_get_highest_prio_irq
 .text.hw_irq_ctrl_clear_irq
                0x000000000000774e       0x1f zephyr/boards/posix/native_posix/libboards__posix__native_posix.a(irq_ctrl.c.obj)
                0x000000000000774e                hw_irq_ctrl_clear_irq
 .text.hw_irq_ctrl_set_irq
                0x000000000000776d       0x33 zephyr/boards/posix/native_posix/libboards__posix__native_posix.a(irq_ctrl.c.obj)
                0x000000000000776d                hw_irq_ctrl_set_irq
 .text.hw_irq_ctrl_raise_im_from_sw
                0x00000000000077a0       0x1b zephyr/boards/posix/native_posix/libboards__posix__native_posix.a(irq_ctrl.c.obj)
                0x00000000000077a0                hw_irq_ctrl_raise_im_from_sw
 .text.hw_irq_ctrl_enable_irq
                0x00000000000077bb       0x28 zephyr/boards/posix/native_posix/libboards__posix__native_posix.a(irq_ctrl.c.obj)
                0x00000000000077bb                hw_irq_ctrl_enable_irq
 .text.hw_irq_ctrl_timer_triggered
                0x00000000000077e3       0x17 zephyr/boards/posix/native_posix/libboards__posix__native_posix.a(irq_ctrl.c.obj)
                0x00000000000077e3                hw_irq_ctrl_timer_triggered
 .text.posix_exit
                0x00000000000077fa       0x32 zephyr/boards/posix/native_posix/libboards__posix__native_posix.a(main.c.obj)
                0x00000000000077fa                posix_exit
 .text.main     0x000000000000782c       0x5b zephyr/boards/posix/native_posix/libboards__posix__native_posix.a(main.c.obj)
                0x000000000000782c                main
 .text.trace_disable_color
                0x0000000000007887       0x10 zephyr/boards/posix/native_posix/libboards__posix__native_posix.a(tracing.c.obj)
                0x0000000000007887                trace_disable_color
 .text.trace_enable_color
                0x0000000000007897       0x10 zephyr/boards/posix/native_posix/libboards__posix__native_posix.a(tracing.c.obj)
                0x0000000000007897                trace_enable_color
 .text.trace_force_color
                0x00000000000078a7       0x16 zephyr/boards/posix/native_posix/libboards__posix__native_posix.a(tracing.c.obj)
                0x00000000000078a7                trace_force_color
 .text.decide_about_color
                0x00000000000078bd       0x39 zephyr/boards/posix/native_posix/libboards__posix__native_posix.a(tracing.c.obj)
 .text.posix_print_error_and_exit
                0x00000000000078f6       0xd9 zephyr/boards/posix/native_posix/libboards__posix__native_posix.a(tracing.c.obj)
                0x00000000000078f6                posix_print_error_and_exit
 .text.posix_print_warning
                0x00000000000079cf       0xcf zephyr/boards/posix/native_posix/libboards__posix__native_posix.a(tracing.c.obj)
                0x00000000000079cf                posix_print_warning
 .text.posix_print_trace
                0x0000000000007a9e       0xcf zephyr/boards/posix/native_posix/libboards__posix__native_posix.a(tracing.c.obj)
                0x0000000000007a9e                posix_print_trace
 .text.native_add_tracing_options
                0x0000000000007b6d       0x10 zephyr/boards/posix/native_posix/libboards__posix__native_posix.a(tracing.c.obj)
                0x0000000000007b6d                native_add_tracing_options
 .text.cmd_gen_switch_syntax.constprop.0
                0x0000000000007b7d       0xe4 zephyr/boards/posix/native_posix/libboards__posix__native_posix.a(cmdline_common.c.obj)
 .text.cmd_is_option
                0x0000000000007c61       0xae zephyr/boards/posix/native_posix/libboards__posix__native_posix.a(cmdline_common.c.obj)
                0x0000000000007c61                cmd_is_option
 .text.cmd_is_help_option
                0x0000000000007d0f       0x6d zephyr/boards/posix/native_posix/libboards__posix__native_posix.a(cmdline_common.c.obj)
                0x0000000000007d0f                cmd_is_help_option
 .text.cmd_read_option_value
                0x0000000000007d7c      0x192 zephyr/boards/posix/native_posix/libboards__posix__native_posix.a(cmdline_common.c.obj)
                0x0000000000007d7c                cmd_read_option_value
 .text.cmd_args_set_defaults
                0x0000000000007f0e       0xc5 zephyr/boards/posix/native_posix/libboards__posix__native_posix.a(cmdline_common.c.obj)
                0x0000000000007f0e                cmd_args_set_defaults
 .text.cmd_print_switches_help
                0x0000000000007fd3      0x10a zephyr/boards/posix/native_posix/libboards__posix__native_posix.a(cmdline_common.c.obj)
                0x0000000000007fd3                cmd_print_switches_help
 .text.cmd_print_long_help
                0x00000000000080dd      0x191 zephyr/boards/posix/native_posix/libboards__posix__native_posix.a(cmdline_common.c.obj)
                0x00000000000080dd                cmd_print_long_help
 .text.cmd_parse_one_arg
                0x000000000000826e       0xc3 zephyr/boards/posix/native_posix/libboards__posix__native_posix.a(cmdline_common.c.obj)
                0x000000000000826e                cmd_parse_one_arg
 .text.native_cleanup_cmd_line
                0x0000000000008331       0x24 zephyr/boards/posix/native_posix/libboards__posix__native_posix.a(cmdline.c.obj)
                0x0000000000008331                native_cleanup_cmd_line
 .text.native_add_command_line_opts
                0x0000000000008355       0xa7 zephyr/boards/posix/native_posix/libboards__posix__native_posix.a(cmdline.c.obj)
                0x0000000000008355                native_add_command_line_opts
 .text.native_add_testargs_option
                0x00000000000083fc       0x10 zephyr/boards/posix/native_posix/libboards__posix__native_posix.a(cmdline.c.obj)
                0x00000000000083fc                native_add_testargs_option
 .text.native_handle_cmd_line
                0x000000000000840c       0xbb zephyr/boards/posix/native_posix/libboards__posix__native_posix.a(cmdline.c.obj)
                0x000000000000840c                native_handle_cmd_line
 .text.hw_counter_init
                0x00000000000084c7       0x3b zephyr/boards/posix/native_posix/libboards__posix__native_posix.a(hw_counter.c.obj)
                0x00000000000084c7                hw_counter_init
 .text.hw_counter_triggered
                0x0000000000008502       0x54 zephyr/boards/posix/native_posix/libboards__posix__native_posix.a(hw_counter.c.obj)
                0x0000000000008502                hw_counter_triggered
 .text.tc_query_caps
                0x0000000000008556        0xa zephyr/drivers/crypto/libdrivers__crypto.a(crypto_tc_shim.c.obj)
 .text.tc_shim_init
                0x0000000000008560       0x1b zephyr/drivers/crypto/libdrivers__crypto.a(crypto_tc_shim.c.obj)
 .text.tc_session_free
                0x000000000000857b       0x15 zephyr/drivers/crypto/libdrivers__crypto.a(crypto_tc_shim.c.obj)
 .text.tc_session_setup
                0x0000000000008590      0x10d zephyr/drivers/crypto/libdrivers__crypto.a(crypto_tc_shim.c.obj)
 .text.do_ccm_decrypt_auth
                0x000000000000869d       0xbc zephyr/drivers/crypto/libdrivers__crypto.a(crypto_tc_shim.c.obj)
 .text.do_cbc_decrypt
                0x0000000000008759       0x49 zephyr/drivers/crypto/libdrivers__crypto.a(crypto_tc_shim.c.obj)
 .text.do_ccm_encrypt_mac
                0x00000000000087a2       0xb0 zephyr/drivers/crypto/libdrivers__crypto.a(crypto_tc_shim.c.obj)
 .text.do_ctr_op
                0x0000000000008852       0x97 zephyr/drivers/crypto/libdrivers__crypto.a(crypto_tc_shim.c.obj)
 .text.do_cbc_encrypt
                0x00000000000088e9       0x3c zephyr/drivers/crypto/libdrivers__crypto.a(crypto_tc_shim.c.obj)
 .text.np_uart_tty_poll_in
                0x0000000000008925       0x22 zephyr/drivers/serial/libdrivers__serial.a(uart_native_posix.c.obj)
 .text.np_cleanup_uart
                0x0000000000008947       0x14 zephyr/drivers/serial/libdrivers__serial.a(uart_native_posix.c.obj)
 .text.np_add_uart_options
                0x000000000000895b       0x10 zephyr/drivers/serial/libdrivers__serial.a(uart_native_posix.c.obj)
 .text.np_uart_0_init
                0x000000000000896b      0x2db zephyr/drivers/serial/libdrivers__serial.a(uart_native_posix.c.obj)
 .text.np_uart_poll_out
                0x0000000000008c46       0x27 zephyr/drivers/serial/libdrivers__serial.a(uart_native_posix.c.obj)
 .text.z_device_state_init
                0x0000000000008c6d        0x5 zephyr/kernel/libkernel.a(device.c.obj)
                0x0000000000008c6d                z_device_state_init
 .text.z_sys_init_run_level
                0x0000000000008c72       0x68 zephyr/kernel/libkernel.a(device.c.obj)
                0x0000000000008c72                z_sys_init_run_level
 .text.z_device_ready
                0x0000000000008cda       0x16 zephyr/kernel/libkernel.a(device.c.obj)
                0x0000000000008cda                z_device_ready
 .text.z_impl_device_get_binding
                0x0000000000008cf0       0x7b zephyr/kernel/libkernel.a(device.c.obj)
                0x0000000000008cf0                z_impl_device_get_binding
 .text.bg_thread_main
                0x0000000000008d6b       0x3f zephyr/kernel/libkernel.a(init.c.obj)
 .text.z_cstart
                0x0000000000008daa      0x12c zephyr/kernel/libkernel.a(init.c.obj)
                0x0000000000008daa                z_cstart
 .text.z_impl_k_msgq_put
                0x0000000000008ed6       0xf7 zephyr/kernel/libkernel.a(msg_q.c.obj)
                0x0000000000008ed6                z_impl_k_msgq_put
 .text.z_impl_k_msgq_get
                0x0000000000008fcd      0x11b zephyr/kernel/libkernel.a(msg_q.c.obj)
                0x0000000000008fcd                z_impl_k_msgq_get
 .text.z_sched_prio_cmp
                0x00000000000090e8       0x17 zephyr/kernel/libkernel.a(sched.c.obj)
                0x00000000000090e8                z_sched_prio_cmp
 .text.z_reset_time_slice
                0x00000000000090ff       0x2e zephyr/kernel/libkernel.a(sched.c.obj)
                0x00000000000090ff                z_reset_time_slice
 .text.k_sched_time_slice_set
                0x000000000000912d       0x76 zephyr/kernel/libkernel.a(sched.c.obj)
                0x000000000000912d                k_sched_time_slice_set
 .text.z_reschedule
                0x00000000000091a3       0x29 zephyr/kernel/libkernel.a(sched.c.obj)
                0x00000000000091a3                z_reschedule
 .text.z_reschedule_irqlock
                0x00000000000091cc       0x1d zephyr/kernel/libkernel.a(sched.c.obj)
                0x00000000000091cc                z_reschedule_irqlock
 .text.z_reschedule_unlocked
                0x00000000000091e9        0xe zephyr/kernel/libkernel.a(sched.c.obj)
 .text.k_sched_lock
                0x00000000000091f7       0x20 zephyr/kernel/libkernel.a(sched.c.obj)
                0x00000000000091f7                k_sched_lock
 .text.z_priq_dumb_remove
                0x0000000000009217       0x22 zephyr/kernel/libkernel.a(sched.c.obj)
                0x0000000000009217                z_priq_dumb_remove
 .text.unpend_thread_no_timeout
                0x0000000000009239       0x1e zephyr/kernel/libkernel.a(sched.c.obj)
 .text.z_priq_dumb_best
                0x0000000000009257       0x14 zephyr/kernel/libkernel.a(sched.c.obj)
                0x0000000000009257                z_priq_dumb_best
 .text.update_cache
                0x000000000000926b       0x52 zephyr/kernel/libkernel.a(sched.c.obj)
 .text.unready_thread
                0x00000000000092bd       0x38 zephyr/kernel/libkernel.a(sched.c.obj)
 .text.add_to_waitq_locked
                0x00000000000092f5       0x77 zephyr/kernel/libkernel.a(sched.c.obj)
 .text.pend     0x000000000000936c       0x54 zephyr/kernel/libkernel.a(sched.c.obj)
 .text.z_pend_curr
                0x00000000000093c0       0x25 zephyr/kernel/libkernel.a(sched.c.obj)
                0x00000000000093c0                z_pend_curr
 .text.z_tick_sleep.part.0
                0x00000000000093e5       0x70 zephyr/kernel/libkernel.a(sched.c.obj)
 .text.z_impl_k_thread_suspend
                0x0000000000009455       0x6b zephyr/kernel/libkernel.a(sched.c.obj)
                0x0000000000009455                z_impl_k_thread_suspend
 .text.k_sched_unlock
                0x00000000000094c0       0x2e zephyr/kernel/libkernel.a(sched.c.obj)
                0x00000000000094c0                k_sched_unlock
 .text.move_thread_to_end_of_prio_q
                0x00000000000094ee       0xa2 zephyr/kernel/libkernel.a(sched.c.obj)
 .text.z_time_slice
                0x0000000000009590       0x71 zephyr/kernel/libkernel.a(sched.c.obj)
                0x0000000000009590                z_time_slice
 .text.ready_thread
                0x0000000000009601       0xa1 zephyr/kernel/libkernel.a(sched.c.obj)
 .text.z_ready_thread
                0x00000000000096a2       0x2b zephyr/kernel/libkernel.a(sched.c.obj)
                0x00000000000096a2                z_ready_thread
 .text.z_sched_start
                0x00000000000096cd       0x51 zephyr/kernel/libkernel.a(sched.c.obj)
                0x00000000000096cd                z_sched_start
 .text.z_thread_timeout
                0x000000000000971e       0x42 zephyr/kernel/libkernel.a(sched.c.obj)
                0x000000000000971e                z_thread_timeout
 .text.z_unpend_first_thread
                0x0000000000009760       0x4d zephyr/kernel/libkernel.a(sched.c.obj)
                0x0000000000009760                z_unpend_first_thread
 .text.z_sched_init
                0x00000000000097ad       0x20 zephyr/kernel/libkernel.a(sched.c.obj)
                0x00000000000097ad                z_sched_init
 .text.z_impl_k_yield
                0x00000000000097cd       0xc4 zephyr/kernel/libkernel.a(sched.c.obj)
                0x00000000000097cd                z_impl_k_yield
 .text.z_impl_k_sleep
                0x0000000000009891       0x38 zephyr/kernel/libkernel.a(sched.c.obj)
                0x0000000000009891                z_impl_k_sleep
 .text.z_impl_k_usleep
                0x00000000000098c9       0x39 zephyr/kernel/libkernel.a(sched.c.obj)
                0x00000000000098c9                z_impl_k_usleep
 .text.z_impl_k_current_get
                0x0000000000009902       0x10 zephyr/kernel/libkernel.a(sched.c.obj)
                0x0000000000009902                z_impl_k_current_get
 .text.z_thread_abort
                0x0000000000009912       0xcb zephyr/kernel/libkernel.a(sched.c.obj)
                0x0000000000009912                z_thread_abort
 .text.z_impl_k_thread_start
                0x00000000000099dd        0x9 zephyr/kernel/libkernel.a(thread.c.obj)
                0x00000000000099dd                z_impl_k_thread_start
 .text.z_init_thread_base
                0x00000000000099e6       0x2b zephyr/kernel/libkernel.a(thread.c.obj)
                0x00000000000099e6                z_init_thread_base
 .text.z_setup_new_thread
                0x0000000000009a11       0x9c zephyr/kernel/libkernel.a(thread.c.obj)
                0x0000000000009a11                z_setup_new_thread
 .text.z_init_static_threads
                0x0000000000009aad       0xb5 zephyr/kernel/libkernel.a(thread.c.obj)
                0x0000000000009aad                z_init_static_threads
 .text.boot_banner
                0x0000000000009b62       0x20 zephyr/kernel/libkernel.a(banner.c.obj)
                0x0000000000009b62                boot_banner
 .text.elapsed  0x0000000000009b82       0x11 zephyr/kernel/libkernel.a(timeout.c.obj)
 .text.remove_timeout
                0x0000000000009b93       0x39 zephyr/kernel/libkernel.a(timeout.c.obj)
 .text.next_timeout
                0x0000000000009bcc       0x5d zephyr/kernel/libkernel.a(timeout.c.obj)
 .text.z_add_timeout
                0x0000000000009c29      0x11c zephyr/kernel/libkernel.a(timeout.c.obj)
                0x0000000000009c29                z_add_timeout
 .text.z_abort_timeout
                0x0000000000009d45       0x42 zephyr/kernel/libkernel.a(timeout.c.obj)
                0x0000000000009d45                z_abort_timeout
 .text.z_set_timeout_expiry
                0x0000000000009d87       0x48 zephyr/kernel/libkernel.a(timeout.c.obj)
                0x0000000000009d87                z_set_timeout_expiry
 .text.sys_clock_announce
                0x0000000000009dcf       0xba zephyr/kernel/libkernel.a(timeout.c.obj)
                0x0000000000009dcf                sys_clock_announce
 .text.sys_clock_tick_get
                0x0000000000009e89       0x2d zephyr/kernel/libkernel.a(timeout.c.obj)
                0x0000000000009e89                sys_clock_tick_get
 .text.sys_clock_tick_get_32
                0x0000000000009eb6        0xc zephyr/kernel/libkernel.a(timeout.c.obj)
                0x0000000000009eb6                sys_clock_tick_get_32
 .text.idle     0x0000000000009ec2       0x11 zephyr/kernel/libkernel.a(idle.c.obj)
                0x0000000000009ec2                idle
 .text.k_heap_init
                0x0000000000009ed3       0x15 zephyr/kernel/libkernel.a(kheap.c.obj)
                0x0000000000009ed3                k_heap_init
 .text.statics_init
                0x0000000000009ee8       0x2f zephyr/kernel/libkernel.a(kheap.c.obj)
 .text._OffsetAbsSyms
                0x0000000000009f17        0x5 zephyr/CMakeFiles/offsets.dir/arch/posix/core/offsets/offsets.c.obj
                0x0000000000009f17                _OffsetAbsSyms
 *(SORT_BY_ALIGNMENT(.gnu.warning))

.fini           0x0000000000009f1c        0xd
 *(SORT_NONE(.fini))
 .fini          0x0000000000009f1c        0x8 /usr/lib/gcc/x86_64-linux-gnu/9/../../../x86_64-linux-gnu/crti.o
                0x0000000000009f1c                _fini
 .fini          0x0000000000009f24        0x5 /usr/lib/gcc/x86_64-linux-gnu/9/../../../x86_64-linux-gnu/crtn.o
                [!provide]                        PROVIDE (__etext = .)
                [!provide]                        PROVIDE (_etext = .)
                [!provide]                        PROVIDE (etext = .)
                0x000000000000a000                . = ALIGN (CONSTANT (MAXPAGESIZE))
                0x000000000000a000                . = SEGMENT_START ("rodata-segment", (ALIGN (CONSTANT (MAXPAGESIZE)) + (. & (CONSTANT (MAXPAGESIZE) - 0x1))))

.rodata         0x000000000000a000     0x1715
 *(SORT_BY_ALIGNMENT(.rodata) SORT_BY_ALIGNMENT(.rodata.*) SORT_BY_ALIGNMENT(.gnu.linkonce.r.*))
 .rodata.inv_sbox
                0x000000000000a000      0x100 zephyr/libzephyr.a(aes_decrypt.c.obj)
 .rodata        0x000000000000a100       0x2c zephyr/libzephyr.a(aes_encrypt.c.obj)
 *fill*         0x000000000000a12c       0x14 
 .rodata.sbox   0x000000000000a140      0x100 zephyr/libzephyr.a(aes_encrypt.c.obj)
 .rodata.__func__.5217
                0x000000000000a240       0x1d zephyr/boards/posix/native_posix/libboards__posix__native_posix.a(irq_handler.c.obj)
 *fill*         0x000000000000a25d        0x3 
 .rodata.default_cmd
                0x000000000000a260       0x15 zephyr/drivers/serial/libdrivers__serial.a(uart_native_posix.c.obj)
 *fill*         0x000000000000a275        0x3 
 .rodata.cst8   0x000000000000a278       0x28 zephyr/boards/posix/native_posix/libboards__posix__native_posix.a(timer_model.c.obj)
 .rodata.cst8   0x000000000000a2a0        0x8 zephyr/boards/posix/native_posix/libboards__posix__native_posix.a(cmdline_common.c.obj)
 .rodata.uart_in
                0x000000000000a2a8       0x1c app/libapp.a(main.c.obj)
 .rodata.cbvprintf
                0x000000000000a2c4       0xfc zephyr/libzephyr.a(cbprintf_complete.c.obj)
 .rodata.cst4   0x000000000000a3c0        0x8 zephyr/boards/posix/native_posix/libboards__posix__native_posix.a(hw_models_top.c.obj)
 .rodata.uart_out.str1.1
                0x000000000000a3c8       0x65 app/libapp.a(main.c.obj)
 .rodata.uart_in.str1.1
                0x000000000000a42d      0x1fd app/libapp.a(main.c.obj)
 .rodata.zephyr_app_main.str1.1
                0x000000000000a62a       0xb3 app/libapp.a(main.c.obj)
 .rodata.cbc_mode.str1.1
                0x000000000000a6dd       0x64 app/libapp.a(main.c.obj)
 .rodata.processing.str1.1
                0x000000000000a741       0xbc app/libapp.a(main.c.obj)
 .rodata.str1.1
                0x000000000000a7fd       0x28 app/libapp.a(main.c.obj)
 .rodata.z_thread_entry.str1.1
                0x000000000000a825       0x4e zephyr/libzephyr.a(thread_entry.c.obj)
 .rodata.cbvprintf.str1.1
                0x000000000000a873        0x6 zephyr/libzephyr.a(cbprintf_complete.c.obj)
 .rodata.uart_console_init.str1.1
                0x000000000000a879        0x7 zephyr/libzephyr.a(uart_console.c.obj)
 .rodata.str1.1
                0x000000000000a879        0xa zephyr/libzephyr.a(sys_clock_init.c.obj)
 .rodata.pc_safe_call.str1.1
                0x000000000000a883       0x1a zephyr/arch/arch/posix/core/libarch__posix__core.a(posix_core.c.obj)
 .rodata.posix_preexit_cleanup.str1.1
                0x000000000000a89d       0x23 zephyr/arch/arch/posix/core/libarch__posix__core.a(posix_core.c.obj)
 .rodata.posix_thread_starter.str1.1
                0x000000000000a8c0       0x21 zephyr/arch/arch/posix/core/libarch__posix__core.a(posix_core.c.obj)
 .rodata.posix_swap.str1.1
                0x000000000000a8e1       0x26 zephyr/arch/arch/posix/core/libarch__posix__core.a(posix_core.c.obj)
 .rodata.posix_new_thread.str1.1
                0x000000000000a907       0x8c zephyr/arch/arch/posix/core/libarch__posix__core.a(posix_core.c.obj)
 .rodata.posix_core_clean_up.str1.1
                0x000000000000a993       0x34 zephyr/arch/arch/posix/core/libarch__posix__core.a(posix_core.c.obj)
 .rodata.z_impl_k_thread_abort.str1.1
                0x000000000000a9c7       0x7c zephyr/arch/arch/posix/core/libarch__posix__core.a(posix_core.c.obj)
 .rodata.pc_safe_call.str1.1
                0x000000000000aa43       0x1a zephyr/soc/posix/inf_clock/libsoc__posix__inf_clock.a(soc.c.obj)
 .rodata.zephyr_wrapper.str1.1
                0x000000000000aa43       0x3c zephyr/soc/posix/inf_clock/libsoc__posix__inf_clock.a(soc.c.obj)
 .rodata.posix_change_cpu_state_and_wait.str1.1
                0x000000000000aa7f       0x22 zephyr/soc/posix/inf_clock/libsoc__posix__inf_clock.a(soc.c.obj)
 .rodata.posix_boot_cpu.str1.1
                0x000000000000aaa1       0x3b zephyr/soc/posix/inf_clock/libsoc__posix__inf_clock.a(soc.c.obj)
 .rodata.hwm_set_sig_handler.str1.1
                0x000000000000aadc       0x57 zephyr/boards/posix/native_posix/libboards__posix__native_posix.a(hw_models_top.c.obj)
                                         0x71 (size before relaxing)
 .rodata.hwm_main_loop.str1.1
                0x000000000000ab33       0x65 zephyr/boards/posix/native_posix/libboards__posix__native_posix.a(hw_models_top.c.obj)
 .rodata.cmd_stop_at_found.str1.1
                0x000000000000ab98       0x26 zephyr/boards/posix/native_posix/libboards__posix__native_posix.a(timer_model.c.obj)
 .rodata.cmd_rt_ratio_found.str1.1
                0x000000000000abbe       0x3c zephyr/boards/posix/native_posix/libboards__posix__native_posix.a(timer_model.c.obj)
 .rodata.cmd_rt_drift_found.str1.1
                0x000000000000abfa       0x3d zephyr/boards/posix/native_posix/libboards__posix__native_posix.a(timer_model.c.obj)
 .rodata.str1.1
                0x000000000000ac37      0x3d9 zephyr/boards/posix/native_posix/libboards__posix__native_posix.a(timer_model.c.obj)
                                        0x3e8 (size before relaxing)
 .rodata.posix_irq_handler.str1.1
                0x000000000000b010       0x2e zephyr/boards/posix/native_posix/libboards__posix__native_posix.a(irq_handler.c.obj)
 .rodata.posix_irq_handler_im_from_sw.str1.1
                0x000000000000b03e       0x35 zephyr/boards/posix/native_posix/libboards__posix__native_posix.a(irq_handler.c.obj)
 .rodata.str1.1
                0x000000000000b073       0xb8 zephyr/boards/posix/native_posix/libboards__posix__native_posix.a(tracing.c.obj)
                                         0xbe (size before relaxing)
 .rodata.cmd_gen_switch_syntax.constprop.0.str1.1
                0x000000000000b12b       0x75 zephyr/boards/posix/native_posix/libboards__posix__native_posix.a(cmdline_common.c.obj)
                                         0x77 (size before relaxing)
 .rodata.cmd_is_option.str1.1
                0x000000000000b1a0       0x5a zephyr/boards/posix/native_posix/libboards__posix__native_posix.a(cmdline_common.c.obj)
 .rodata.cmd_is_help_option.str1.1
                0x000000000000b1fa        0x4 zephyr/boards/posix/native_posix/libboards__posix__native_posix.a(cmdline_common.c.obj)
                                          0x9 (size before relaxing)
 .rodata.cmd_read_option_value.str1.1
                0x000000000000b1fe       0x74 zephyr/boards/posix/native_posix/libboards__posix__native_posix.a(cmdline_common.c.obj)
                                         0x76 (size before relaxing)
 .rodata.cmd_print_switches_help.str1.1
                0x000000000000b272       0x1d zephyr/boards/posix/native_posix/libboards__posix__native_posix.a(cmdline_common.c.obj)
                                         0x22 (size before relaxing)
 .rodata.cmd_print_long_help.str1.1
                0x000000000000b28f       0x7e zephyr/boards/posix/native_posix/libboards__posix__native_posix.a(cmdline_common.c.obj)
                                         0x7f (size before relaxing)
 .rodata.cmd_parse_one_arg.str1.1
                0x000000000000b30d       0x4b zephyr/boards/posix/native_posix/libboards__posix__native_posix.a(cmdline_common.c.obj)
 .rodata.native_add_command_line_opts.str1.1
                0x000000000000b358       0x1a zephyr/boards/posix/native_posix/libboards__posix__native_posix.a(cmdline.c.obj)
 .rodata.native_handle_cmd_line.str1.1
                0x000000000000b372       0x5f zephyr/boards/posix/native_posix/libboards__posix__native_posix.a(cmdline.c.obj)
 .rodata.str1.1
                0x000000000000b3d1       0x66 zephyr/boards/posix/native_posix/libboards__posix__native_posix.a(cmdline.c.obj)
 .rodata.str1.1
                0x000000000000b437        0xa zephyr/drivers/crypto/libdrivers__crypto.a(crypto_tc_shim.c.obj)
 .rodata.np_uart_0_init.str1.1
                0x000000000000b437      0x1cb zephyr/drivers/serial/libdrivers__serial.a(uart_native_posix.c.obj)
                                        0x1d2 (size before relaxing)
 .rodata.str1.1
                0x000000000000b602       0xa5 zephyr/drivers/serial/libdrivers__serial.a(uart_native_posix.c.obj)
                                         0xa6 (size before relaxing)
 .rodata.z_cstart.str1.1
                0x000000000000b6a7       0x26 zephyr/kernel/libkernel.a(init.c.obj)
                                         0x4b (size before relaxing)
 .rodata.boot_banner.str1.1
                0x000000000000b6cd       0x48 zephyr/kernel/libkernel.a(banner.c.obj)
                                         0x49 (size before relaxing)

.rodata1
 *(SORT_BY_ALIGNMENT(.rodata1))

.eh_frame_hdr   0x000000000000b718       0x3c
 *(SORT_BY_ALIGNMENT(.eh_frame_hdr))
 .eh_frame_hdr  0x000000000000b718       0x3c /usr/lib/gcc/x86_64-linux-gnu/9/../../../x86_64-linux-gnu/Scrt1.o
                0x000000000000b718                __GNU_EH_FRAME_HDR
 *(SORT_BY_ALIGNMENT(.eh_frame_entry) SORT_BY_ALIGNMENT(.eh_frame_entry.*))

.eh_frame       0x000000000000b758       0xe8
 *(SORT_BY_ALIGNMENT(.eh_frame))
 .eh_frame      0x000000000000b758       0x30 /usr/lib/gcc/x86_64-linux-gnu/9/../../../x86_64-linux-gnu/Scrt1.o
                                         0x2c (size before relaxing)
 *fill*         0x000000000000b788        0x0 
 .eh_frame      0x000000000000b788       0x28 /usr/lib/gcc/x86_64-linux-gnu/9/../../../x86_64-linux-gnu/Scrt1.o
                                         0x40 (size before relaxing)
 .eh_frame      0x000000000000b7b0       0x18 /usr/lib/gcc/x86_64-linux-gnu/9/../../../x86_64-linux-gnu/Scrt1.o
                                         0x30 (size before relaxing)
 .eh_frame      0x000000000000b7c8       0x18 /usr/lib/gcc/x86_64-linux-gnu/9/../../../x86_64-linux-gnu/Scrt1.o
                                         0x30 (size before relaxing)
 .eh_frame      0x000000000000b7e0       0x5c /usr/lib/x86_64-linux-gnu/libc_nonshared.a(elf-init.oS)
                                         0x78 (size before relaxing)
 .eh_frame      0x000000000000b83c        0x4 /usr/lib/gcc/x86_64-linux-gnu/9/crtendS.o
 *(SORT_BY_ALIGNMENT(.eh_frame.*))

.gcc_except_table
 *(SORT_BY_ALIGNMENT(.gcc_except_table) SORT_BY_ALIGNMENT(.gcc_except_table.*))

.gnu_extab
 *(SORT_BY_ALIGNMENT(.gnu_extab*))

.exception_ranges
 *(SORT_BY_ALIGNMENT(.exception_ranges*))
                0x000000000000cb50                . = DATA_SEGMENT_ALIGN (CONSTANT (MAXPAGESIZE), CONSTANT (COMMONPAGESIZE))

.eh_frame
 *(SORT_BY_ALIGNMENT(.eh_frame))
 *(SORT_BY_ALIGNMENT(.eh_frame.*))

.gnu_extab
 *(SORT_BY_ALIGNMENT(.gnu_extab))

.gcc_except_table
 *(SORT_BY_ALIGNMENT(.gcc_except_table) SORT_BY_ALIGNMENT(.gcc_except_table.*))

.exception_ranges
 *(SORT_BY_ALIGNMENT(.exception_ranges*))

.tdata          0x000000000000cb50        0x0
                [!provide]                        PROVIDE (__tdata_start = .)
 *(SORT_BY_ALIGNMENT(.tdata) SORT_BY_ALIGNMENT(.tdata.*) SORT_BY_ALIGNMENT(.gnu.linkonce.td.*))

.tbss
 *(SORT_BY_ALIGNMENT(.tbss) SORT_BY_ALIGNMENT(.tbss.*) SORT_BY_ALIGNMENT(.gnu.linkonce.tb.*))
 *(SORT_BY_ALIGNMENT(.tcommon))

.preinit_array  0x000000000000cb50        0x0
                [!provide]                        PROVIDE (__preinit_array_start = .)
 *(SORT_BY_ALIGNMENT(.preinit_array))
                [!provide]                        PROVIDE (__preinit_array_end = .)

.init_array     0x000000000000cb50        0x8
                0x000000000000cb50                PROVIDE (__init_array_start = .)
 *(SORT_BY_INIT_PRIORITY(.init_array.*) SORT_BY_INIT_PRIORITY(.ctors.*))
 *(SORT_BY_ALIGNMENT(.init_array) SORT_BY_ALIGNMENT(EXCLUDE_FILE(*crtend?.o *crtend.o *crtbegin?.o *crtbegin.o) .ctors))
 .init_array    0x000000000000cb50        0x8 /usr/lib/gcc/x86_64-linux-gnu/9/crtbeginS.o
                0x000000000000cb58                PROVIDE (__init_array_end = .)

.fini_array     0x000000000000cb58        0x8
                [!provide]                        PROVIDE (__fini_array_start = .)
 *(SORT_BY_INIT_PRIORITY(.fini_array.*) SORT_BY_INIT_PRIORITY(.dtors.*))
 *(SORT_BY_ALIGNMENT(.fini_array) SORT_BY_ALIGNMENT(EXCLUDE_FILE(*crtend?.o *crtend.o *crtbegin?.o *crtbegin.o) .dtors))
 .fini_array    0x000000000000cb58        0x8 /usr/lib/gcc/x86_64-linux-gnu/9/crtbeginS.o
                [!provide]                        PROVIDE (__fini_array_end = .)

.ctors
 *crtbegin.o(SORT_BY_ALIGNMENT(.ctors))
 *crtbegin?.o(SORT_BY_ALIGNMENT(.ctors))
 *(SORT_BY_ALIGNMENT(EXCLUDE_FILE(*crtend?.o *crtend.o) .ctors))
 *(SORT_BY_NAME(SORT_BY_ALIGNMENT(.ctors.*)))
 *(SORT_BY_ALIGNMENT(.ctors))

.dtors
 *crtbegin.o(SORT_BY_ALIGNMENT(.dtors))
 *crtbegin?.o(SORT_BY_ALIGNMENT(.dtors))
 *(SORT_BY_ALIGNMENT(EXCLUDE_FILE(*crtend?.o *crtend.o) .dtors))
 *(SORT_BY_NAME(SORT_BY_ALIGNMENT(.dtors.*)))
 *(SORT_BY_ALIGNMENT(.dtors))

.jcr
 *(SORT_BY_ALIGNMENT(.jcr))

.data.rel.ro    0x000000000000cb60       0x68
 *(SORT_BY_ALIGNMENT(.data.rel.ro.local*) SORT_BY_ALIGNMENT(.gnu.linkonce.d.rel.ro.local.*))
 *(SORT_BY_ALIGNMENT(.data.rel.ro) SORT_BY_ALIGNMENT(.data.rel.ro.*) SORT_BY_ALIGNMENT(.gnu.linkonce.d.rel.ro.*))
 .data.rel.ro.native_pre_tasks.6323
                0x000000000000cb60       0x30 zephyr/soc/posix/inf_clock/libsoc__posix__inf_clock.a(soc.c.obj)
 *fill*         0x000000000000cb90       0x10 
 .data.rel.ro.levels.4940
                0x000000000000cba0       0x28 zephyr/kernel/libkernel.a(device.c.obj)
 .data.rel.ro   0x000000000000cbc8        0x0 /usr/lib/gcc/x86_64-linux-gnu/9/../../../x86_64-linux-gnu/Scrt1.o

.dynamic        0x000000000000cbc8      0x210
 *(SORT_BY_ALIGNMENT(.dynamic))
 .dynamic       0x000000000000cbc8      0x210 /usr/lib/gcc/x86_64-linux-gnu/9/../../../x86_64-linux-gnu/Scrt1.o
                0x000000000000cbc8                _DYNAMIC

.got            0x000000000000cdd8      0x220
 *(SORT_BY_ALIGNMENT(.got.plt))
 .got.plt       0x000000000000cdd8      0x1c0 /usr/lib/gcc/x86_64-linux-gnu/9/../../../x86_64-linux-gnu/Scrt1.o
                0x000000000000cdd8                _GLOBAL_OFFSET_TABLE_
 *(SORT_BY_ALIGNMENT(.igot.plt))
 *(SORT_BY_ALIGNMENT(.got))
 .got           0x000000000000cf98       0x60 /usr/lib/gcc/x86_64-linux-gnu/9/../../../x86_64-linux-gnu/Scrt1.o
 *(SORT_BY_ALIGNMENT(.igot))
                0x000000000000d000                . = DATA_SEGMENT_RELRO_END (., 0x0)

.data           0x000000000000d000      0x47e
 *(SORT_BY_ALIGNMENT(.data) SORT_BY_ALIGNMENT(.data.*) SORT_BY_ALIGNMENT(.gnu.linkonce.d.*))
 .data.rel.local.timer_options.3187
                0x000000000000d000      0x1c0 zephyr/boards/posix/native_posix/libboards__posix__native_posix.a(timer_model.c.obj)
 .data.rel.trace_options.3560
                0x000000000000d1c0       0xe0 zephyr/boards/posix/native_posix/libboards__posix__native_posix.a(tracing.c.obj)
 .data.rel.local.testargs_options.2552
                0x000000000000d2a0       0x70 zephyr/boards/posix/native_posix/libboards__posix__native_posix.a(cmdline.c.obj)
 *fill*         0x000000000000d310       0x10 
 .data.rel.local.crypto_enc_funcs
                0x000000000000d320       0x20 zephyr/drivers/crypto/libdrivers__crypto.a(crypto_tc_shim.c.obj)
 .data.rel.local.uart_options.7281
                0x000000000000d340       0xa8 zephyr/drivers/serial/libdrivers__serial.a(uart_native_posix.c.obj)
 *fill*         0x000000000000d3e8       0x18 
 .data.rel.local.np_uart_driver_api_0
                0x000000000000d400       0x28 zephyr/drivers/serial/libdrivers__serial.a(uart_native_posix.c.obj)
 *fill*         0x000000000000d428        0x8 
 .data.rel.local.timeout_list
                0x000000000000d430       0x10 zephyr/kernel/libkernel.a(timeout.c.obj)
 .data.rel.local
                0x000000000000d440        0x8 /usr/lib/gcc/x86_64-linux-gnu/9/crtbeginS.o
                0x000000000000d440                __dso_handle
 .data.rel._char_out
                0x000000000000d448        0x8 zephyr/libzephyr.a(printk.c.obj)
                0x000000000000d448                _char_out
 .data.end_of_time
                0x000000000000d450        0x8 zephyr/boards/posix/native_posix/libboards__posix__native_posix.a(hw_models_top.c.obj)
 .data.clock_ratio
                0x000000000000d458        0x8 zephyr/boards/posix/native_posix/libboards__posix__native_posix.a(timer_model.c.obj)
 .data.irq_ctrl_timer
                0x000000000000d460        0x8 zephyr/boards/posix/native_posix/libboards__posix__native_posix.a(irq_ctrl.c.obj)
                0x000000000000d460                irq_ctrl_timer
 .data.is_a_tty
                0x000000000000d468        0x8 zephyr/boards/posix/native_posix/libboards__posix__native_posix.a(tracing.c.obj)
 .data.next_timer_index
                0x000000000000d470        0x4 zephyr/boards/posix/native_posix/libboards__posix__native_posix.a(hw_models_top.c.obj)
 .data.currently_running_irq
                0x000000000000d474        0x4 zephyr/boards/posix/native_posix/libboards__posix__native_posix.a(irq_handler.c.obj)
 .data.currently_running_prio
                0x000000000000d478        0x4 zephyr/boards/posix/native_posix/libboards__posix__native_posix.a(irq_ctrl.c.obj)
 .data.cpu_halted
                0x000000000000d47c        0x1 zephyr/soc/posix/inf_clock/libsoc__posix__inf_clock.a(soc.c.obj)
 .data.real_time_mode
                0x000000000000d47d        0x1 zephyr/boards/posix/native_posix/libboards__posix__native_posix.a(timer_model.c.obj)
LOAD /usr/lib/gcc/x86_64-linux-gnu/9/../../../x86_64-linux-gnu/Scrt1.o
LOAD /usr/lib/gcc/x86_64-linux-gnu/9/../../../x86_64-linux-gnu/crti.o
LOAD /usr/lib/gcc/x86_64-linux-gnu/9/crtbeginS.o
LOAD zephyr/CMakeFiles/zephyr_final.dir/misc/empty_file.c.obj
LOAD zephyr/CMakeFiles/zephyr_final.dir/dev_handles.c.obj

.tm_clone_table
                0x000000000000d480        0x0
 .tm_clone_table
                0x000000000000d480        0x0 /usr/lib/gcc/x86_64-linux-gnu/9/crtbeginS.o
 .tm_clone_table
                0x000000000000d480        0x0 /usr/lib/gcc/x86_64-linux-gnu/9/crtendS.o

.noinit."../src/main.c".5
                0x000000000000d47e       0xa0
 .noinit."../src/main.c".5
                0x000000000000d47e       0xa0 app/libapp.a(main.c.obj)

.noinit."../src/main.c".4
                0x000000000000d51e       0xff
 .noinit."../src/main.c".4
                0x000000000000d51e       0xff app/libapp.a(main.c.obj)

.noinit."../src/main.c".3
                0x000000000000d61d      0x9f6
 .noinit."../src/main.c".3
                0x000000000000d61d      0x9f6 app/libapp.a(main.c.obj)

.noinit."../src/main.c".2
                0x000000000000e018      0x400
 .noinit."../src/main.c".2
                0x000000000000e018      0x400 app/libapp.a(main.c.obj)
                0x000000000000e018                _k_thread_stack_processing_tid

.noinit."../src/main.c".1
                0x000000000000e418      0x400
 .noinit."../src/main.c".1
                0x000000000000e418      0x400 app/libapp.a(main.c.obj)
                0x000000000000e418                _k_thread_stack_uart_out_tid

.noinit."../src/main.c".0
                0x000000000000e818      0x400
 .noinit."../src/main.c".0
                0x000000000000e818      0x400 app/libapp.a(main.c.obj)
                0x000000000000e818                _k_thread_stack_uart_in_tid

.noinit."WEST_TOPDIR/zephyr/kernel/init.c".2
                0x000000000000ec18      0x100
 .noinit."WEST_TOPDIR/zephyr/kernel/init.c".2
                0x000000000000ec18      0x100 zephyr/kernel/libkernel.a(init.c.obj)

.noinit."WEST_TOPDIR/zephyr/kernel/init.c".1
                0x000000000000ed18      0x400
 .noinit."WEST_TOPDIR/zephyr/kernel/init.c".1
                0x000000000000ed18      0x400 zephyr/kernel/libkernel.a(init.c.obj)
                0x000000000000ed18                z_main_stack

.noinit."WEST_TOPDIR/zephyr/kernel/init.c".3
                0x000000000000f118      0x800
 .noinit."WEST_TOPDIR/zephyr/kernel/init.c".3
                0x000000000000f118      0x800 zephyr/kernel/libkernel.a(init.c.obj)
                0x000000000000f118                z_interrupt_stacks

initlevel       0x000000000000f918       0x60
                0x000000000000f918                __init_start = .
                0x000000000000f918                __init_PRE_KERNEL_1_start = .
 *(SORT_BY_NAME(SORT_BY_ALIGNMENT(.init_PRE_KERNEL_1[0-9]_*)))
 *(SORT_BY_NAME(SORT_BY_ALIGNMENT(.init_PRE_KERNEL_1[1-9][0-9]_*)))
 .init_PRE_KERNEL_130_
                0x000000000000f918       0x10 zephyr/kernel/libkernel.a(kheap.c.obj)
 .init_PRE_KERNEL_150_
                0x000000000000f928       0x10 zephyr/drivers/serial/libdrivers__serial.a(uart_native_posix.c.obj)
 .init_PRE_KERNEL_160_
                0x000000000000f938       0x10 zephyr/libzephyr.a(uart_console.c.obj)
 .init_PRE_KERNEL_160_
                0x000000000000f948       0x10 zephyr/libzephyr.a(native_posix_console.c.obj)
                0x000000000000f958                __init_PRE_KERNEL_2_start = .
 *(SORT_BY_NAME(SORT_BY_ALIGNMENT(.init_PRE_KERNEL_2[0-9]_*)))
 .init_PRE_KERNEL_20_
                0x000000000000f958       0x10 zephyr/libzephyr.a(sys_clock_init.c.obj)
 *(SORT_BY_NAME(SORT_BY_ALIGNMENT(.init_PRE_KERNEL_2[1-9][0-9]_*)))
                0x000000000000f968                __init_POST_KERNEL_start = .
 *(SORT_BY_NAME(SORT_BY_ALIGNMENT(.init_POST_KERNEL[0-9]_*)))
 *(SORT_BY_NAME(SORT_BY_ALIGNMENT(.init_POST_KERNEL[1-9][0-9]_*)))
 .init_POST_KERNEL90_
                0x000000000000f968       0x10 zephyr/drivers/crypto/libdrivers__crypto.a(crypto_tc_shim.c.obj)
                0x000000000000f978                __init_APPLICATION_start = .
 *(SORT_BY_NAME(SORT_BY_ALIGNMENT(.init_APPLICATION[0-9]_*)))
 *(SORT_BY_NAME(SORT_BY_ALIGNMENT(.init_APPLICATION[1-9][0-9]_*)))
                0x000000000000f978                __init_SMP_start = .
 *(SORT_BY_NAME(SORT_BY_ALIGNMENT(.init_SMP[0-9]_*)))
 *(SORT_BY_NAME(SORT_BY_ALIGNMENT(.init_SMP[1-9][0-9]_*)))
                0x000000000000f978                __init_end = .

initlevel_error
                0x000000000000f978        0x0
 *(SORT_BY_NAME(SORT_BY_ALIGNMENT(.init_[_A-Z0-9]*)))
                0x0000000000000001                ASSERT ((SIZEOF (initlevel_error) == 0x0), Undefined initialization levels used.)

app_shmem_regions
                0x000000000000f978        0x0
                0x000000000000f978                __app_shmem_regions_start = .
 *(SORT_BY_NAME(SORT_BY_ALIGNMENT(.app_regions.*)))
                0x000000000000f978                __app_shmem_regions_end = .

bt_l2cap_fixed_chan_area
                0x000000000000f978        0x0
                0x000000000000f978                _bt_l2cap_fixed_chan_list_start = .
 *(SORT_BY_NAME(SORT_BY_ALIGNMENT(._bt_l2cap_fixed_chan.static.*)))
                0x000000000000f978                _bt_l2cap_fixed_chan_list_end = .

bt_gatt_service_static_area
                0x000000000000f978        0x0
                0x000000000000f978                _bt_gatt_service_static_list_start = .
 *(SORT_BY_NAME(SORT_BY_ALIGNMENT(._bt_gatt_service_static.static.*)))
                0x000000000000f978                _bt_gatt_service_static_list_end = .

k_p4wq_initparam_area
                0x000000000000f978        0x0
                0x000000000000f978                _k_p4wq_initparam_list_start = .
 *(SORT_BY_NAME(SORT_BY_ALIGNMENT(._k_p4wq_initparam.static.*)))
                0x000000000000f978                _k_p4wq_initparam_list_end = .

log_const_sections
                0x000000000000f978        0x0
                0x000000000000f978                __log_const_start = .
 *(SORT_BY_NAME(SORT_BY_ALIGNMENT(.log_const_*)))
                0x000000000000f978                __log_const_end = .

log_backends_sections
                0x000000000000f978        0x0
                0x000000000000f978                __log_backends_start = .
 *(SORT_BY_ALIGNMENT(._log_backend.*))
                0x000000000000f978                __log_backends_end = .

shell_area      0x000000000000f978        0x0
                0x000000000000f978                _shell_list_start = .
 *(SORT_BY_NAME(SORT_BY_ALIGNMENT(._shell.static.*)))
                0x000000000000f978                _shell_list_end = .

shell_root_cmds_sections
                0x000000000000f978        0x0
                0x000000000000f978                __shell_root_cmds_start = .
 *(SORT_BY_NAME(SORT_BY_ALIGNMENT(.shell_root_cmd_*)))
                0x000000000000f978                __shell_root_cmds_end = .

font_entry_sections
                0x000000000000f978        0x0
                0x000000000000f978                __font_entry_start = .
 *(SORT_BY_NAME(SORT_BY_ALIGNMENT(._cfb_font.*)))
                0x000000000000f978                __font_entry_end = .

tracing_backend_area
                0x000000000000f978        0x0
                0x000000000000f978                _tracing_backend_list_start = .
 *(SORT_BY_NAME(SORT_BY_ALIGNMENT(._tracing_backend.static.*)))
                0x000000000000f978                _tracing_backend_list_end = .

zephyr_dbg_info
 *(SORT_BY_ALIGNMENT(.dbg_thread_info))

device_handles  0x000000000000f978       0x14
                0x000000000000f978                __device_handles_start = .
 *(SORT_BY_NAME(SORT_BY_ALIGNMENT(.__device_handles_pass2*)))
 .__device_handles_pass2
                0x000000000000f978       0x14 zephyr/CMakeFiles/zephyr_final.dir/dev_handles.c.obj
                0x000000000000f978                __devicehdl_crypto_tinycrypt
                0x000000000000f97e                __devicehdl_sys_init_sys_clock_driver_init0
                0x000000000000f984                __devicehdl_DT_N_S_uart
                0x000000000000f98c                __device_handles_end = .

devices         0x000000000000f990       0x90
                0x000000000000f990                __device_start = .
                0x000000000000f990                __device_PRE_KERNEL_1_start = .
 *(SORT_BY_NAME(SORT_BY_ALIGNMENT(.device_PRE_KERNEL_1[0-9]_*)))
 *(SORT_BY_NAME(SORT_BY_ALIGNMENT(.device_PRE_KERNEL_1[1-9][0-9]_*)))
 .device_PRE_KERNEL_150_
                0x000000000000f990       0x30 zephyr/drivers/serial/libdrivers__serial.a(uart_native_posix.c.obj)
                0x000000000000f990                __device_dts_ord_10
                0x000000000000f9c0                __device_PRE_KERNEL_2_start = .
 *(SORT_BY_NAME(SORT_BY_ALIGNMENT(.device_PRE_KERNEL_2[0-9]_*)))
 .device_PRE_KERNEL_20_
                0x000000000000f9c0       0x30 zephyr/libzephyr.a(sys_clock_init.c.obj)
 *(SORT_BY_NAME(SORT_BY_ALIGNMENT(.device_PRE_KERNEL_2[1-9][0-9]_*)))
                0x000000000000f9f0                __device_POST_KERNEL_start = .
 *(SORT_BY_NAME(SORT_BY_ALIGNMENT(.device_POST_KERNEL[0-9]_*)))
 *(SORT_BY_NAME(SORT_BY_ALIGNMENT(.device_POST_KERNEL[1-9][0-9]_*)))
 .device_POST_KERNEL90_
                0x000000000000f9f0       0x30 zephyr/drivers/crypto/libdrivers__crypto.a(crypto_tc_shim.c.obj)
                0x000000000000fa20                __device_APPLICATION_start = .
 *(SORT_BY_NAME(SORT_BY_ALIGNMENT(.device_APPLICATION[0-9]_*)))
 *(SORT_BY_NAME(SORT_BY_ALIGNMENT(.device_APPLICATION[1-9][0-9]_*)))
                0x000000000000fa20                __device_SMP_start = .
 *(SORT_BY_NAME(SORT_BY_ALIGNMENT(.device_SMP[0-9]_*)))
 *(SORT_BY_NAME(SORT_BY_ALIGNMENT(.device_SMP[1-9][0-9]_*)))
                0x000000000000fa20                __device_end = .

initshell       0x000000000000fa20        0x0
                0x000000000000fa20                __shell_module_start = .
 *(SORT_BY_ALIGNMENT(.shell_module_*))
                0x000000000000fa20                __shell_module_end = .
                0x000000000000fa20                __shell_cmd_start = .
 *(SORT_BY_ALIGNMENT(.shell_cmd_*))
                0x000000000000fa20                __shell_cmd_end = .

log_dynamic_sections
                0x000000000000fa20        0x0
                0x000000000000fa20                __log_dynamic_start = .
 *(SORT_BY_NAME(SORT_BY_ALIGNMENT(.log_dynamic_*)))
                0x000000000000fa20                __log_dynamic_end = .

_static_thread_data_area
                0x000000000000fa20      0x108
                0x000000000000fa20                __static_thread_data_list_start = .
 *(SORT_BY_NAME(SORT_BY_ALIGNMENT(.__static_thread_data.static.*)))
 .__static_thread_data.static._k_thread_data_processing_tid
                0x000000000000fa20       0x58 app/libapp.a(main.c.obj)
                0x000000000000fa20                _k_thread_data_processing_tid
 .__static_thread_data.static._k_thread_data_uart_in_tid
                0x000000000000fa78       0x58 app/libapp.a(main.c.obj)
                0x000000000000fa78                _k_thread_data_uart_in_tid
 .__static_thread_data.static._k_thread_data_uart_out_tid
                0x000000000000fad0       0x58 app/libapp.a(main.c.obj)
                0x000000000000fad0                _k_thread_data_uart_out_tid
                0x000000000000fb28                __static_thread_data_list_end = .

k_timer_area    0x000000000000fb28        0x0
                0x000000000000fb28                _k_timer_list_start = .
 *(SORT_BY_NAME(SORT_BY_ALIGNMENT(._k_timer.static.*)))
                0x000000000000fb28                _k_timer_list_end = .

k_mem_slab_area
                0x000000000000fb28        0x0
                0x000000000000fb28                _k_mem_slab_list_start = .
 *(SORT_BY_NAME(SORT_BY_ALIGNMENT(._k_mem_slab.static.*)))
                0x000000000000fb28                _k_mem_slab_list_end = .

k_mem_pool_area
                0x000000000000fb28        0x0
                0x000000000000fb28                _k_mem_pool_list_start = .
 *(SORT_BY_NAME(SORT_BY_ALIGNMENT(._k_mem_pool.static.*)))
                0x000000000000fb28                _k_mem_pool_list_end = .

k_heap_area     0x000000000000fb28        0x0
                0x000000000000fb28                _k_heap_list_start = .
 *(SORT_BY_NAME(SORT_BY_ALIGNMENT(._k_heap.static.*)))
                0x000000000000fb28                _k_heap_list_end = .

k_mutex_area    0x000000000000fb28        0x0
                0x000000000000fb28                _k_mutex_list_start = .
 *(SORT_BY_NAME(SORT_BY_ALIGNMENT(._k_mutex.static.*)))
                0x000000000000fb28                _k_mutex_list_end = .

k_stack_area    0x000000000000fb28        0x0
                0x000000000000fb28                _k_stack_list_start = .
 *(SORT_BY_NAME(SORT_BY_ALIGNMENT(._k_stack.static.*)))
                0x000000000000fb28                _k_stack_list_end = .

k_msgq_area     0x000000000000fb28       0xd8
                0x000000000000fb28                _k_msgq_list_start = .
 *(SORT_BY_NAME(SORT_BY_ALIGNMENT(._k_msgq.static.*)))
 ._k_msgq.static.key_iv_msgq
                0x000000000000fb28       0x48 app/libapp.a(main.c.obj)
                0x000000000000fb28                key_iv_msgq
 ._k_msgq.static.processing_msgq
                0x000000000000fb70       0x48 app/libapp.a(main.c.obj)
                0x000000000000fb70                processing_msgq
 ._k_msgq.static.uart_msgq
                0x000000000000fbb8       0x48 app/libapp.a(main.c.obj)
                0x000000000000fbb8                uart_msgq
                0x000000000000fc00                _k_msgq_list_end = .

k_mbox_area     0x000000000000fc00        0x0
                0x000000000000fc00                _k_mbox_list_start = .
 *(SORT_BY_NAME(SORT_BY_ALIGNMENT(._k_mbox.static.*)))
                0x000000000000fc00                _k_mbox_list_end = .

k_pipe_area     0x000000000000fc00        0x0
                0x000000000000fc00                _k_pipe_list_start = .
 *(SORT_BY_NAME(SORT_BY_ALIGNMENT(._k_pipe.static.*)))
                0x000000000000fc00                _k_pipe_list_end = .

k_sem_area      0x000000000000fc00        0x0
                0x000000000000fc00                _k_sem_list_start = .
 *(SORT_BY_NAME(SORT_BY_ALIGNMENT(._k_sem.static.*)))
                0x000000000000fc00                _k_sem_list_end = .

k_queue_area    0x000000000000fc00        0x0
                0x000000000000fc00                _k_queue_list_start = .
 *(SORT_BY_NAME(SORT_BY_ALIGNMENT(._k_queue.static.*)))
                0x000000000000fc00                _k_queue_list_end = .

k_condvar_area  0x000000000000fc00        0x0
                0x000000000000fc00                _k_condvar_list_start = .
 *(SORT_BY_NAME(SORT_BY_ALIGNMENT(._k_condvar.static.*)))
                0x000000000000fc00                _k_condvar_list_end = .

_net_buf_pool_area
                0x000000000000fc00        0x0
                0x000000000000fc00                _net_buf_pool_list = .
 *(SORT_BY_NAME(SORT_BY_ALIGNMENT(._net_buf_pool.static.*)))

native_pre_tasks
                0x000000000000fc00       0x20
                0x000000000000fc00                __native_tasks_start = .
                0x000000000000fc00                __native_PRE_BOOT_1_tasks_start = .
 *(SORT_BY_NAME(SORT_BY_ALIGNMENT(.native_PRE_BOOT_1[0-9]_task)))
 .native_PRE_BOOT_11_task
                0x000000000000fc00        0x8 zephyr/boards/posix/native_posix/libboards__posix__native_posix.a(timer_model.c.obj)
 *(SORT_BY_NAME(SORT_BY_ALIGNMENT(.native_PRE_BOOT_1[1-9][0-9]_task)))
 .native_PRE_BOOT_111_task
                0x000000000000fc08        0x8 zephyr/drivers/serial/libdrivers__serial.a(uart_native_posix.c.obj)
 *(SORT_BY_NAME(SORT_BY_ALIGNMENT(.native_PRE_BOOT_1[1-9][0-9][0-9]_task)))
                0x000000000000fc10                __native_PRE_BOOT_2_tasks_start = .
 *(SORT_BY_NAME(SORT_BY_ALIGNMENT(.native_PRE_BOOT_2[0-9]_task)))
 .native_PRE_BOOT_20_task
                0x000000000000fc10        0x8 zephyr/boards/posix/native_posix/libboards__posix__native_posix.a(tracing.c.obj)
 *(SORT_BY_NAME(SORT_BY_ALIGNMENT(.native_PRE_BOOT_2[1-9][0-9]_task)))
 *(SORT_BY_NAME(SORT_BY_ALIGNMENT(.native_PRE_BOOT_2[1-9][0-9][0-9]_task)))
                0x000000000000fc18                __native_PRE_BOOT_3_tasks_start = .
 *(SORT_BY_NAME(SORT_BY_ALIGNMENT(.native_PRE_BOOT_3[0-9]_task)))
 *(SORT_BY_NAME(SORT_BY_ALIGNMENT(.native_PRE_BOOT_3[1-9][0-9]_task)))
 *(SORT_BY_NAME(SORT_BY_ALIGNMENT(.native_PRE_BOOT_3[1-9][0-9][0-9]_task)))
                0x000000000000fc18                __native_FIRST_SLEEP_tasks_start = .
 *(SORT_BY_NAME(SORT_BY_ALIGNMENT(.native_FIRST_SLEEP[0-9]_task)))
 *(SORT_BY_NAME(SORT_BY_ALIGNMENT(.native_FIRST_SLEEP[1-9][0-9]_task)))
 *(SORT_BY_NAME(SORT_BY_ALIGNMENT(.native_FIRST_SLEEP[1-9][0-9][0-9]_task)))
                0x000000000000fc18                __native_ON_EXIT_tasks_start = .
 *(SORT_BY_NAME(SORT_BY_ALIGNMENT(.native_ON_EXIT[0-9]_task)))
 *(SORT_BY_NAME(SORT_BY_ALIGNMENT(.native_ON_EXIT[1-9][0-9]_task)))
 .native_ON_EXIT99_task
                0x000000000000fc18        0x8 zephyr/drivers/serial/libdrivers__serial.a(uart_native_posix.c.obj)
 *(SORT_BY_NAME(SORT_BY_ALIGNMENT(.native_ON_EXIT[1-9][0-9][0-9]_task)))
                0x000000000000fc20                __native_tasks_end = .
                0x000000000000fc20                __data_ram_end = .

.data1
 *(SORT_BY_ALIGNMENT(.data1))
                0x000000000000fc20                _edata = .
                [!provide]                        PROVIDE (edata = .)
                0x000000000000fc20                . = .
                0x000000000000fc20                __bss_start = .

.bss            0x000000000000fc20      0xa78
 *(SORT_BY_ALIGNMENT(.dynbss))
 .dynbss        0x000000000000fc20        0x0 /usr/lib/gcc/x86_64-linux-gnu/9/../../../x86_64-linux-gnu/Scrt1.o
 *(SORT_BY_ALIGNMENT(.bss) SORT_BY_ALIGNMENT(.bss.*) SORT_BY_ALIGNMENT(.gnu.linkonce.b.*))
 .bss._k_thread_obj_processing_tid
                0x000000000000fc20       0x88 app/libapp.a(main.c.obj)
                0x000000000000fc20                _k_thread_obj_processing_tid
 *fill*         0x000000000000fca8       0x18 
 .bss._k_thread_obj_uart_out_tid
                0x000000000000fcc0       0x88 app/libapp.a(main.c.obj)
                0x000000000000fcc0                _k_thread_obj_uart_out_tid
 *fill*         0x000000000000fd48       0x18 
 .bss._k_thread_obj_uart_in_tid
                0x000000000000fd60       0x88 app/libapp.a(main.c.obj)
                0x000000000000fd60                _k_thread_obj_uart_in_tid
 *fill*         0x000000000000fde8       0x18 
 .bss.mtx_threads
                0x000000000000fe00       0x28 zephyr/arch/arch/posix/core/libarch__posix__core.a(posix_core.c.obj)
 *fill*         0x000000000000fe28       0x18 
 .bss.cond_threads
                0x000000000000fe40       0x30 zephyr/arch/arch/posix/core/libarch__posix__core.a(posix_core.c.obj)
 *fill*         0x000000000000fe70       0x10 
 .bss.mtx_cpu   0x000000000000fe80       0x28 zephyr/soc/posix/inf_clock/libsoc__posix__inf_clock.a(soc.c.obj)
 *fill*         0x000000000000fea8       0x18 
 .bss.cond_cpu  0x000000000000fec0       0x30 zephyr/soc/posix/inf_clock/libsoc__posix__inf_clock.a(soc.c.obj)
 *fill*         0x000000000000fef0       0x10 