Archive member included to satisfy reference by file (symbol)

app/libapp.a(main.c.obj)      (--whole-archive)
zephyr/libzephyr.a(cbprintf.c.obj)
                              (--whole-archive)
zephyr/libzephyr.a(cbprintf_packaged.c.obj)
                              (--whole-archive)
zephyr/libzephyr.a(crc32c_sw.c.obj)
                              (--whole-archive)
zephyr/libzephyr.a(crc32_sw.c.obj)
                              (--whole-archive)
zephyr/libzephyr.a(crc16_sw.c.obj)
                              (--whole-archive)
zephyr/libzephyr.a(crc8_sw.c.obj)
                              (--whole-archive)
zephyr/libzephyr.a(crc7_sw.c.obj)
                              (--whole-archive)
zephyr/libzephyr.a(dec.c.obj)
                              (--whole-archive)
zephyr/libzephyr.a(fdtable.c.obj)
                              (--whole-archive)
zephyr/libzephyr.a(hex.c.obj)
                              (--whole-archive)
zephyr/libzephyr.a(notify.c.obj)
                              (--whole-archive)
zephyr/libzephyr.a(printk.c.obj)
                              (--whole-archive)
zephyr/libzephyr.a(onoff.c.obj)
                              (--whole-archive)
zephyr/libzephyr.a(rb.c.obj)  (--whole-archive)
zephyr/libzephyr.a(sem.c.obj)
                              (--whole-archive)
zephyr/libzephyr.a(thread_entry.c.obj)
                              (--whole-archive)
zephyr/libzephyr.a(timeutil.c.obj)
                              (--whole-archive)
zephyr/libzephyr.a(heap.c.obj)
                              (--whole-archive)
zephyr/libzephyr.a(heap-validate.c.obj)
                              (--whole-archive)
zephyr/libzephyr.a(cbprintf_complete.c.obj)
                              (--whole-archive)
zephyr/libzephyr.a(configs.c.obj)
                              (--whole-archive)
zephyr/libzephyr.a(uart_console.c.obj)
                              (--whole-archive)
zephyr/libzephyr.a(native_posix_console.c.obj)
                              (--whole-archive)
zephyr/libzephyr.a(sys_clock_init.c.obj)
                              (--whole-archive)
zephyr/libzephyr.a(native_posix_timer.c.obj)
                              (--whole-archive)
zephyr/libzephyr.a(utils.c.obj)
                              (--whole-archive)
zephyr/libzephyr.a(aes_decrypt.c.obj)
                              (--whole-archive)
zephyr/libzephyr.a(aes_encrypt.c.obj)
                              (--whole-archive)
zephyr/libzephyr.a(cbc_mode.c.obj)
                              (--whole-archive)
zephyr/libzephyr.a(ctr_mode.c.obj)
                              (--whole-archive)
zephyr/libzephyr.a(ccm_mode.c.obj)
                              (--whole-archive)
zephyr/libzephyr.a(cmac_mode.c.obj)
                              (--whole-archive)
zephyr/arch/arch/posix/core/libarch__posix__core.a(cpuhalt.c.obj)
                              (--whole-archive)
zephyr/arch/arch/posix/core/libarch__posix__core.a(fatal.c.obj)
                              (--whole-archive)
zephyr/arch/arch/posix/core/libarch__posix__core.a(irq.c.obj)
                              (--whole-archive)
zephyr/arch/arch/posix/core/libarch__posix__core.a(posix_core.c.obj)
                              (--whole-archive)
zephyr/arch/arch/posix/core/libarch__posix__core.a(swap.c.obj)
                              (--whole-archive)
zephyr/arch/arch/posix/core/libarch__posix__core.a(thread.c.obj)
                              (--whole-archive)
zephyr/soc/posix/inf_clock/libsoc__posix__inf_clock.a(soc.c.obj)
                              (--whole-archive)
zephyr/boards/posix/native_posix/libboards__posix__native_posix.a(hw_models_top.c.obj)
                              (--whole-archive)
zephyr/boards/posix/native_posix/libboards__posix__native_posix.a(timer_model.c.obj)
                              (--whole-archive)
zephyr/boards/posix/native_posix/libboards__posix__native_posix.a(native_rtc.c.obj)
                              (--whole-archive)
zephyr/boards/posix/native_posix/libboards__posix__native_posix.a(irq_handler.c.obj)
                              (--whole-archive)
zephyr/boards/posix/native_posix/libboards__posix__native_posix.a(irq_ctrl.c.obj)
                              (--whole-archive)
zephyr/boards/posix/native_posix/libboards__posix__native_posix.a(main.c.obj)
                              (--whole-archive)
zephyr/boards/posix/native_posix/libboards__posix__native_posix.a(tracing.c.obj)
                              (--whole-archive)
zephyr/boards/posix/native_posix/libboards__posix__native_posix.a(cmdline_common.c.obj)
                              (--whole-archive)
zephyr/boards/posix/native_posix/libboards__posix__native_posix.a(cmdline.c.obj)
                              (--whole-archive)
zephyr/boards/posix/native_posix/libboards__posix__native_posix.a(cpu_wait.c.obj)
                              (--whole-archive)
zephyr/boards/posix/native_posix/libboards__posix__native_posix.a(hw_counter.c.obj)
[...]
Memory Configuration

Name             Origin             Length             Attributes
*default*        0x0000000000000000 0xffffffffffffffff

Linker script and memory map

LOAD app/libapp.a
LOAD zephyr/libzephyr.a
LOAD zephyr/arch/arch/posix/core/libarch__posix__core.a
LOAD zephyr/soc/posix/inf_clock/libsoc__posix__inf_clock.a
LOAD zephyr/boards/posix/native_posix/libboards__posix__native_posix.a
LOAD zephyr/drivers/crypto/libdrivers__crypto.a
LOAD zephyr/drivers/serial/libdrivers__serial.a
LOAD zephyr/kernel/libkernel.a
LOAD zephyr/CMakeFiles/offsets.dir/arch/posix/core/offsets/offsets.c.obj
LOAD /usr/lib/gcc/x86_64-linux-gnu/9/../../../x86_64-linux-gnu/libdl.so
LOAD /usr/lib/gcc/x86_64-linux-gnu/9/../../../x86_64-linux-gnu/libm.so
START GROUP
LOAD /lib/x86_64-linux-gnu/libm.so.6
LOAD /lib/x86_64-linux-gnu/libmvec.so.1
END GROUP
LOAD /usr/lib/gcc/x86_64-linux-gnu/9/libgcc.a
LOAD /usr/lib/gcc/x86_64-linux-gnu/9/libgcc_s.so
START GROUP
LOAD /usr/lib/gcc/x86_64-linux-gnu/9/../../../x86_64-linux-gnu/libgcc_s.so.1
LOAD /usr/lib/gcc/x86_64-linux-gnu/9/libgcc.a
END GROUP
LOAD /usr/lib/gcc/x86_64-linux-gnu/9/../../../x86_64-linux-gnu/libpthread.so
LOAD /usr/lib/gcc/x86_64-linux-gnu/9/../../../x86_64-linux-gnu/libc.so
START GROUP
LOAD /lib/x86_64-linux-gnu/libc.so.6
LOAD /usr/lib/x86_64-linux-gnu/libc_nonshared.a
LOAD /lib/x86_64-linux-gnu/ld-linux-x86-64.so.2
END GROUP
LOAD /usr/lib/gcc/x86_64-linux-gnu/9/libgcc.a
LOAD /usr/lib/gcc/x86_64-linux-gnu/9/libgcc_s.so
START GROUP
LOAD /usr/lib/gcc/x86_64-linux-gnu/9/../../../x86_64-linux-gnu/libgcc_s.so.1
LOAD /usr/lib/gcc/x86_64-linux-gnu/9/libgcc.a
END GROUP
LOAD /usr/lib/gcc/x86_64-linux-gnu/9/crtendS.o
LOAD /usr/lib/gcc/x86_64-linux-gnu/9/../../../x86_64-linux-gnu/crtn.o
                [!provide]                        PROVIDE (__executable_start = SEGMENT_START ("text-segment", 0x0))
                0x0000000000000318                . = (SEGMENT_START ("text-segment", 0x0) + SIZEOF_HEADERS)

.interp         0x0000000000000318       0x1c
 *(SORT_BY_ALIGNMENT(.interp))
 .interp        0x0000000000000318       0x1c /usr/lib/gcc/x86_64-linux-gnu/9/../../../x86_64-linux-gnu/Scrt1.o

.note.gnu.property
                0x0000000000000338       0x20
 .note.gnu.property
                0x0000000000000338       0x20 /usr/lib/gcc/x86_64-linux-gnu/9/../../../x86_64-linux-gnu/Scrt1.o

.note.ABI-tag   0x0000000000000358       0x20
 .note.ABI-tag  0x0000000000000358       0x20 /usr/lib/gcc/x86_64-linux-gnu/9/../../../x86_64-linux-gnu/Scrt1.o

.note.gnu.build-id
 *(SORT_BY_ALIGNMENT(.note.gnu.build-id))

.hash
 *(SORT_BY_ALIGNMENT(.hash))

.gnu.hash       0x0000000000000378       0x24
 *(SORT_BY_ALIGNMENT(.gnu.hash))
 .gnu.hash      0x0000000000000378       0x24 /usr/lib/gcc/x86_64-linux-gnu/9/../../../x86_64-linux-gnu/Scrt1.o

.dynsym         0x00000000000003a0      0x5d0
 *(SORT_BY_ALIGNMENT(.dynsym))
 .dynsym        0x00000000000003a0      0x5d0 /usr/lib/gcc/x86_64-linux-gnu/9/../../../x86_64-linux-gnu/Scrt1.o

.dynstr         0x0000000000000970      0x342
 *(SORT_BY_ALIGNMENT(.dynstr))
 .dynstr        0x0000000000000970      0x342 /usr/lib/gcc/x86_64-linux-gnu/9/../../../x86_64-linux-gnu/Scrt1.o

.gnu.version    0x0000000000000cb2       0x7c
 *(SORT_BY_ALIGNMENT(.gnu.version))
 .gnu.version   0x0000000000000cb2       0x7c /usr/lib/gcc/x86_64-linux-gnu/9/../../../x86_64-linux-gnu/Scrt1.o

.gnu.version_d  0x0000000000000d30        0x0
 *(SORT_BY_ALIGNMENT(.gnu.version_d))
 .gnu.version_d
                0x0000000000000d30        0x0 /usr/lib/gcc/x86_64-linux-gnu/9/../../../x86_64-linux-gnu/Scrt1.o

.gnu.version_r  0x0000000000000d30       0xa0
 *(SORT_BY_ALIGNMENT(.gnu.version_r))
 .gnu.version_r
                0x0000000000000d30       0xa0 /usr/lib/gcc/x86_64-linux-gnu/9/../../../x86_64-linux-gnu/Scrt1.o

.rela.dyn       0x0000000000000dd0      0xc60
 *(SORT_BY_ALIGNMENT(.rela.init))
 *(SORT_BY_ALIGNMENT(.rela.text) SORT_BY_ALIGNMENT(.rela.text.*) SORT_BY_ALIGNMENT(.rela.gnu.linkonce.t.*))
 .rela.text.z_impl_device_get_binding
                0x0000000000000dd0        0x0 /usr/lib/gcc/x86_64-linux-gnu/9/../../../x86_64-linux-gnu/Scrt1.o
 .rela.text.z_init_static_threads
                0x0000000000000dd0        0x0 /usr/lib/gcc/x86_64-linux-gnu/9/../../../x86_64-linux-gnu/Scrt1.o
 .rela.text.statics_init
                0x0000000000000dd0        0x0 /usr/lib/gcc/x86_64-linux-gnu/9/../../../x86_64-linux-gnu/Scrt1.o
 .rela.text     0x0000000000000dd0        0x0 /usr/lib/gcc/x86_64-linux-gnu/9/../../../x86_64-linux-gnu/Scrt1.o
 *(SORT_BY_ALIGNMENT(.rela.fini))
 *(SORT_BY_ALIGNMENT(.rela.rodata) SORT_BY_ALIGNMENT(.rela.rodata.*) SORT_BY_ALIGNMENT(.rela.gnu.linkonce.r.*))
 *(SORT_BY_ALIGNMENT(.rela.data) SORT_BY_ALIGNMENT(.rela.data.*) SORT_BY_ALIGNMENT(.rela.gnu.linkonce.d.*))
 .rela.data.rel.ro
                0x0000000000000dd0        0x0 /usr/lib/gcc/x86_64-linux-gnu/9/../../../x86_64-linux-gnu/Scrt1.o
 .rela.data.rel.local
                0x0000000000000dd0       0x18 /usr/lib/gcc/x86_64-linux-gnu/9/../../../x86_64-linux-gnu/Scrt1.o
 .rela.data.rel._char_out
                0x0000000000000de8       0x18 /usr/lib/gcc/x86_64-linux-gnu/9/../../../x86_64-linux-gnu/Scrt1.o
 .rela.data.rel.ro.native_pre_tasks.6323
                0x0000000000000e00       0x90 /usr/lib/gcc/x86_64-linux-gnu/9/../../../x86_64-linux-gnu/Scrt1.o
 .rela.data.rel.local.timer_options.3187
                0x0000000000000e90      0x300 /usr/lib/gcc/x86_64-linux-gnu/9/../../../x86_64-linux-gnu/Scrt1.o
 .rela.data.rel.trace_options.3560
                0x0000000000001190      0x120 /usr/lib/gcc/x86_64-linux-gnu/9/../../../x86_64-linux-gnu/Scrt1.o
 .rela.data.rel.local.testargs_options.2552
                0x00000000000012b0       0x48 /usr/lib/gcc/x86_64-linux-gnu/9/../../../x86_64-linux-gnu/Scrt1.o
 .rela.data.rel.local.crypto_enc_funcs
                0x00000000000012f8       0x48 /usr/lib/gcc/x86_64-linux-gnu/9/../../../x86_64-linux-gnu/Scrt1.o
 .rela.data.rel.local.uart_options.7286
                0x0000000000001340       0xc0 /usr/lib/gcc/x86_64-linux-gnu/9/../../../x86_64-linux-gnu/Scrt1.o
 .rela.data.rel.local.np_uart_driver_api_0
                0x0000000000001400       0x30 /usr/lib/gcc/x86_64-linux-gnu/9/../../../x86_64-linux-gnu/Scrt1.o
 .rela.data.rel.ro.levels.4940
                0x0000000000001430       0x78 /usr/lib/gcc/x86_64-linux-gnu/9/../../../x86_64-linux-gnu/Scrt1.o
 .rela.data.rel.local.timeout_list
                0x00000000000014a8       0x30 /usr/lib/gcc/x86_64-linux-gnu/9/../../../x86_64-linux-gnu/Scrt1.o
 *(SORT_BY_ALIGNMENT(.rela.tdata) SORT_BY_ALIGNMENT(.rela.tdata.*) SORT_BY_ALIGNMENT(.rela.gnu.linkonce.td.*))
 *(SORT_BY_ALIGNMENT(.rela.tbss) SORT_BY_ALIGNMENT(.rela.tbss.*) SORT_BY_ALIGNMENT(.rela.gnu.linkonce.tb.*))
 *(SORT_BY_ALIGNMENT(.rela.ctors))
 *(SORT_BY_ALIGNMENT(.rela.dtors))
 *(SORT_BY_ALIGNMENT(.rela.got))
 .rela.got      0x00000000000014d8      0x120 /usr/lib/gcc/x86_64-linux-gnu/9/../../../x86_64-linux-gnu/Scrt1.o
 *(SORT_BY_ALIGNMENT(.rela.bss) SORT_BY_ALIGNMENT(.rela.bss.*) SORT_BY_ALIGNMENT(.rela.gnu.linkonce.b.*))
 .rela.bss      0x00000000000015f8        0x0 /usr/lib/gcc/x86_64-linux-gnu/9/../../../x86_64-linux-gnu/Scrt1.o
 *(SORT_BY_ALIGNMENT(.rela.ldata) SORT_BY_ALIGNMENT(.rela.ldata.*) SORT_BY_ALIGNMENT(.rela.gnu.linkonce.l.*))
 *(SORT_BY_ALIGNMENT(.rela.lbss) SORT_BY_ALIGNMENT(.rela.lbss.*) SORT_BY_ALIGNMENT(.rela.gnu.linkonce.lb.*))
 *(SORT_BY_ALIGNMENT(.rela.lrodata) SORT_BY_ALIGNMENT(.rela.lrodata.*) SORT_BY_ALIGNMENT(.rela.gnu.linkonce.lr.*))
 *(SORT_BY_ALIGNMENT(.rela.ifunc))
 .rela.ifunc    0x00000000000015f8        0x0 /usr/lib/gcc/x86_64-linux-gnu/9/../../../x86_64-linux-gnu/Scrt1.o
 .rela.fini_array
                0x00000000000015f8       0x18 /usr/lib/gcc/x86_64-linux-gnu/9/../../../x86_64-linux-gnu/Scrt1.o
 .rela.init_array
                0x0000000000001610       0x18 /usr/lib/gcc/x86_64-linux-gnu/9/../../../x86_64-linux-gnu/Scrt1.o
 .rela._k_msgq.static.uart_msgq
                0x0000000000001628       0x90 /usr/lib/gcc/x86_64-linux-gnu/9/../../../x86_64-linux-gnu/Scrt1.o
 .rela.__static_thread_data.static._k_thread_data_processing_tid
                0x00000000000016b8       0x60 /usr/lib/gcc/x86_64-linux-gnu/9/../../../x86_64-linux-gnu/Scrt1.o
 .rela.__static_thread_data.static._k_thread_data_uart_out_tid
                0x0000000000001718       0x60 /usr/lib/gcc/x86_64-linux-gnu/9/../../../x86_64-linux-gnu/Scrt1.o
 .rela.__static_thread_data.static._k_thread_data_uart_in_tid
                0x0000000000001778       0x60 /usr/lib/gcc/x86_64-linux-gnu/9/../../../x86_64-linux-gnu/Scrt1.o
 .rela.init_PRE_KERNEL_160_
                0x00000000000017d8       0x30 /usr/lib/gcc/x86_64-linux-gnu/9/../../../x86_64-linux-gnu/Scrt1.o
 .rela.init_PRE_KERNEL_20_
                0x0000000000001808       0x30 /usr/lib/gcc/x86_64-linux-gnu/9/../../../x86_64-linux-gnu/Scrt1.o
 .rela.device_PRE_KERNEL_20_
                0x0000000000001838       0x48 /usr/lib/gcc/x86_64-linux-gnu/9/../../../x86_64-linux-gnu/Scrt1.o
 .rela.native_PRE_BOOT_11_task
                0x0000000000001880       0x18 /usr/lib/gcc/x86_64-linux-gnu/9/../../../x86_64-linux-gnu/Scrt1.o
 .rela.native_PRE_BOOT_20_task
                0x0000000000001898       0x18 /usr/lib/gcc/x86_64-linux-gnu/9/../../../x86_64-linux-gnu/Scrt1.o
 .rela.init_POST_KERNEL90_
                0x00000000000018b0       0x30 /usr/lib/gcc/x86_64-linux-gnu/9/../../../x86_64-linux-gnu/Scrt1.o
 .rela.device_POST_KERNEL90_
                0x00000000000018e0       0x60 /usr/lib/gcc/x86_64-linux-gnu/9/../../../x86_64-linux-gnu/Scrt1.o
 .rela.native_ON_EXIT99_task
                0x0000000000001940       0x18 /usr/lib/gcc/x86_64-linux-gnu/9/../../../x86_64-linux-gnu/Scrt1.o
 .rela.native_PRE_BOOT_111_task
                0x0000000000001958       0x18 /usr/lib/gcc/x86_64-linux-gnu/9/../../../x86_64-linux-gnu/Scrt1.o
 .rela.init_PRE_KERNEL_150_
                0x0000000000001970       0x30 /usr/lib/gcc/x86_64-linux-gnu/9/../../../x86_64-linux-gnu/Scrt1.o
 .rela.device_PRE_KERNEL_150_
                0x00000000000019a0       0x78 /usr/lib/gcc/x86_64-linux-gnu/9/../../../x86_64-linux-gnu/Scrt1.o
 .rela.init_PRE_KERNEL_130_
                0x0000000000001a18       0x18 /usr/lib/gcc/x86_64-linux-gnu/9/../../../x86_64-linux-gnu/Scrt1.o

.rela.plt       0x0000000000001a30      0x4f8
 *(SORT_BY_ALIGNMENT(.rela.plt))
 .rela.plt      0x0000000000001a30      0x4f8 /usr/lib/gcc/x86_64-linux-gnu/9/../../../x86_64-linux-gnu/Scrt1.o
 *(SORT_BY_ALIGNMENT(.rela.iplt))
                0x0000000000002000                . = ALIGN (CONSTANT (MAXPAGESIZE))

.init           0x0000000000002000       0x1b
 *(SORT_NONE(.init))
 .init          0x0000000000002000       0x16 /usr/lib/gcc/x86_64-linux-gnu/9/../../../x86_64-linux-gnu/crti.o
                0x0000000000002000                _init
 .init          0x0000000000002016        0x5 /usr/lib/gcc/x86_64-linux-gnu/9/../../../x86_64-linux-gnu/crtn.o

.plt            0x0000000000002020      0x360
 *(SORT_BY_ALIGNMENT(.plt))
 .plt           0x0000000000002020      0x360 /usr/lib/gcc/x86_64-linux-gnu/9/../../../x86_64-linux-gnu/Scrt1.o
 *(SORT_BY_ALIGNMENT(.iplt))

.plt.got        0x0000000000002380       0x10
 *(SORT_BY_ALIGNMENT(.plt.got))
 .plt.got       0x0000000000002380       0x10 /usr/lib/gcc/x86_64-linux-gnu/9/../../../x86_64-linux-gnu/Scrt1.o
                0x0000000000002380                __cxa_finalize@@GLIBC_2.2.5

.plt.sec        0x0000000000002390      0x350
 *(SORT_BY_ALIGNMENT(.plt.sec))
 .plt.sec       0x0000000000002390      0x350 /usr/lib/gcc/x86_64-linux-gnu/9/../../../x86_64-linux-gnu/Scrt1.o
                0x0000000000002390                ptsname@@GLIBC_2.2.5
                0x00000000000023a0                __snprintf_chk@@GLIBC_2.3.4
                0x00000000000023b0                free@@GLIBC_2.2.5
                0x00000000000023c0                pthread_create@@GLIBC_2.2.5
                0x00000000000023d0                strcasecmp@@GLIBC_2.2.5
                0x00000000000023e0                pthread_detach@@GLIBC_2.2.5
                0x00000000000023f0                __vfprintf_chk@@GLIBC_2.3.4
                0x0000000000002400                __errno_location@@GLIBC_2.2.5
                0x0000000000002410                pthread_cond_broadcast@@GLIBC_2.3.2
                0x0000000000002420                pthread_cancel@@GLIBC_2.2.5
                0x0000000000002430                isatty@@GLIBC_2.2.5
                0x0000000000002440                sigaction@@GLIBC_2.2.5
                0x0000000000002450                __pthread_register_cancel@@GLIBC_2.3.3
                0x0000000000002460                strtod@@GLIBC_2.2.5
                0x0000000000002470                fcntl@@GLIBC_2.2.5
                0x0000000000002480                clock_gettime@@GLIBC_2.17
                0x0000000000002490                write@@GLIBC_2.2.5
                0x00000000000024a0                pthread_cond_wait@@GLIBC_2.3.2
                0x00000000000024b0                __stack_chk_fail@@GLIBC_2.4
                0x00000000000024c0                system@@GLIBC_2.2.5
                0x00000000000024d0                snprintf@@GLIBC_2.2.5
                0x00000000000024e0                nanosleep@@GLIBC_2.2.5
                0x00000000000024f0                strnlen@@GLIBC_2.2.5
                0x0000000000002500                close@@GLIBC_2.2.5
                0x0000000000002510                read@@GLIBC_2.2.5
                0x0000000000002520                strtoull@@GLIBC_2.2.5
                0x0000000000002530                calloc@@GLIBC_2.2.5
                0x0000000000002540                strcmp@@GLIBC_2.2.5
                0x0000000000002550                strtoll@@GLIBC_2.2.5
                0x0000000000002560                unlockpt@@GLIBC_2.2.5
                0x0000000000002570                __memcpy_chk@@GLIBC_2.3.4
                0x0000000000002580                sigemptyset@@GLIBC_2.2.5
                0x0000000000002590                strtol@@GLIBC_2.2.5
                0x00000000000025a0                pthread_mutex_unlock@@GLIBC_2.2.5
                0x00000000000025b0                pthread_exit@@GLIBC_2.2.5
                0x00000000000025c0                malloc@@GLIBC_2.2.5
                0x00000000000025d0                realloc@@GLIBC_2.2.5
                0x00000000000025e0                setvbuf@@GLIBC_2.2.5
                0x00000000000025f0                pthread_self@@GLIBC_2.2.5
                0x0000000000002600                tcgetattr@@GLIBC_2.2.5
                0x0000000000002610                tcsetattr@@GLIBC_2.2.5
                0x0000000000002620                strtoul@@GLIBC_2.2.5
                0x0000000000002630                grantpt@@GLIBC_2.2.5
                0x0000000000002640                __memset_chk@@GLIBC_2.3.4
                0x0000000000002650                __pthread_unwind_next@@GLIBC_2.3.3
                0x0000000000002660                exit@@GLIBC_2.2.5
                0x0000000000002670                __fprintf_chk@@GLIBC_2.3.4
                0x0000000000002680                __sigsetjmp@@GLIBC_2.2.5
                0x0000000000002690                posix_openpt@@GLIBC_2.2.5
                0x00000000000026a0                sleep@@GLIBC_2.2.5
                0x00000000000026b0                pthread_mutex_lock@@GLIBC_2.2.5
                0x00000000000026c0                __ctype_b_loc@@GLIBC_2.3
                0x00000000000026d0                __sprintf_chk@@GLIBC_2.3.4

.text           0x00000000000026e0     0x60d8
 *(SORT_BY_ALIGNMENT(.text.unlikely) SORT_BY_ALIGNMENT(.text.*_unlikely) SORT_BY_ALIGNMENT(.text.unlikely.*))
 *(SORT_BY_ALIGNMENT(.text.exit) SORT_BY_ALIGNMENT(.text.exit.*))
 *(SORT_BY_ALIGNMENT(.text.startup) SORT_BY_ALIGNMENT(.text.startup.*))
 *(SORT_BY_ALIGNMENT(.text.hot) SORT_BY_ALIGNMENT(.text.hot.*))
 *(SORT_BY_NAME(SORT_BY_ALIGNMENT(.text.sorted.*)))
 *(SORT_BY_ALIGNMENT(.text) SORT_BY_ALIGNMENT(.stub) SORT_BY_ALIGNMENT(.text.*) SORT_BY_ALIGNMENT(.gnu.linkonce.t.*))
 .text          0x00000000000026e0       0x2f /usr/lib/gcc/x86_64-linux-gnu/9/../../../x86_64-linux-gnu/Scrt1.o
                0x00000000000026e0                _start
 *fill*         0x000000000000270f        0x1 
 .text          0x0000000000002710       0xb9 /usr/lib/gcc/x86_64-linux-gnu/9/crtbeginS.o
 *fill*         0x00000000000027c9        0x7 
 .text          0x00000000000027d0       0x75 /usr/lib/x86_64-linux-gnu/libc_nonshared.a(elf-init.oS)
                0x00000000000027d0                __libc_csu_init
                0x0000000000002840                __libc_csu_fini
 .text.uart_out
                0x0000000000002845       0xbb app/libapp.a(main.c.obj)
                0x0000000000002845                uart_out
 .text.processing
                0x0000000000002900       0x43 app/libapp.a(main.c.obj)
                0x0000000000002900                processing
 .text.zephyr_app_main
                0x0000000000002943       0x97 app/libapp.a(main.c.obj)
                0x0000000000002943                zephyr_app_main
 .text.state_machine
                0x00000000000029da       0xa3 app/libapp.a(main.c.obj)
                0x00000000000029da                state_machine
 .text.uart_in  0x0000000000002a7d       0x11 app/libapp.a(main.c.obj)
                0x0000000000002a7d                uart_in
 .text.arch_printk_char_out
                0x0000000000002a8e        0x7 zephyr/libzephyr.a(printk.c.obj)
                0x0000000000002a8e                arch_printk_char_out
 .text.char_out
                0x0000000000002a95        0xf zephyr/libzephyr.a(printk.c.obj)
 .text.__printk_hook_install
                0x0000000000002aa4        0xf zephyr/libzephyr.a(printk.c.obj)
                0x0000000000002aa4                __printk_hook_install
 .text.vprintk  0x0000000000002ab3       0x51 zephyr/libzephyr.a(printk.c.obj)
                0x0000000000002ab3                vprintk
 .text.printk   0x0000000000002b04       0xba zephyr/libzephyr.a(printk.c.obj)
                0x0000000000002b04                printk
 .text.z_thread_entry
                0x0000000000002bbe       0x3d zephyr/libzephyr.a(thread_entry.c.obj)
                0x0000000000002bbe                z_thread_entry
 .text.chunk_size
                0x0000000000002bfb        0x9 zephyr/libzephyr.a(heap.c.obj)
 .text.set_chunk_used
                0x0000000000002c04       0x1f zephyr/libzephyr.a(heap.c.obj)
 .text.free_list_add
                0x0000000000002c23       0x68 zephyr/libzephyr.a(heap.c.obj)
 .text.sys_heap_init
                0x0000000000002c8b       0xae zephyr/libzephyr.a(heap.c.obj)
                0x0000000000002c8b                sys_heap_init
 .text.outs     0x0000000000002d39       0x51 zephyr/libzephyr.a(cbprintf_complete.c.obj)
 .text.extract_decimal
                0x0000000000002d8a       0x37 zephyr/libzephyr.a(cbprintf_complete.c.obj)
 .text.encode_uint
                0x0000000000002dc1       0xad zephyr/libzephyr.a(cbprintf_complete.c.obj)
 .text.cbvprintf
                0x0000000000002e6e      0xa36 zephyr/libzephyr.a(cbprintf_complete.c.obj)
                0x0000000000002e6e                cbvprintf
 .text._ConfigAbsSyms
                0x00000000000038a4        0x5 zephyr/libzephyr.a(configs.c.obj)
                0x00000000000038a4                _ConfigAbsSyms
 .text.uart_console_init
                0x00000000000038a9       0x28 zephyr/libzephyr.a(uart_console.c.obj)
 .text.console_out
                0x00000000000038d1       0x39 zephyr/libzephyr.a(uart_console.c.obj)
 .text.native_posix_console_init
                0x000000000000390a       0x4b zephyr/libzephyr.a(native_posix_console.c.obj)
 .text.np_timer_isr
                0x0000000000003955       0x39 zephyr/libzephyr.a(native_posix_timer.c.obj)
 .text.sys_clock_driver_init
                0x000000000000398e       0x53 zephyr/libzephyr.a(native_posix_timer.c.obj)
                0x000000000000398e                sys_clock_driver_init
 .text.sys_clock_set_timeout
                0x00000000000039e1       0x27 zephyr/libzephyr.a(native_posix_timer.c.obj)
                0x00000000000039e1                sys_clock_set_timeout
 .text.sys_clock_elapsed
                0x0000000000003a08       0x1c zephyr/libzephyr.a(native_posix_timer.c.obj)
                0x0000000000003a08                sys_clock_elapsed
 .text._copy    0x0000000000003a24       0x19 zephyr/libzephyr.a(utils.c.obj)
                0x0000000000003a24                _copy
 .text._set     0x0000000000003a3d        0xb zephyr/libzephyr.a(utils.c.obj)
                0x0000000000003a3d                _set
 .text._double_byte
                0x0000000000003a48       0x13 zephyr/libzephyr.a(utils.c.obj)
                0x0000000000003a48                _double_byte
 .text._compare
                0x0000000000003a5b       0x27 zephyr/libzephyr.a(utils.c.obj)
                0x0000000000003a5b                _compare
 .text.add_round_key
                0x0000000000003a82       0x65 zephyr/libzephyr.a(aes_decrypt.c.obj)
 .text.inv_shift_rows
                0x0000000000003ae7       0xb1 zephyr/libzephyr.a(aes_decrypt.c.obj)
 .text.mult_row_column
                0x0000000000003b98      0x3b0 zephyr/libzephyr.a(aes_decrypt.c.obj)
 .text.tc_aes_decrypt
                0x0000000000003f48      0x185 zephyr/libzephyr.a(aes_decrypt.c.obj)
                0x0000000000003f48                tc_aes_decrypt
 .text.add_round_key
                0x00000000000040cd       0x65 zephyr/libzephyr.a(aes_encrypt.c.obj)
 .text.shift_rows
                0x0000000000004132       0xb1 zephyr/libzephyr.a(aes_encrypt.c.obj)
 .text.mult_row_column
                0x00000000000041e3       0xba zephyr/libzephyr.a(aes_encrypt.c.obj)
 .text.tc_aes128_set_encrypt_key
                0x000000000000429d      0x103 zephyr/libzephyr.a(aes_encrypt.c.obj)
                0x000000000000429d                tc_aes128_set_encrypt_key
 .text.tc_aes_encrypt
                0x00000000000043a0      0x184 zephyr/libzephyr.a(aes_encrypt.c.obj)
                0x00000000000043a0                tc_aes_encrypt
 .text.tc_cbc_mode_encrypt
                0x0000000000004524      0x129 zephyr/libzephyr.a(cbc_mode.c.obj)
                0x0000000000004524                tc_cbc_mode_encrypt
 .text.tc_cbc_mode_decrypt
                0x000000000000464d       0xca zephyr/libzephyr.a(cbc_mode.c.obj)
                0x000000000000464d                tc_cbc_mode_decrypt
 .text.tc_ctr_mode
                0x0000000000004717      0x125 zephyr/libzephyr.a(ctr_mode.c.obj)
                0x0000000000004717                tc_ctr_mode
 .text.ccm_cbc_mac
                0x000000000000483c       0x6a zephyr/libzephyr.a(ccm_mode.c.obj)
 .text.ccm_ctr_mode.constprop.0
                0x00000000000048a6      0x129 zephyr/libzephyr.a(ccm_mode.c.obj)
 .text.tc_ccm_config
                0x00000000000049cf       0x4a zephyr/libzephyr.a(ccm_mode.c.obj)
                0x00000000000049cf                tc_ccm_config
 .text.tc_ccm_generation_encryption
                0x0000000000004a19      0x1b6 zephyr/libzephyr.a(ccm_mode.c.obj)
                0x0000000000004a19                tc_ccm_generation_encryption
 .text.tc_ccm_decryption_verification
                0x0000000000004bcf      0x1fe zephyr/libzephyr.a(ccm_mode.c.obj)
                0x0000000000004bcf                tc_ccm_decryption_verification
 .text.arch_cpu_idle
                0x0000000000004dcd       0x10 zephyr/arch/arch/posix/core/libarch__posix__core.a(cpuhalt.c.obj)
                0x0000000000004dcd                arch_cpu_idle
 .text.arch_irq_enable
                0x0000000000004ddd        0x9 zephyr/arch/arch/posix/core/libarch__posix__core.a(irq.c.obj)
                0x0000000000004ddd                arch_irq_enable
 .text.pc_safe_call
                0x0000000000004de6       0x13 zephyr/arch/arch/posix/core/libarch__posix__core.a(posix_core.c.obj)
 .text.posix_preexit_cleanup
                0x0000000000004df9       0x29 zephyr/arch/arch/posix/core/libarch__posix__core.a(posix_core.c.obj)
 .text.abort_tail
                0x0000000000004e22       0x27 zephyr/arch/arch/posix/core/libarch__posix__core.a(posix_core.c.obj)
 .text.posix_wait_until_allowed
                0x0000000000004e49       0x62 zephyr/arch/arch/posix/core/libarch__posix__core.a(posix_core.c.obj)
 .text.posix_cleanup_handler
                0x0000000000004eab       0x37 zephyr/arch/arch/posix/core/libarch__posix__core.a(posix_core.c.obj)
 .text.posix_thread_starter
                0x0000000000004ee2       0xbf zephyr/arch/arch/posix/core/libarch__posix__core.a(posix_core.c.obj)
 .text.posix_swap
                0x0000000000004fa1       0x47 zephyr/arch/arch/posix/core/libarch__posix__core.a(posix_core.c.obj)
                0x0000000000004fa1                posix_swap
 .text.posix_main_thread_start
                0x0000000000004fe8       0x31 zephyr/arch/arch/posix/core/libarch__posix__core.a(posix_core.c.obj)
                0x0000000000004fe8                posix_main_thread_start
 .text.posix_new_thread
                0x0000000000005019       0xda zephyr/arch/arch/posix/core/libarch__posix__core.a(posix_core.c.obj)
                0x0000000000005019                posix_new_thread
 .text.posix_init_multithreading
                0x00000000000050f3       0x65 zephyr/arch/arch/posix/core/libarch__posix__core.a(posix_core.c.obj)
                0x00000000000050f3                posix_init_multithreading
 .text.posix_core_clean_up
                0x0000000000005158       0x71 zephyr/arch/arch/posix/core/libarch__posix__core.a(posix_core.c.obj)
                0x0000000000005158                posix_core_clean_up
 .text.posix_abort_thread
                0x00000000000051c9       0x1e zephyr/arch/arch/posix/core/libarch__posix__core.a(posix_core.c.obj)
                0x00000000000051c9                posix_abort_thread
 .text.z_impl_k_thread_abort
                0x00000000000051e7       0x8b zephyr/arch/arch/posix/core/libarch__posix__core.a(posix_core.c.obj)
                0x00000000000051e7                z_impl_k_thread_abort
 .text.arch_swap
                0x0000000000005272       0x4a zephyr/arch/arch/posix/core/libarch__posix__core.a(swap.c.obj)
                0x0000000000005272                arch_swap
 .text.arch_switch_to_main_thread
                0x00000000000052bc       0x1f zephyr/arch/arch/posix/core/libarch__posix__core.a(swap.c.obj)
                0x00000000000052bc                arch_switch_to_main_thread
 .text.arch_new_thread
                0x00000000000052db       0x30 zephyr/arch/arch/posix/core/libarch__posix__core.a(thread.c.obj)
                0x00000000000052db                arch_new_thread
 .text.posix_new_thread_pre_start
                0x000000000000530b        0x9 zephyr/arch/arch/posix/core/libarch__posix__core.a(thread.c.obj)
                0x000000000000530b                posix_new_thread_pre_start
 .text.pc_safe_call
                0x0000000000005314       0x13 zephyr/soc/posix/inf_clock/libsoc__posix__inf_clock.a(soc.c.obj)
 .text.zephyr_wrapper
                0x0000000000005327       0x45 zephyr/soc/posix/inf_clock/libsoc__posix__inf_clock.a(soc.c.obj)
 .text.posix_is_cpu_running
                0x000000000000536c       0x11 zephyr/soc/posix/inf_clock/libsoc__posix__inf_clock.a(soc.c.obj)
                0x000000000000536c                posix_is_cpu_running
 .text.posix_change_cpu_state_and_wait
                0x000000000000537d       0x83 zephyr/soc/posix/inf_clock/libsoc__posix__inf_clock.a(soc.c.obj)
                0x000000000000537d                posix_change_cpu_state_and_wait
 .text.posix_interrupt_raised
                0x0000000000005400       0x1f zephyr/soc/posix/inf_clock/libsoc__posix__inf_clock.a(soc.c.obj)
                0x0000000000005400                posix_interrupt_raised
 .text.posix_halt_cpu
                0x000000000000541f       0x15 zephyr/soc/posix/inf_clock/libsoc__posix__inf_clock.a(soc.c.obj)
                0x000000000000541f                posix_halt_cpu
 .text.posix_boot_cpu
                0x0000000000005434       0xc1 zephyr/soc/posix/inf_clock/libsoc__posix__inf_clock.a(soc.c.obj)
                0x0000000000005434                posix_boot_cpu
 .text.run_native_tasks
                0x00000000000054f5       0x3a zephyr/soc/posix/inf_clock/libsoc__posix__inf_clock.a(soc.c.obj)
                0x00000000000054f5                run_native_tasks
 .text.posix_soc_clean_up
                0x000000000000552f       0x91 zephyr/soc/posix/inf_clock/libsoc__posix__inf_clock.a(soc.c.obj)
                0x000000000000552f                posix_soc_clean_up
 .text.hwm_signal_end_handler
                0x00000000000055c0        0xf zephyr/boards/posix/native_posix/libboards__posix__native_posix.a(hw_models_top.c.obj)
                0x00000000000055c0                hwm_signal_end_handler
 .text.hwm_set_sig_handler
                0x00000000000055cf       0xcc zephyr/boards/posix/native_posix/libboards__posix__native_posix.a(hw_models_top.c.obj)
                0x00000000000055cf                hwm_set_sig_handler
 .text.hwm_find_next_timer
                0x000000000000569b       0x64 zephyr/boards/posix/native_posix/libboards__posix__native_posix.a(hw_models_top.c.obj)
                0x000000000000569b                hwm_find_next_timer
 .text.hwm_main_loop
                0x00000000000056ff       0xc9 zephyr/boards/posix/native_posix/libboards__posix__native_posix.a(hw_models_top.c.obj)
                0x00000000000056ff                hwm_main_loop
 .text.hwm_set_end_of_time
                0x00000000000057c8        0xc zephyr/boards/posix/native_posix/libboards__posix__native_posix.a(hw_models_top.c.obj)
                0x00000000000057c8                hwm_set_end_of_time
 .text.hwm_get_time
                0x00000000000057d4        0xc zephyr/boards/posix/native_posix/libboards__posix__native_posix.a(hw_models_top.c.obj)
                0x00000000000057d4                hwm_get_time
 .text.hwm_init
                0x00000000000057e0       0x1f zephyr/boards/posix/native_posix/libboards__posix__native_posix.a(hw_models_top.c.obj)
                0x00000000000057e0                hwm_init
 .text.hwm_cleanup
                0x00000000000057ff       0x10 zephyr/boards/posix/native_posix/libboards__posix__native_posix.a(hw_models_top.c.obj)
                0x00000000000057ff                hwm_cleanup
 .text.hwtimer_update_timer
                0x000000000000580f       0x23 zephyr/boards/posix/native_posix/libboards__posix__native_posix.a(timer_model.c.obj)
 .text.native_add_time_options
                0x0000000000005832       0x10 zephyr/boards/posix/native_posix/libboards__posix__native_posix.a(timer_model.c.obj)
 .text.cmd_stop_at_found
                0x0000000000005842       0x5c zephyr/boards/posix/native_posix/libboards__posix__native_posix.a(timer_model.c.obj)
 .text.hwtimer_set_real_time_mode
                0x000000000000589e        0xc zephyr/boards/posix/native_posix/libboards__posix__native_posix.a(timer_model.c.obj)
                0x000000000000589e                hwtimer_set_real_time_mode
 .text.cmd_no_realtime_found
                0x00000000000058aa        0xb zephyr/boards/posix/native_posix/libboards__posix__native_posix.a(timer_model.c.obj)
 .text.cmd_realtime_found
                0x00000000000058b5        0xe zephyr/boards/posix/native_posix/libboards__posix__native_posix.a(timer_model.c.obj)
 .text.get_host_us_time
                0x00000000000058c3       0xaa zephyr/boards/posix/native_posix/libboards__posix__native_posix.a(timer_model.c.obj)
                0x00000000000058c3                get_host_us_time
 .text.hwtimer_init
                0x000000000000596d      0x103 zephyr/boards/posix/native_posix/libboards__posix__native_posix.a(timer_model.c.obj)
                0x000000000000596d                hwtimer_init
 .text.hwtimer_cleanup
                0x0000000000005a70        0x5 zephyr/boards/posix/native_posix/libboards__posix__native_posix.a(timer_model.c.obj)
                0x0000000000005a70                hwtimer_cleanup
 .text.hwtimer_enable
                0x0000000000005a75       0x2d zephyr/boards/posix/native_posix/libboards__posix__native_posix.a(timer_model.c.obj)
                0x0000000000005a75                hwtimer_enable
 .text.hwtimer_timer_reached
                0x0000000000005aa2      0x185 zephyr/boards/posix/native_posix/libboards__posix__native_posix.a(timer_model.c.obj)
                0x0000000000005aa2                hwtimer_timer_reached
 .text.hwtimer_set_silent_ticks
                0x0000000000005c27        0xc zephyr/boards/posix/native_posix/libboards__posix__native_posix.a(timer_model.c.obj)
                0x0000000000005c27                hwtimer_set_silent_ticks
 .text.hwtimer_reset_rtc
                0x0000000000005c33        0xc zephyr/boards/posix/native_posix/libboards__posix__native_posix.a(timer_model.c.obj)
                0x0000000000005c33                hwtimer_reset_rtc
 .text.cmd_rtcreset_found
                0x0000000000005c3f        0x9 zephyr/boards/posix/native_posix/libboards__posix__native_posix.a(timer_model.c.obj)
 .text.hwtimer_set_rtc_offset
                0x0000000000005c48        0xc zephyr/boards/posix/native_posix/libboards__posix__native_posix.a(timer_model.c.obj)
                0x0000000000005c48                hwtimer_set_rtc_offset
 .text.cmd_rtcoffset_found
                0x0000000000005c54       0x1e zephyr/boards/posix/native_posix/libboards__posix__native_posix.a(timer_model.c.obj)
 .text.hwtimer_set_rt_ratio
                0x0000000000005c72        0xd zephyr/boards/posix/native_posix/libboards__posix__native_posix.a(timer_model.c.obj)
                0x0000000000005c72                hwtimer_set_rt_ratio
 .text.cmd_rt_ratio_found
                0x0000000000005c7f       0x38 zephyr/boards/posix/native_posix/libboards__posix__native_posix.a(timer_model.c.obj)
 .text.cmd_rt_drift_found
                0x0000000000005cb7       0x43 zephyr/boards/posix/native_posix/libboards__posix__native_posix.a(timer_model.c.obj)
 .text.posix_irq_handler
                0x0000000000005cfa      0x108 zephyr/boards/posix/native_posix/libboards__posix__native_posix.a(irq_handler.c.obj)
                0x0000000000005cfa                posix_irq_handler
 .text.posix_irq_handler_im_from_sw
                0x0000000000005e02       0x32 zephyr/boards/posix/native_posix/libboards__posix__native_posix.a(irq_handler.c.obj)
                0x0000000000005e02                posix_irq_handler_im_from_sw
 .text.posix_irq_lock
                0x0000000000005e34        0xe zephyr/boards/posix/native_posix/libboards__posix__native_posix.a(irq_handler.c.obj)
                0x0000000000005e34                posix_irq_lock
 .text.posix_irq_unlock
                0x0000000000005e42        0x9 zephyr/boards/posix/native_posix/libboards__posix__native_posix.a(irq_handler.c.obj)
                0x0000000000005e42                posix_irq_unlock
 .text.posix_irq_full_unlock
                0x0000000000005e4b        0xb zephyr/boards/posix/native_posix/libboards__posix__native_posix.a(irq_handler.c.obj)
                0x0000000000005e4b                posix_irq_full_unlock
 .text.posix_irq_enable
                0x0000000000005e56        0x9 zephyr/boards/posix/native_posix/libboards__posix__native_posix.a(irq_handler.c.obj)
                0x0000000000005e56                posix_irq_enable
 .text.posix_isr_declare
                0x0000000000005e5f       0x25 zephyr/boards/posix/native_posix/libboards__posix__native_posix.a(irq_handler.c.obj)
                0x0000000000005e5f                posix_isr_declare
 .text.posix_irq_priority_set
                0x0000000000005e84        0x9 zephyr/boards/posix/native_posix/libboards__posix__native_posix.a(irq_handler.c.obj)
                0x0000000000005e84                posix_irq_priority_set
 .text.irq_raising_from_hw_now
                0x0000000000005e8d       0x1f zephyr/boards/posix/native_posix/libboards__posix__native_posix.a(irq_ctrl.c.obj)
 .text.hw_irq_ctrl_irq_raise_prefix
                0x0000000000005eac       0x40 zephyr/boards/posix/native_posix/libboards__posix__native_posix.a(irq_ctrl.c.obj)
 .text.hw_irq_ctrl_init
                0x0000000000005eec       0x3f zephyr/boards/posix/native_posix/libboards__posix__native_posix.a(irq_ctrl.c.obj)
                0x0000000000005eec                hw_irq_ctrl_init
 .text.hw_irq_ctrl_cleanup
                0x0000000000005f2b        0x5 zephyr/boards/posix/native_posix/libboards__posix__native_posix.a(irq_ctrl.c.obj)
                0x0000000000005f2b                hw_irq_ctrl_cleanup
 .text.hw_irq_ctrl_set_cur_prio
                0x0000000000005f30        0xb zephyr/boards/posix/native_posix/libboards__posix__native_posix.a(irq_ctrl.c.obj)
                0x0000000000005f30                hw_irq_ctrl_set_cur_prio
 .text.hw_irq_ctrl_get_cur_prio
                0x0000000000005f3b        0xb zephyr/boards/posix/native_posix/libboards__posix__native_posix.a(irq_ctrl.c.obj)
                0x0000000000005f3b                hw_irq_ctrl_get_cur_prio
 .text.hw_irq_ctrl_prio_set
                0x0000000000005f46       0x12 zephyr/boards/posix/native_posix/libboards__posix__native_posix.a(irq_ctrl.c.obj)
                0x0000000000005f46                hw_irq_ctrl_prio_set
 .text.hw_irq_ctrl_get_prio
                0x0000000000005f58       0x11 zephyr/boards/posix/native_posix/libboards__posix__native_posix.a(irq_ctrl.c.obj)
                0x0000000000005f58                hw_irq_ctrl_get_prio
 .text.hw_irq_ctrl_get_current_lock
                0x0000000000005f69        0xc zephyr/boards/posix/native_posix/libboards__posix__native_posix.a(irq_ctrl.c.obj)
                0x0000000000005f69                hw_irq_ctrl_get_current_lock
 .text.hw_irq_ctrl_change_lock
                0x0000000000005f75       0x33 zephyr/boards/posix/native_posix/libboards__posix__native_posix.a(irq_ctrl.c.obj)
                0x0000000000005f75                hw_irq_ctrl_change_lock
 .text.hw_irq_ctrl_get_irq_status
                0x0000000000005fa8        0xc zephyr/boards/posix/native_posix/libboards__posix__native_posix.a(irq_ctrl.c.obj)
                0x0000000000005fa8                hw_irq_ctrl_get_irq_status
 .text.hw_irq_ctrl_get_highest_prio_irq
                0x0000000000005fb4       0x6f zephyr/boards/posix/native_posix/libboards__posix__native_posix.a(irq_ctrl.c.obj)
                0x0000000000005fb4                hw_irq_ctrl_get_highest_prio_irq
 .text.hw_irq_ctrl_clear_irq
                0x0000000000006023       0x1f zephyr/boards/posix/native_posix/libboards__posix__native_posix.a(irq_ctrl.c.obj)
                0x0000000000006023                hw_irq_ctrl_clear_irq
 .text.hw_irq_ctrl_set_irq
                0x0000000000006042       0x33 zephyr/boards/posix/native_posix/libboards__posix__native_posix.a(irq_ctrl.c.obj)
                0x0000000000006042                hw_irq_ctrl_set_irq
 .text.hw_irq_ctrl_raise_im_from_sw
                0x0000000000006075       0x1b zephyr/boards/posix/native_posix/libboards__posix__native_posix.a(irq_ctrl.c.obj)
                0x0000000000006075                hw_irq_ctrl_raise_im_from_sw
 .text.hw_irq_ctrl_enable_irq
                0x0000000000006090       0x28 zephyr/boards/posix/native_posix/libboards__posix__native_posix.a(irq_ctrl.c.obj)
                0x0000000000006090                hw_irq_ctrl_enable_irq
 .text.hw_irq_ctrl_timer_triggered
                0x00000000000060b8       0x17 zephyr/boards/posix/native_posix/libboards__posix__native_posix.a(irq_ctrl.c.obj)
                0x00000000000060b8                hw_irq_ctrl_timer_triggered
 .text.posix_exit
                0x00000000000060cf       0x32 zephyr/boards/posix/native_posix/libboards__posix__native_posix.a(main.c.obj)
                0x00000000000060cf                posix_exit
 .text.main     0x0000000000006101       0x5b zephyr/boards/posix/native_posix/libboards__posix__native_posix.a(main.c.obj)
                0x0000000000006101                main
 .text.trace_disable_color
                0x000000000000615c       0x10 zephyr/boards/posix/native_posix/libboards__posix__native_posix.a(tracing.c.obj)
                0x000000000000615c                trace_disable_color
 .text.trace_enable_color
                0x000000000000616c       0x10 zephyr/boards/posix/native_posix/libboards__posix__native_posix.a(tracing.c.obj)
                0x000000000000616c                trace_enable_color
 .text.trace_force_color
                0x000000000000617c       0x16 zephyr/boards/posix/native_posix/libboards__posix__native_posix.a(tracing.c.obj)
                0x000000000000617c                trace_force_color
 .text.decide_about_color
                0x0000000000006192       0x39 zephyr/boards/posix/native_posix/libboards__posix__native_posix.a(tracing.c.obj)
 .text.posix_print_error_and_exit
                0x00000000000061cb       0xd9 zephyr/boards/posix/native_posix/libboards__posix__native_posix.a(tracing.c.obj)
                0x00000000000061cb                posix_print_error_and_exit
 .text.posix_print_warning
                0x00000000000062a4       0xcf zephyr/boards/posix/native_posix/libboards__posix__native_posix.a(tracing.c.obj)
                0x00000000000062a4                posix_print_warning
 .text.posix_print_trace
                0x0000000000006373       0xcf zephyr/boards/posix/native_posix/libboards__posix__native_posix.a(tracing.c.obj)
                0x0000000000006373                posix_print_trace
 .text.native_add_tracing_options
                0x0000000000006442       0x10 zephyr/boards/posix/native_posix/libboards__posix__native_posix.a(tracing.c.obj)
                0x0000000000006442                native_add_tracing_options
 .text.cmd_gen_switch_syntax.constprop.0
                0x0000000000006452       0xe4 zephyr/boards/posix/native_posix/libboards__posix__native_posix.a(cmdline_common.c.obj)
 .text.cmd_is_option
                0x0000000000006536       0xae zephyr/boards/posix/native_posix/libboards__posix__native_posix.a(cmdline_common.c.obj)
                0x0000000000006536                cmd_is_option
 .text.cmd_is_help_option
                0x00000000000065e4       0x6d zephyr/boards/posix/native_posix/libboards__posix__native_posix.a(cmdline_common.c.obj)
                0x00000000000065e4                cmd_is_help_option
 .text.cmd_read_option_value
                0x0000000000006651      0x192 zephyr/boards/posix/native_posix/libboards__posix__native_posix.a(cmdline_common.c.obj)
                0x0000000000006651                cmd_read_option_value
 .text.cmd_args_set_defaults
                0x00000000000067e3       0xc5 zephyr/boards/posix/native_posix/libboards__posix__native_posix.a(cmdline_common.c.obj)
                0x00000000000067e3                cmd_args_set_defaults
 .text.cmd_print_switches_help
                0x00000000000068a8      0x10a zephyr/boards/posix/native_posix/libboards__posix__native_posix.a(cmdline_common.c.obj)
                0x00000000000068a8                cmd_print_switches_help
 .text.cmd_print_long_help
                0x00000000000069b2      0x191 zephyr/boards/posix/native_posix/libboards__posix__native_posix.a(cmdline_common.c.obj)
                0x00000000000069b2                cmd_print_long_help
 .text.cmd_parse_one_arg
                0x0000000000006b43       0xc3 zephyr/boards/posix/native_posix/libboards__posix__native_posix.a(cmdline_common.c.obj)
                0x0000000000006b43                cmd_parse_one_arg
 .text.native_cleanup_cmd_line
                0x0000000000006c06       0x24 zephyr/boards/posix/native_posix/libboards__posix__native_posix.a(cmdline.c.obj)
                0x0000000000006c06                native_cleanup_cmd_line
 .text.native_add_command_line_opts
                0x0000000000006c2a       0xa7 zephyr/boards/posix/native_posix/libboards__posix__native_posix.a(cmdline.c.obj)
                0x0000000000006c2a                native_add_command_line_opts
 .text.native_add_testargs_option
                0x0000000000006cd1       0x10 zephyr/boards/posix/native_posix/libboards__posix__native_posix.a(cmdline.c.obj)
                0x0000000000006cd1                native_add_testargs_option
 .text.native_handle_cmd_line
                0x0000000000006ce1       0xbb zephyr/boards/posix/native_posix/libboards__posix__native_posix.a(cmdline.c.obj)
                0x0000000000006ce1                native_handle_cmd_line
 .text.hw_counter_init
                0x0000000000006d9c       0x3b zephyr/boards/posix/native_posix/libboards__posix__native_posix.a(hw_counter.c.obj)
                0x0000000000006d9c                hw_counter_init
 .text.hw_counter_triggered
                0x0000000000006dd7       0x54 zephyr/boards/posix/native_posix/libboards__posix__native_posix.a(hw_counter.c.obj)
                0x0000000000006dd7                hw_counter_triggered
 .text.tc_query_caps
                0x0000000000006e2b        0xa zephyr/drivers/crypto/libdrivers__crypto.a(crypto_tc_shim.c.obj)
 .text.tc_shim_init
                0x0000000000006e35       0x1b zephyr/drivers/crypto/libdrivers__crypto.a(crypto_tc_shim.c.obj)
 .text.tc_session_free
                0x0000000000006e50       0x15 zephyr/drivers/crypto/libdrivers__crypto.a(crypto_tc_shim.c.obj)
 .text.tc_session_setup
                0x0000000000006e65      0x10d zephyr/drivers/crypto/libdrivers__crypto.a(crypto_tc_shim.c.obj)
 .text.do_ccm_decrypt_auth
                0x0000000000006f72       0xbc zephyr/drivers/crypto/libdrivers__crypto.a(crypto_tc_shim.c.obj)
 .text.do_cbc_decrypt
                0x000000000000702e       0x49 zephyr/drivers/crypto/libdrivers__crypto.a(crypto_tc_shim.c.obj)
 .text.do_ccm_encrypt_mac
                0x0000000000007077       0xb0 zephyr/drivers/crypto/libdrivers__crypto.a(crypto_tc_shim.c.obj)
 .text.do_ctr_op
                0x0000000000007127       0x97 zephyr/drivers/crypto/libdrivers__crypto.a(crypto_tc_shim.c.obj)
 .text.do_cbc_encrypt
                0x00000000000071be       0x3c zephyr/drivers/crypto/libdrivers__crypto.a(crypto_tc_shim.c.obj)
 .text.np_uart_tty_poll_in
                0x00000000000071fa       0x22 zephyr/drivers/serial/libdrivers__serial.a(uart_native_posix.c.obj)
 .text.np_cleanup_uart
                0x000000000000721c       0x14 zephyr/drivers/serial/libdrivers__serial.a(uart_native_posix.c.obj)
 .text.np_add_uart_options
                0x0000000000007230       0x10 zephyr/drivers/serial/libdrivers__serial.a(uart_native_posix.c.obj)
 .text.np_uart_0_init
                0x0000000000007240      0x2db zephyr/drivers/serial/libdrivers__serial.a(uart_native_posix.c.obj)
 .text.np_uart_poll_out
                0x000000000000751b       0x27 zephyr/drivers/serial/libdrivers__serial.a(uart_native_posix.c.obj)
 .text.z_device_state_init
                0x0000000000007542        0x5 zephyr/kernel/libkernel.a(device.c.obj)
                0x0000000000007542                z_device_state_init
 .text.z_sys_init_run_level
                0x0000000000007547       0x68 zephyr/kernel/libkernel.a(device.c.obj)
                0x0000000000007547                z_sys_init_run_level
 .text.z_device_ready
                0x00000000000075af       0x16 zephyr/kernel/libkernel.a(device.c.obj)
                0x00000000000075af                z_device_ready
 .text.z_impl_device_get_binding
                0x00000000000075c5       0x7b zephyr/kernel/libkernel.a(device.c.obj)
                0x00000000000075c5                z_impl_device_get_binding
 .text.bg_thread_main
                0x0000000000007640       0x3f zephyr/kernel/libkernel.a(init.c.obj)
 .text.z_cstart
                0x000000000000767f      0x12c zephyr/kernel/libkernel.a(init.c.obj)
                0x000000000000767f                z_cstart
 .text.z_impl_k_msgq_put
                0x00000000000077ab       0xf7 zephyr/kernel/libkernel.a(msg_q.c.obj)
                0x00000000000077ab                z_impl_k_msgq_put
 .text.z_impl_k_msgq_get
                0x00000000000078a2      0x11b zephyr/kernel/libkernel.a(msg_q.c.obj)
                0x00000000000078a2                z_impl_k_msgq_get
 .text.z_sched_prio_cmp
                0x00000000000079bd       0x17 zephyr/kernel/libkernel.a(sched.c.obj)
                0x00000000000079bd                z_sched_prio_cmp
 .text.z_reset_time_slice
                0x00000000000079d4       0x2e zephyr/kernel/libkernel.a(sched.c.obj)
                0x00000000000079d4                z_reset_time_slice
 .text.k_sched_time_slice_set
                0x0000000000007a02       0x76 zephyr/kernel/libkernel.a(sched.c.obj)
                0x0000000000007a02                k_sched_time_slice_set
 .text.z_reschedule
                0x0000000000007a78       0x29 zephyr/kernel/libkernel.a(sched.c.obj)
                0x0000000000007a78                z_reschedule
 .text.z_reschedule_irqlock
                0x0000000000007aa1       0x1d zephyr/kernel/libkernel.a(sched.c.obj)
                0x0000000000007aa1                z_reschedule_irqlock
 .text.z_reschedule_unlocked
                0x0000000000007abe        0xe zephyr/kernel/libkernel.a(sched.c.obj)
 .text.k_sched_lock
                0x0000000000007acc       0x20 zephyr/kernel/libkernel.a(sched.c.obj)
                0x0000000000007acc                k_sched_lock
 .text.z_priq_dumb_remove
                0x0000000000007aec       0x22 zephyr/kernel/libkernel.a(sched.c.obj)
                0x0000000000007aec                z_priq_dumb_remove
 .text.unpend_thread_no_timeout
                0x0000000000007b0e       0x1e zephyr/kernel/libkernel.a(sched.c.obj)
 .text.z_priq_dumb_best
                0x0000000000007b2c       0x14 zephyr/kernel/libkernel.a(sched.c.obj)
                0x0000000000007b2c                z_priq_dumb_best
 .text.update_cache
                0x0000000000007b40       0x52 zephyr/kernel/libkernel.a(sched.c.obj)
 .text.unready_thread
                0x0000000000007b92       0x38 zephyr/kernel/libkernel.a(sched.c.obj)
 .text.add_to_waitq_locked
                0x0000000000007bca       0x77 zephyr/kernel/libkernel.a(sched.c.obj)
 .text.pend     0x0000000000007c41       0x54 zephyr/kernel/libkernel.a(sched.c.obj)
 .text.z_pend_curr
                0x0000000000007c95       0x25 zephyr/kernel/libkernel.a(sched.c.obj)
                0x0000000000007c95                z_pend_curr
 .text.z_tick_sleep.part.0
                0x0000000000007cba       0x70 zephyr/kernel/libkernel.a(sched.c.obj)
 .text.z_impl_k_thread_suspend
                0x0000000000007d2a       0x6b zephyr/kernel/libkernel.a(sched.c.obj)
                0x0000000000007d2a                z_impl_k_thread_suspend
 .text.k_sched_unlock
                0x0000000000007d95       0x2e zephyr/kernel/libkernel.a(sched.c.obj)
                0x0000000000007d95                k_sched_unlock
 .text.move_thread_to_end_of_prio_q
                0x0000000000007dc3       0xa2 zephyr/kernel/libkernel.a(sched.c.obj)
 .text.z_time_slice
                0x0000000000007e65       0x71 zephyr/kernel/libkernel.a(sched.c.obj)
                0x0000000000007e65                z_time_slice
 .text.ready_thread
                0x0000000000007ed6       0xa1 zephyr/kernel/libkernel.a(sched.c.obj)
 .text.z_ready_thread
                0x0000000000007f77       0x2b zephyr/kernel/libkernel.a(sched.c.obj)
                0x0000000000007f77                z_ready_thread
 .text.z_sched_start
                0x0000000000007fa2       0x51 zephyr/kernel/libkernel.a(sched.c.obj)
                0x0000000000007fa2                z_sched_start
 .text.z_thread_timeout
                0x0000000000007ff3       0x42 zephyr/kernel/libkernel.a(sched.c.obj)
                0x0000000000007ff3                z_thread_timeout
 .text.z_unpend_first_thread
                0x0000000000008035       0x4d zephyr/kernel/libkernel.a(sched.c.obj)
                0x0000000000008035                z_unpend_first_thread
 .text.z_sched_init
                0x0000000000008082       0x20 zephyr/kernel/libkernel.a(sched.c.obj)
                0x0000000000008082                z_sched_init
 .text.z_impl_k_yield
                0x00000000000080a2       0xc4 zephyr/kernel/libkernel.a(sched.c.obj)
                0x00000000000080a2                z_impl_k_yield
 .text.z_impl_k_sleep
                0x0000000000008166       0x38 zephyr/kernel/libkernel.a(sched.c.obj)
                0x0000000000008166                z_impl_k_sleep
 .text.z_impl_k_current_get
                0x000000000000819e       0x10 zephyr/kernel/libkernel.a(sched.c.obj)
                0x000000000000819e                z_impl_k_current_get
 .text.z_thread_abort
                0x00000000000081ae       0xcb zephyr/kernel/libkernel.a(sched.c.obj)
                0x00000000000081ae                z_thread_abort
 .text.z_impl_k_thread_start
                0x0000000000008279        0x9 zephyr/kernel/libkernel.a(thread.c.obj)
                0x0000000000008279                z_impl_k_thread_start
 .text.z_init_thread_base
                0x0000000000008282       0x2b zephyr/kernel/libkernel.a(thread.c.obj)
                0x0000000000008282                z_init_thread_base
 .text.z_setup_new_thread
                0x00000000000082ad       0x9c zephyr/kernel/libkernel.a(thread.c.obj)
                0x00000000000082ad                z_setup_new_thread
 .text.z_init_static_threads
                0x0000000000008349       0xb5 zephyr/kernel/libkernel.a(thread.c.obj)
                0x0000000000008349                z_init_static_threads
 .text.boot_banner
                0x00000000000083fe       0x20 zephyr/kernel/libkernel.a(banner.c.obj)
                0x00000000000083fe                boot_banner
 .text.elapsed  0x000000000000841e       0x11 zephyr/kernel/libkernel.a(timeout.c.obj)
 .text.remove_timeout
                0x000000000000842f       0x39 zephyr/kernel/libkernel.a(timeout.c.obj)
 .text.next_timeout
                0x0000000000008468       0x5d zephyr/kernel/libkernel.a(timeout.c.obj)
 .text.z_add_timeout
                0x00000000000084c5      0x11c zephyr/kernel/libkernel.a(timeout.c.obj)
                0x00000000000084c5                z_add_timeout
 .text.z_abort_timeout
                0x00000000000085e1       0x42 zephyr/kernel/libkernel.a(timeout.c.obj)
                0x00000000000085e1                z_abort_timeout
 .text.z_set_timeout_expiry
                0x0000000000008623       0x48 zephyr/kernel/libkernel.a(timeout.c.obj)
                0x0000000000008623                z_set_timeout_expiry
 .text.sys_clock_announce
                0x000000000000866b       0xba zephyr/kernel/libkernel.a(timeout.c.obj)
                0x000000000000866b                sys_clock_announce
 .text.sys_clock_tick_get
                0x0000000000008725       0x2d zephyr/kernel/libkernel.a(timeout.c.obj)
                0x0000000000008725                sys_clock_tick_get
 .text.sys_clock_tick_get_32
                0x0000000000008752        0xc zephyr/kernel/libkernel.a(timeout.c.obj)
                0x0000000000008752                sys_clock_tick_get_32
 .text.idle     0x000000000000875e       0x11 zephyr/kernel/libkernel.a(idle.c.obj)
                0x000000000000875e                idle
 .text.k_heap_init
                0x000000000000876f       0x15 zephyr/kernel/libkernel.a(kheap.c.obj)
                0x000000000000876f                k_heap_init
 .text.statics_init
                0x0000000000008784       0x2f zephyr/kernel/libkernel.a(kheap.c.obj)
 .text._OffsetAbsSyms
                0x00000000000087b3        0x5 zephyr/CMakeFiles/offsets.dir/arch/posix/core/offsets/offsets.c.obj
                0x00000000000087b3                _OffsetAbsSyms
 *(SORT_BY_ALIGNMENT(.gnu.warning))

.fini           0x00000000000087b8        0xd
 *(SORT_NONE(.fini))
 .fini          0x00000000000087b8        0x8 /usr/lib/gcc/x86_64-linux-gnu/9/../../../x86_64-linux-gnu/crti.o
                0x00000000000087b8                _fini
 .fini          0x00000000000087c0        0x5 /usr/lib/gcc/x86_64-linux-gnu/9/../../../x86_64-linux-gnu/crtn.o
                [!provide]                        PROVIDE (__etext = .)
                [!provide]                        PROVIDE (_etext = .)
                [!provide]                        PROVIDE (etext = .)
                0x0000000000009000                . = ALIGN (CONSTANT (MAXPAGESIZE))
                0x0000000000009000                . = SEGMENT_START ("rodata-segment", (ALIGN (CONSTANT (MAXPAGESIZE)) + (. & (CONSTANT (MAXPAGESIZE) - 0x1))))

.rodata         0x0000000000009000     0x13c4
 *(SORT_BY_ALIGNMENT(.rodata) SORT_BY_ALIGNMENT(.rodata.*) SORT_BY_ALIGNMENT(.gnu.linkonce.r.*))
 .rodata.inv_sbox
                0x0000000000009000      0x100 zephyr/libzephyr.a(aes_decrypt.c.obj)
 .rodata        0x0000000000009100       0x2c zephyr/libzephyr.a(aes_encrypt.c.obj)
 *fill*         0x000000000000912c       0x14 
 .rodata.sbox   0x0000000000009140      0x100 zephyr/libzephyr.a(aes_encrypt.c.obj)
 .rodata.__func__.5217
                0x0000000000009240       0x1d zephyr/boards/posix/native_posix/libboards__posix__native_posix.a(irq_handler.c.obj)
 *fill*         0x000000000000925d        0x3 
 .rodata.default_cmd
                0x0000000000009260       0x15 zephyr/drivers/serial/libdrivers__serial.a(uart_native_posix.c.obj)
 *fill*         0x0000000000009275        0x3 
 .rodata.cst8   0x0000000000009278       0x28 zephyr/boards/posix/native_posix/libboards__posix__native_posix.a(timer_model.c.obj)
 .rodata.cst8   0x00000000000092a0        0x8 zephyr/boards/posix/native_posix/libboards__posix__native_posix.a(cmdline_common.c.obj)
 .rodata.cbvprintf
                0x00000000000092a8       0xfc zephyr/libzephyr.a(cbprintf_complete.c.obj)
 .rodata.cst4   0x00000000000093a4        0x8 zephyr/boards/posix/native_posix/libboards__posix__native_posix.a(hw_models_top.c.obj)
 .rodata.uart_out.str1.1
                0x00000000000093ac       0x2b app/libapp.a(main.c.obj)
 .rodata.processing.str1.1
                0x00000000000093d7       0x2e app/libapp.a(main.c.obj)
 .rodata.zephyr_app_main.str1.1
                0x0000000000009405       0x6e app/libapp.a(main.c.obj)
 .rodata.state_machine.str1.1
                0x0000000000009473       0x2f app/libapp.a(main.c.obj)
 .rodata.str1.1
                0x00000000000094a2       0x28 app/libapp.a(main.c.obj)
 .rodata.z_thread_entry.str1.1
                0x00000000000094ca       0x4e zephyr/libzephyr.a(thread_entry.c.obj)
 .rodata.cbvprintf.str1.1
                0x0000000000009518        0x6 zephyr/libzephyr.a(cbprintf_complete.c.obj)
 .rodata.uart_console_init.str1.1
                0x000000000000951e        0x7 zephyr/libzephyr.a(uart_console.c.obj)
 .rodata.str1.1
                0x000000000000951e        0xa zephyr/libzephyr.a(sys_clock_init.c.obj)
 .rodata.pc_safe_call.str1.1
                0x0000000000009528       0x1a zephyr/arch/arch/posix/core/libarch__posix__core.a(posix_core.c.obj)
 .rodata.posix_preexit_cleanup.str1.1
                0x0000000000009542       0x23 zephyr/arch/arch/posix/core/libarch__posix__core.a(posix_core.c.obj)
 .rodata.posix_thread_starter.str1.1
                0x0000000000009565       0x21 zephyr/arch/arch/posix/core/libarch__posix__core.a(posix_core.c.obj)
 .rodata.posix_swap.str1.1
                0x0000000000009586       0x26 zephyr/arch/arch/posix/core/libarch__posix__core.a(posix_core.c.obj)
 .rodata.posix_new_thread.str1.1
                0x00000000000095ac       0x8c zephyr/arch/arch/posix/core/libarch__posix__core.a(posix_core.c.obj)
 .rodata.posix_core_clean_up.str1.1
                0x0000000000009638       0x34 zephyr/arch/arch/posix/core/libarch__posix__core.a(posix_core.c.obj)
 .rodata.z_impl_k_thread_abort.str1.1
                0x000000000000966c       0x7c zephyr/arch/arch/posix/core/libarch__posix__core.a(posix_core.c.obj)
 .rodata.pc_safe_call.str1.1
                0x00000000000096e8       0x1a zephyr/soc/posix/inf_clock/libsoc__posix__inf_clock.a(soc.c.obj)
 .rodata.zephyr_wrapper.str1.1
                0x00000000000096e8       0x3c zephyr/soc/posix/inf_clock/libsoc__posix__inf_clock.a(soc.c.obj)
 .rodata.posix_change_cpu_state_and_wait.str1.1
                0x0000000000009724       0x22 zephyr/soc/posix/inf_clock/libsoc__posix__inf_clock.a(soc.c.obj)
 .rodata.posix_boot_cpu.str1.1
                0x0000000000009746       0x3b zephyr/soc/posix/inf_clock/libsoc__posix__inf_clock.a(soc.c.obj)
 .rodata.hwm_set_sig_handler.str1.1
                0x0000000000009781       0x57 zephyr/boards/posix/native_posix/libboards__posix__native_posix.a(hw_models_top.c.obj)
                                         0x71 (size before relaxing)
 .rodata.hwm_main_loop.str1.1
                0x00000000000097d8       0x65 zephyr/boards/posix/native_posix/libboards__posix__native_posix.a(hw_models_top.c.obj)
 .rodata.cmd_stop_at_found.str1.1
                0x000000000000983d       0x26 zephyr/boards/posix/native_posix/libboards__posix__native_posix.a(timer_model.c.obj)
 .rodata.cmd_rt_ratio_found.str1.1
                0x0000000000009863       0x3c zephyr/boards/posix/native_posix/libboards__posix__native_posix.a(timer_model.c.obj)
 .rodata.cmd_rt_drift_found.str1.1
                0x000000000000989f       0x3d zephyr/boards/posix/native_posix/libboards__posix__native_posix.a(timer_model.c.obj)
 .rodata.str1.1
                0x00000000000098dc      0x3d9 zephyr/boards/posix/native_posix/libboards__posix__native_posix.a(timer_model.c.obj)
                                        0x3e8 (size before relaxing)
 .rodata.posix_irq_handler.str1.1
                0x0000000000009cb5       0x2e zephyr/boards/posix/native_posix/libboards__posix__native_posix.a(irq_handler.c.obj)
 .rodata.posix_irq_handler_im_from_sw.str1.1
                0x0000000000009ce3       0x35 zephyr/boards/posix/native_posix/libboards__posix__native_posix.a(irq_handler.c.obj)
 .rodata.str1.1
                0x0000000000009d18       0xb8 zephyr/boards/posix/native_posix/libboards__posix__native_posix.a(tracing.c.obj)
                                         0xbe (size before relaxing)
 .rodata.cmd_gen_switch_syntax.constprop.0.str1.1
                0x0000000000009dd0       0x75 zephyr/boards/posix/native_posix/libboards__posix__native_posix.a(cmdline_common.c.obj)
                                         0x77 (size before relaxing)
 .rodata.cmd_is_option.str1.1
                0x0000000000009e45       0x5a zephyr/boards/posix/native_posix/libboards__posix__native_posix.a(cmdline_common.c.obj)
 .rodata.cmd_is_help_option.str1.1
                0x0000000000009e9f        0x4 zephyr/boards/posix/native_posix/libboards__posix__native_posix.a(cmdline_common.c.obj)
                                          0x9 (size before relaxing)
 .rodata.cmd_read_option_value.str1.1
                0x0000000000009ea3       0x74 zephyr/boards/posix/native_posix/libboards__posix__native_posix.a(cmdline_common.c.obj)
                                         0x76 (size before relaxing)
 .rodata.cmd_print_switches_help.str1.1
                0x0000000000009f17       0x1d zephyr/boards/posix/native_posix/libboards__posix__native_posix.a(cmdline_common.c.obj)
                                         0x22 (size before relaxing)
 .rodata.cmd_print_long_help.str1.1
                0x0000000000009f34       0x7e zephyr/boards/posix/native_posix/libboards__posix__native_posix.a(cmdline_common.c.obj)
                                         0x7f (size before relaxing)
 .rodata.cmd_parse_one_arg.str1.1
                0x0000000000009fb2       0x4b zephyr/boards/posix/native_posix/libboards__posix__native_posix.a(cmdline_common.c.obj)
 .rodata.native_add_command_line_opts.str1.1
                0x0000000000009ffd       0x1a zephyr/boards/posix/native_posix/libboards__posix__native_posix.a(cmdline.c.obj)
 .rodata.native_handle_cmd_line.str1.1
                0x000000000000a017       0x5f zephyr/boards/posix/native_posix/libboards__posix__native_posix.a(cmdline.c.obj)
 .rodata.str1.1
                0x000000000000a076       0x66 zephyr/boards/posix/native_posix/libboards__posix__native_posix.a(cmdline.c.obj)
 .rodata.str1.1
                0x000000000000a0dc        0xa zephyr/drivers/crypto/libdrivers__crypto.a(crypto_tc_shim.c.obj)
 .rodata.np_uart_0_init.str1.1
                0x000000000000a0e6      0x1cb zephyr/drivers/serial/libdrivers__serial.a(uart_native_posix.c.obj)
                                        0x1d2 (size before relaxing)
 .rodata.str1.1
                0x000000000000a2b1       0xa5 zephyr/drivers/serial/libdrivers__serial.a(uart_native_posix.c.obj)
                                         0xa6 (size before relaxing)
 .rodata.z_cstart.str1.1
                0x000000000000a356       0x26 zephyr/kernel/libkernel.a(init.c.obj)
                                         0x4b (size before relaxing)
 .rodata.boot_banner.str1.1
                0x000000000000a37c       0x48 zephyr/kernel/libkernel.a(banner.c.obj)
                                         0x49 (size before relaxing)

.rodata1
 *(SORT_BY_ALIGNMENT(.rodata1))

.eh_frame_hdr   0x000000000000a3c4       0x3c
 *(SORT_BY_ALIGNMENT(.eh_frame_hdr))
 .eh_frame_hdr  0x000000000000a3c4       0x3c /usr/lib/gcc/x86_64-linux-gnu/9/../../../x86_64-linux-gnu/Scrt1.o
                0x000000000000a3c4                __GNU_EH_FRAME_HDR
 *(SORT_BY_ALIGNMENT(.eh_frame_entry) SORT_BY_ALIGNMENT(.eh_frame_entry.*))

.eh_frame       0x000000000000a400       0xe8
 *(SORT_BY_ALIGNMENT(.eh_frame))
 .eh_frame      0x000000000000a400       0x30 /usr/lib/gcc/x86_64-linux-gnu/9/../../../x86_64-linux-gnu/Scrt1.o
                                         0x2c (size before relaxing)
 *fill*         0x000000000000a430        0x0 
 .eh_frame      0x000000000000a430       0x28 /usr/lib/gcc/x86_64-linux-gnu/9/../../../x86_64-linux-gnu/Scrt1.o
                                         0x40 (size before relaxing)
 .eh_frame      0x000000000000a458       0x18 /usr/lib/gcc/x86_64-linux-gnu/9/../../../x86_64-linux-gnu/Scrt1.o
                                         0x30 (size before relaxing)
 .eh_frame      0x000000000000a470       0x18 /usr/lib/gcc/x86_64-linux-gnu/9/../../../x86_64-linux-gnu/Scrt1.o
                                         0x30 (size before relaxing)
 .eh_frame      0x000000000000a488       0x5c /usr/lib/x86_64-linux-gnu/libc_nonshared.a(elf-init.oS)
                                         0x78 (size before relaxing)
 .eh_frame      0x000000000000a4e4        0x4 /usr/lib/gcc/x86_64-linux-gnu/9/crtendS.o
 *(SORT_BY_ALIGNMENT(.eh_frame.*))

.gcc_except_table
 *(SORT_BY_ALIGNMENT(.gcc_except_table) SORT_BY_ALIGNMENT(.gcc_except_table.*))

.gnu_extab
 *(SORT_BY_ALIGNMENT(.gnu_extab*))

.exception_ranges
 *(SORT_BY_ALIGNMENT(.exception_ranges*))
                0x000000000000bb50                . = DATA_SEGMENT_ALIGN (CONSTANT (MAXPAGESIZE), CONSTANT (COMMONPAGESIZE))

.eh_frame
 *(SORT_BY_ALIGNMENT(.eh_frame))
 *(SORT_BY_ALIGNMENT(.eh_frame.*))

.gnu_extab
 *(SORT_BY_ALIGNMENT(.gnu_extab))

.gcc_except_table
 *(SORT_BY_ALIGNMENT(.gcc_except_table) SORT_BY_ALIGNMENT(.gcc_except_table.*))

.exception_ranges
 *(SORT_BY_ALIGNMENT(.exception_ranges*))

.tdata          0x000000000000bb50        0x0
                [!provide]                        PROVIDE (__tdata_start = .)
 *(SORT_BY_ALIGNMENT(.tdata) SORT_BY_ALIGNMENT(.tdata.*) SORT_BY_ALIGNMENT(.gnu.linkonce.td.*))

.tbss
 *(SORT_BY_ALIGNMENT(.tbss) SORT_BY_ALIGNMENT(.tbss.*) SORT_BY_ALIGNMENT(.gnu.linkonce.tb.*))
 *(SORT_BY_ALIGNMENT(.tcommon))

.preinit_array  0x000000000000bb50        0x0
                [!provide]                        PROVIDE (__preinit_array_start = .)
 *(SORT_BY_ALIGNMENT(.preinit_array))
                [!provide]                        PROVIDE (__preinit_array_end = .)

.init_array     0x000000000000bb50        0x8
                0x000000000000bb50                PROVIDE (__init_array_start = .)
 *(SORT_BY_INIT_PRIORITY(.init_array.*) SORT_BY_INIT_PRIORITY(.ctors.*))
 *(SORT_BY_ALIGNMENT(.init_array) SORT_BY_ALIGNMENT(EXCLUDE_FILE(*crtend?.o *crtend.o *crtbegin?.o *crtbegin.o) .ctors))
 .init_array    0x000000000000bb50        0x8 /usr/lib/gcc/x86_64-linux-gnu/9/crtbeginS.o
                0x000000000000bb58                PROVIDE (__init_array_end = .)

.fini_array     0x000000000000bb58        0x8
                [!provide]                        PROVIDE (__fini_array_start = .)
 *(SORT_BY_INIT_PRIORITY(.fini_array.*) SORT_BY_INIT_PRIORITY(.dtors.*))
 *(SORT_BY_ALIGNMENT(.fini_array) SORT_BY_ALIGNMENT(EXCLUDE_FILE(*crtend?.o *crtend.o *crtbegin?.o *crtbegin.o) .dtors))
 .fini_array    0x000000000000bb58        0x8 /usr/lib/gcc/x86_64-linux-gnu/9/crtbeginS.o
                [!provide]                        PROVIDE (__fini_array_end = .)

.ctors
 *crtbegin.o(SORT_BY_ALIGNMENT(.ctors))
 *crtbegin?.o(SORT_BY_ALIGNMENT(.ctors))
 *(SORT_BY_ALIGNMENT(EXCLUDE_FILE(*crtend?.o *crtend.o) .ctors))
 *(SORT_BY_NAME(SORT_BY_ALIGNMENT(.ctors.*)))
 *(SORT_BY_ALIGNMENT(.ctors))

.dtors
 *crtbegin.o(SORT_BY_ALIGNMENT(.dtors))
 *crtbegin?.o(SORT_BY_ALIGNMENT(.dtors))
 *(SORT_BY_ALIGNMENT(EXCLUDE_FILE(*crtend?.o *crtend.o) .dtors))
 *(SORT_BY_NAME(SORT_BY_ALIGNMENT(.dtors.*)))
 *(SORT_BY_ALIGNMENT(.dtors))

.jcr
 *(SORT_BY_ALIGNMENT(.jcr))

.data.rel.ro    0x000000000000bb60       0x68
 *(SORT_BY_ALIGNMENT(.data.rel.ro.local*) SORT_BY_ALIGNMENT(.gnu.linkonce.d.rel.ro.local.*))
 *(SORT_BY_ALIGNMENT(.data.rel.ro) SORT_BY_ALIGNMENT(.data.rel.ro.*) SORT_BY_ALIGNMENT(.gnu.linkonce.d.rel.ro.*))
 .data.rel.ro.native_pre_tasks.6323
                0x000000000000bb60       0x30 zephyr/soc/posix/inf_clock/libsoc__posix__inf_clock.a(soc.c.obj)
 *fill*         0x000000000000bb90       0x10 
 .data.rel.ro.levels.4940
                0x000000000000bba0       0x28 zephyr/kernel/libkernel.a(device.c.obj)
 .data.rel.ro   0x000000000000bbc8        0x0 /usr/lib/gcc/x86_64-linux-gnu/9/../../../x86_64-linux-gnu/Scrt1.o

.dynamic        0x000000000000bbc8      0x210
 *(SORT_BY_ALIGNMENT(.dynamic))
 .dynamic       0x000000000000bbc8      0x210 /usr/lib/gcc/x86_64-linux-gnu/9/../../../x86_64-linux-gnu/Scrt1.o
                0x000000000000bbc8                _DYNAMIC

.got            0x000000000000bdd8      0x220
 *(SORT_BY_ALIGNMENT(.got.plt))
 .got.plt       0x000000000000bdd8      0x1c0 /usr/lib/gcc/x86_64-linux-gnu/9/../../../x86_64-linux-gnu/Scrt1.o
                0x000000000000bdd8                _GLOBAL_OFFSET_TABLE_
 *(SORT_BY_ALIGNMENT(.igot.plt))
 *(SORT_BY_ALIGNMENT(.got))
 .got           0x000000000000bf98       0x60 /usr/lib/gcc/x86_64-linux-gnu/9/../../../x86_64-linux-gnu/Scrt1.o
 *(SORT_BY_ALIGNMENT(.igot))
                0x000000000000c000                . = DATA_SEGMENT_RELRO_END (., 0x0)

.data           0x000000000000c000      0x47e
 *(SORT_BY_ALIGNMENT(.data) SORT_BY_ALIGNMENT(.data.*) SORT_BY_ALIGNMENT(.gnu.linkonce.d.*))
 .data.rel.local.timer_options.3187
                0x000000000000c000      0x1c0 zephyr/boards/posix/native_posix/libboards__posix__native_posix.a(timer_model.c.obj)
 .data.rel.trace_options.3560
                0x000000000000c1c0       0xe0 zephyr/boards/posix/native_posix/libboards__posix__native_posix.a(tracing.c.obj)
 .data.rel.local.testargs_options.2552
                0x000000000000c2a0       0x70 zephyr/boards/posix/native_posix/libboards__posix__native_posix.a(cmdline.c.obj)
 *fill*         0x000000000000c310       0x10 
 .data.rel.local.crypto_enc_funcs
                0x000000000000c320       0x20 zephyr/drivers/crypto/libdrivers__crypto.a(crypto_tc_shim.c.obj)
 .data.rel.local.uart_options.7286
                0x000000000000c340       0xa8 zephyr/drivers/serial/libdrivers__serial.a(uart_native_posix.c.obj)
 *fill*         0x000000000000c3e8       0x18 
 .data.rel.local.np_uart_driver_api_0
                0x000000000000c400       0x30 zephyr/drivers/serial/libdrivers__serial.a(uart_native_posix.c.obj)
 .data.rel.local.timeout_list
                0x000000000000c430       0x10 zephyr/kernel/libkernel.a(timeout.c.obj)
 .data.rel.local
                0x000000000000c440        0x8 /usr/lib/gcc/x86_64-linux-gnu/9/crtbeginS.o
                0x000000000000c440                __dso_handle
 .data.rel._char_out
                0x000000000000c448        0x8 zephyr/libzephyr.a(printk.c.obj)
                0x000000000000c448                _char_out
 .data.end_of_time
                0x000000000000c450        0x8 zephyr/boards/posix/native_posix/libboards__posix__native_posix.a(hw_models_top.c.obj)
 .data.clock_ratio
                0x000000000000c458        0x8 zephyr/boards/posix/native_posix/libboards__posix__native_posix.a(timer_model.c.obj)
 .data.irq_ctrl_timer
                0x000000000000c460        0x8 zephyr/boards/posix/native_posix/libboards__posix__native_posix.a(irq_ctrl.c.obj)
                0x000000000000c460                irq_ctrl_timer
 .data.is_a_tty
                0x000000000000c468        0x8 zephyr/boards/posix/native_posix/libboards__posix__native_posix.a(tracing.c.obj)
 .data.next_timer_index
                0x000000000000c470        0x4 zephyr/boards/posix/native_posix/libboards__posix__native_posix.a(hw_models_top.c.obj)
 .data.currently_running_irq
                0x000000000000c474        0x4 zephyr/boards/posix/native_posix/libboards__posix__native_posix.a(irq_handler.c.obj)
 .data.currently_running_prio
                0x000000000000c478        0x4 zephyr/boards/posix/native_posix/libboards__posix__native_posix.a(irq_ctrl.c.obj)
 .data.cpu_halted
                0x000000000000c47c        0x1 zephyr/soc/posix/inf_clock/libsoc__posix__inf_clock.a(soc.c.obj)
 .data.real_time_mode
                0x000000000000c47d        0x1 zephyr/boards/posix/native_posix/libboards__posix__native_posix.a(timer_model.c.obj)
LOAD /usr/lib/gcc/x86_64-linux-gnu/9/../../../x86_64-linux-gnu/Scrt1.o
LOAD /usr/lib/gcc/x86_64-linux-gnu/9/../../../x86_64-linux-gnu/crti.o
LOAD /usr/lib/gcc/x86_64-linux-gnu/9/crtbeginS.o
LOAD zephyr/CMakeFiles/zephyr_prebuilt.dir/misc/empty_file.c.obj

.tm_clone_table
                0x000000000000c480        0x0
 .tm_clone_table
                0x000000000000c480        0x0 /usr/lib/gcc/x86_64-linux-gnu/9/crtbeginS.o
 .tm_clone_table
                0x000000000000c480        0x0 /usr/lib/gcc/x86_64-linux-gnu/9/crtendS.o

.noinit."../src/main.c".3
                0x000000000000c47e      0x3e8
 .noinit."../src/main.c".3
                0x000000000000c47e      0x3e8 app/libapp.a(main.c.obj)

.noinit."../src/main.c".2
                0x000000000000c868      0x400
 .noinit."../src/main.c".2
                0x000000000000c868      0x400 app/libapp.a(main.c.obj)
                0x000000000000c868                _k_thread_stack_processing_tid

.noinit."../src/main.c".1
                0x000000000000cc68      0x400
 .noinit."../src/main.c".1
                0x000000000000cc68      0x400 app/libapp.a(main.c.obj)
                0x000000000000cc68                _k_thread_stack_uart_out_tid

.noinit."../src/main.c".0
                0x000000000000d068      0x400
 .noinit."../src/main.c".0
                0x000000000000d068      0x400 app/libapp.a(main.c.obj)
                0x000000000000d068                _k_thread_stack_uart_in_tid

.noinit."WEST_TOPDIR/zephyr/kernel/init.c".2
                0x000000000000d468      0x100
 .noinit."WEST_TOPDIR/zephyr/kernel/init.c".2
                0x000000000000d468      0x100 zephyr/kernel/libkernel.a(init.c.obj)

.noinit."WEST_TOPDIR/zephyr/kernel/init.c".1
                0x000000000000d568      0x400
 .noinit."WEST_TOPDIR/zephyr/kernel/init.c".1
                0x000000000000d568      0x400 zephyr/kernel/libkernel.a(init.c.obj)
                0x000000000000d568                z_main_stack

.noinit."WEST_TOPDIR/zephyr/kernel/init.c".3
                0x000000000000d968      0x800
 .noinit."WEST_TOPDIR/zephyr/kernel/init.c".3
                0x000000000000d968      0x800 zephyr/kernel/libkernel.a(init.c.obj)
                0x000000000000d968                z_interrupt_stacks

initlevel       0x000000000000e168       0x60
                0x000000000000e168                __init_start = .
                0x000000000000e168                __init_PRE_KERNEL_1_start = .
 *(SORT_BY_NAME(SORT_BY_ALIGNMENT(.init_PRE_KERNEL_1[0-9]_*)))
 *(SORT_BY_NAME(SORT_BY_ALIGNMENT(.init_PRE_KERNEL_1[1-9][0-9]_*)))
 .init_PRE_KERNEL_130_
                0x000000000000e168       0x10 zephyr/kernel/libkernel.a(kheap.c.obj)
 .init_PRE_KERNEL_150_
                0x000000000000e178       0x10 zephyr/drivers/serial/libdrivers__serial.a(uart_native_posix.c.obj)
 .init_PRE_KERNEL_160_
                0x000000000000e188       0x10 zephyr/libzephyr.a(uart_console.c.obj)
 .init_PRE_KERNEL_160_
                0x000000000000e198       0x10 zephyr/libzephyr.a(native_posix_console.c.obj)
                0x000000000000e1a8                __init_PRE_KERNEL_2_start = .
 *(SORT_BY_NAME(SORT_BY_ALIGNMENT(.init_PRE_KERNEL_2[0-9]_*)))
 .init_PRE_KERNEL_20_
                0x000000000000e1a8       0x10 zephyr/libzephyr.a(sys_clock_init.c.obj)
 *(SORT_BY_NAME(SORT_BY_ALIGNMENT(.init_PRE_KERNEL_2[1-9][0-9]_*)))
                0x000000000000e1b8                __init_POST_KERNEL_start = .
 *(SORT_BY_NAME(SORT_BY_ALIGNMENT(.init_POST_KERNEL[0-9]_*)))
 *(SORT_BY_NAME(SORT_BY_ALIGNMENT(.init_POST_KERNEL[1-9][0-9]_*)))
 .init_POST_KERNEL90_
                0x000000000000e1b8       0x10 zephyr/drivers/crypto/libdrivers__crypto.a(crypto_tc_shim.c.obj)
                0x000000000000e1c8                __init_APPLICATION_start = .
 *(SORT_BY_NAME(SORT_BY_ALIGNMENT(.init_APPLICATION[0-9]_*)))
 *(SORT_BY_NAME(SORT_BY_ALIGNMENT(.init_APPLICATION[1-9][0-9]_*)))
                0x000000000000e1c8                __init_SMP_start = .
 *(SORT_BY_NAME(SORT_BY_ALIGNMENT(.init_SMP[0-9]_*)))
 *(SORT_BY_NAME(SORT_BY_ALIGNMENT(.init_SMP[1-9][0-9]_*)))
                0x000000000000e1c8                __init_end = .

initlevel_error
                0x000000000000e1c8        0x0
 *(SORT_BY_NAME(SORT_BY_ALIGNMENT(.init_[_A-Z0-9]*)))
                0x0000000000000001                ASSERT ((SIZEOF (initlevel_error) == 0x0), Undefined initialization levels used.)

app_shmem_regions
                0x000000000000e1c8        0x0
                0x000000000000e1c8                __app_shmem_regions_start = .
 *(SORT_BY_NAME(SORT_BY_ALIGNMENT(.app_regions.*)))
                0x000000000000e1c8                __app_shmem_regions_end = .

bt_l2cap_fixed_chan_area
                0x000000000000e1c8        0x0
                0x000000000000e1c8                _bt_l2cap_fixed_chan_list_start = .
 *(SORT_BY_NAME(SORT_BY_ALIGNMENT(._bt_l2cap_fixed_chan.static.*)))
                0x000000000000e1c8                _bt_l2cap_fixed_chan_list_end = .

bt_gatt_service_static_area
                0x000000000000e1c8        0x0
                0x000000000000e1c8                _bt_gatt_service_static_list_start = .
 *(SORT_BY_NAME(SORT_BY_ALIGNMENT(._bt_gatt_service_static.static.*)))
                0x000000000000e1c8                _bt_gatt_service_static_list_end = .

k_p4wq_initparam_area
                0x000000000000e1c8        0x0
                0x000000000000e1c8                _k_p4wq_initparam_list_start = .
 *(SORT_BY_NAME(SORT_BY_ALIGNMENT(._k_p4wq_initparam.static.*)))
                0x000000000000e1c8                _k_p4wq_initparam_list_end = .

log_const_sections
                0x000000000000e1c8        0x0
                0x000000000000e1c8                __log_const_start = .
 *(SORT_BY_NAME(SORT_BY_ALIGNMENT(.log_const_*)))
                0x000000000000e1c8                __log_const_end = .

log_backends_sections
                0x000000000000e1c8        0x0
                0x000000000000e1c8                __log_backends_start = .
 *(SORT_BY_ALIGNMENT(._log_backend.*))
                0x000000000000e1c8                __log_backends_end = .

shell_area      0x000000000000e1c8        0x0
                0x000000000000e1c8                _shell_list_start = .
 *(SORT_BY_NAME(SORT_BY_ALIGNMENT(._shell.static.*)))
                0x000000000000e1c8                _shell_list_end = .

shell_root_cmds_sections
                0x000000000000e1c8        0x0
                0x000000000000e1c8                __shell_root_cmds_start = .
 *(SORT_BY_NAME(SORT_BY_ALIGNMENT(.shell_root_cmd_*)))
                0x000000000000e1c8                __shell_root_cmds_end = .

font_entry_sections
                0x000000000000e1c8        0x0
                0x000000000000e1c8                __font_entry_start = .
 *(SORT_BY_NAME(SORT_BY_ALIGNMENT(._cfb_font.*)))
                0x000000000000e1c8                __font_entry_end = .

tracing_backend_area
                0x000000000000e1c8        0x0
                0x000000000000e1c8                _tracing_backend_list_start = .
 *(SORT_BY_NAME(SORT_BY_ALIGNMENT(._tracing_backend.static.*)))
                0x000000000000e1c8                _tracing_backend_list_end = .

zephyr_dbg_info
 *(SORT_BY_ALIGNMENT(.dbg_thread_info))

device_handles  0x000000000000e1c8       0x14
                0x000000000000e1c8                __device_handles_start = .
 *(SORT_BY_NAME(SORT_BY_ALIGNMENT(.__device_handles_pass1*)))
 .__device_handles_pass1
                0x000000000000e1c8        0x6 zephyr/libzephyr.a(sys_clock_init.c.obj)
                0x000000000000e1c8                __devicehdl_sys_init_sys_clock_driver_init0
 .__device_handles_pass1
                0x000000000000e1ce        0x6 zephyr/drivers/crypto/libdrivers__crypto.a(crypto_tc_shim.c.obj)
                0x000000000000e1ce                __devicehdl_crypto_tinycrypt
 .__device_handles_pass1
                0x000000000000e1d4        0x8 zephyr/drivers/serial/libdrivers__serial.a(uart_native_posix.c.obj)
                0x000000000000e1d4                __devicehdl_DT_N_S_uart
                0x000000000000e1dc                __device_handles_end = .

devices         0x000000000000e1e0       0x90
                0x000000000000e1e0                __device_start = .
                0x000000000000e1e0                __device_PRE_KERNEL_1_start = .
 *(SORT_BY_NAME(SORT_BY_ALIGNMENT(.device_PRE_KERNEL_1[0-9]_*)))
 *(SORT_BY_NAME(SORT_BY_ALIGNMENT(.device_PRE_KERNEL_1[1-9][0-9]_*)))
 .device_PRE_KERNEL_150_
                0x000000000000e1e0       0x30 zephyr/drivers/serial/libdrivers__serial.a(uart_native_posix.c.obj)
                0x000000000000e1e0                __device_dts_ord_10
                0x000000000000e210                __device_PRE_KERNEL_2_start = .
 *(SORT_BY_NAME(SORT_BY_ALIGNMENT(.device_PRE_KERNEL_2[0-9]_*)))
 .device_PRE_KERNEL_20_
                0x000000000000e210       0x30 zephyr/libzephyr.a(sys_clock_init.c.obj)
 *(SORT_BY_NAME(SORT_BY_ALIGNMENT(.device_PRE_KERNEL_2[1-9][0-9]_*)))
                0x000000000000e240                __device_POST_KERNEL_start = .
 *(SORT_BY_NAME(SORT_BY_ALIGNMENT(.device_POST_KERNEL[0-9]_*)))
 *(SORT_BY_NAME(SORT_BY_ALIGNMENT(.device_POST_KERNEL[1-9][0-9]_*)))
 .device_POST_KERNEL90_
                0x000000000000e240       0x30 zephyr/drivers/crypto/libdrivers__crypto.a(crypto_tc_shim.c.obj)
                0x000000000000e270                __device_APPLICATION_start = .
 *(SORT_BY_NAME(SORT_BY_ALIGNMENT(.device_APPLICATION[0-9]_*)))
 *(SORT_BY_NAME(SORT_BY_ALIGNMENT(.device_APPLICATION[1-9][0-9]_*)))
                0x000000000000e270                __device_SMP_start = .
 *(SORT_BY_NAME(SORT_BY_ALIGNMENT(.device_SMP[0-9]_*)))
 *(SORT_BY_NAME(SORT_BY_ALIGNMENT(.device_SMP[1-9][0-9]_*)))
                0x000000000000e270                __device_end = .

initshell       0x000000000000e270        0x0
                0x000000000000e270                __shell_module_start = .
 *(SORT_BY_ALIGNMENT(.shell_module_*))
                0x000000000000e270                __shell_module_end = .
                0x000000000000e270                __shell_cmd_start = .
 *(SORT_BY_ALIGNMENT(.shell_cmd_*))
                0x000000000000e270                __shell_cmd_end = .

log_dynamic_sections
                0x000000000000e270        0x0
                0x000000000000e270                __log_dynamic_start = .
 *(SORT_BY_NAME(SORT_BY_ALIGNMENT(.log_dynamic_*)))
                0x000000000000e270                __log_dynamic_end = .

_static_thread_data_area
                0x000000000000e270      0x108
                0x000000000000e270                __static_thread_data_list_start = .
 *(SORT_BY_NAME(SORT_BY_ALIGNMENT(.__static_thread_data.static.*)))
 .__static_thread_data.static._k_thread_data_processing_tid
                0x000000000000e270       0x58 app/libapp.a(main.c.obj)
                0x000000000000e270                _k_thread_data_processing_tid
 .__static_thread_data.static._k_thread_data_uart_in_tid
                0x000000000000e2c8       0x58 app/libapp.a(main.c.obj)
                0x000000000000e2c8                _k_thread_data_uart_in_tid
 .__static_thread_data.static._k_thread_data_uart_out_tid
                0x000000000000e320       0x58 app/libapp.a(main.c.obj)
                0x000000000000e320                _k_thread_data_uart_out_tid
                0x000000000000e378                __static_thread_data_list_end = .

k_timer_area    0x000000000000e378        0x0
                0x000000000000e378                _k_timer_list_start = .
 *(SORT_BY_NAME(SORT_BY_ALIGNMENT(._k_timer.static.*)))
                0x000000000000e378                _k_timer_list_end = .

k_mem_slab_area
                0x000000000000e378        0x0
                0x000000000000e378                _k_mem_slab_list_start = .
 *(SORT_BY_NAME(SORT_BY_ALIGNMENT(._k_mem_slab.static.*)))
                0x000000000000e378                _k_mem_slab_list_end = .

k_mem_pool_area
                0x000000000000e378        0x0
                0x000000000000e378                _k_mem_pool_list_start = .
 *(SORT_BY_NAME(SORT_BY_ALIGNMENT(._k_mem_pool.static.*)))
                0x000000000000e378                _k_mem_pool_list_end = .

k_heap_area     0x000000000000e378        0x0
                0x000000000000e378                _k_heap_list_start = .
 *(SORT_BY_NAME(SORT_BY_ALIGNMENT(._k_heap.static.*)))
                0x000000000000e378                _k_heap_list_end = .

k_mutex_area    0x000000000000e378        0x0
                0x000000000000e378                _k_mutex_list_start = .
 *(SORT_BY_NAME(SORT_BY_ALIGNMENT(._k_mutex.static.*)))
                0x000000000000e378                _k_mutex_list_end = .

k_stack_area    0x000000000000e378        0x0
                0x000000000000e378                _k_stack_list_start = .
 *(SORT_BY_NAME(SORT_BY_ALIGNMENT(._k_stack.static.*)))
                0x000000000000e378                _k_stack_list_end = .

k_msgq_area     0x000000000000e378       0x48
                0x000000000000e378                _k_msgq_list_start = .
 *(SORT_BY_NAME(SORT_BY_ALIGNMENT(._k_msgq.static.*)))
 ._k_msgq.static.uart_msgq
                0x000000000000e378       0x48 app/libapp.a(main.c.obj)
                0x000000000000e378                uart_msgq
                0x000000000000e3c0                _k_msgq_list_end = .

k_mbox_area     0x000000000000e3c0        0x0
                0x000000000000e3c0                _k_mbox_list_start = .
 *(SORT_BY_NAME(SORT_BY_ALIGNMENT(._k_mbox.static.*)))
                0x000000000000e3c0                _k_mbox_list_end = .

k_pipe_area     0x000000000000e3c0        0x0
                0x000000000000e3c0                _k_pipe_list_start = .
 *(SORT_BY_NAME(SORT_BY_ALIGNMENT(._k_pipe.static.*)))
                0x000000000000e3c0                _k_pipe_list_end = .

k_sem_area      0x000000000000e3c0        0x0
                0x000000000000e3c0                _k_sem_list_start = .
 *(SORT_BY_NAME(SORT_BY_ALIGNMENT(._k_sem.static.*)))
                0x000000000000e3c0                _k_sem_list_end = .

k_queue_area    0x000000000000e3c0        0x0
                0x000000000000e3c0                _k_queue_list_start = .
 *(SORT_BY_NAME(SORT_BY_ALIGNMENT(._k_queue.static.*)))
                0x000000000000e3c0                _k_queue_list_end = .

k_condvar_area  0x000000000000e3c0        0x0
                0x000000000000e3c0                _k_condvar_list_start = .
 *(SORT_BY_NAME(SORT_BY_ALIGNMENT(._k_condvar.static.*)))
                0x000000000000e3c0                _k_condvar_list_end = .

_net_buf_pool_area
                0x000000000000e3c0        0x0
                0x000000000000e3c0                _net_buf_pool_list = .
 *(SORT_BY_NAME(SORT_BY_ALIGNMENT(._net_buf_pool.static.*)))

native_pre_tasks
                0x000000000000e3c0       0x20
                0x000000000000e3c0                __native_tasks_start = .
                0x000000000000e3c0                __native_PRE_BOOT_1_tasks_start = .
 *(SORT_BY_NAME(SORT_BY_ALIGNMENT(.native_PRE_BOOT_1[0-9]_task)))
 .native_PRE_BOOT_11_task
                0x000000000000e3c0        0x8 zephyr/boards/posix/native_posix/libboards__posix__native_posix.a(timer_model.c.obj)
 *(SORT_BY_NAME(SORT_BY_ALIGNMENT(.native_PRE_BOOT_1[1-9][0-9]_task)))
 .native_PRE_BOOT_111_task
                0x000000000000e3c8        0x8 zephyr/drivers/serial/libdrivers__serial.a(uart_native_posix.c.obj)
 *(SORT_BY_NAME(SORT_BY_ALIGNMENT(.native_PRE_BOOT_1[1-9][0-9][0-9]_task)))
                0x000000000000e3d0                __native_PRE_BOOT_2_tasks_start = .
 *(SORT_BY_NAME(SORT_BY_ALIGNMENT(.native_PRE_BOOT_2[0-9]_task)))
 .native_PRE_BOOT_20_task
                0x000000000000e3d0        0x8 zephyr/boards/posix/native_posix/libboards__posix__native_posix.a(tracing.c.obj)
 *(SORT_BY_NAME(SORT_BY_ALIGNMENT(.native_PRE_BOOT_2[1-9][0-9]_task)))
 *(SORT_BY_NAME(SORT_BY_ALIGNMENT(.native_PRE_BOOT_2[1-9][0-9][0-9]_task)))
                0x000000000000e3d8                __native_PRE_BOOT_3_tasks_start = .
 *(SORT_BY_NAME(SORT_BY_ALIGNMENT(.native_PRE_BOOT_3[0-9]_task)))
 *(SORT_BY_NAME(SORT_BY_ALIGNMENT(.native_PRE_BOOT_3[1-9][0-9]_task)))
 *(SORT_BY_NAME(SORT_BY_ALIGNMENT(.native_PRE_BOOT_3[1-9][0-9][0-9]_task)))
                0x000000000000e3d8                __native_FIRST_SLEEP_tasks_start = .
 *(SORT_BY_NAME(SORT_BY_ALIGNMENT(.native_FIRST_SLEEP[0-9]_task)))
 *(SORT_BY_NAME(SORT_BY_ALIGNMENT(.native_FIRST_SLEEP[1-9][0-9]_task)))
 *(SORT_BY_NAME(SORT_BY_ALIGNMENT(.native_FIRST_SLEEP[1-9][0-9][0-9]_task)))
                0x000000000000e3d8                __native_ON_EXIT_tasks_start = .
 *(SORT_BY_NAME(SORT_BY_ALIGNMENT(.native_ON_EXIT[0-9]_task)))
 *(SORT_BY_NAME(SORT_BY_ALIGNMENT(.native_ON_EXIT[1-9][0-9]_task)))
 .native_ON_EXIT99_task
                0x000000000000e3d8        0x8 zephyr/drivers/serial/libdrivers__serial.a(uart_native_posix.c.obj)
 *(SORT_BY_NAME(SORT_BY_ALIGNMENT(.native_ON_EXIT[1-9][0-9][0-9]_task)))
                0x000000000000e3e0                __native_tasks_end = .
                0x000000000000e3e0                __data_ram_end = .

.data1
 *(SORT_BY_ALIGNMENT(.data1))
                0x000000000000e3e0                _edata = .
                [!provide]                        PROVIDE (edata = .)
                0x000000000000e3e0                . = .
                0x000000000000e3e0                __bss_start = .

.bss            0x000000000000e3e0      0xa68
 *(SORT_BY_ALIGNMENT(.dynbss))
 .dynbss        0x000000000000e3e0        0x0 /usr/lib/gcc/x86_64-linux-gnu/9/../../../x86_64-linux-gnu/Scrt1.o
 *(SORT_BY_ALIGNMENT(.bss) SORT_BY_ALIGNMENT(.bss.*) SORT_BY_ALIGNMENT(.gnu.linkonce.b.*))
 .bss._k_thread_obj_processing_tid
                0x000000000000e3e0       0x88 app/libapp.a(main.c.obj)
                0x000000000000e3e0                _k_thread_obj_processing_tid
 *fill*         0x000000000000e468       0x18 
 .bss._k_thread_obj_uart_out_tid
                0x000000000000e480       0x88 app/libapp.a(main.c.obj)
                0x000000000000e480                _k_thread_obj_uart_out_tid
 *fill*         0x000000000000e508       0x18 
 .bss._k_thread_obj_uart_in_tid
                0x000000000000e520       0x88 app/libapp.a(main.c.obj)
                0x000000000000e520                _k_thread_obj_uart_in_tid
 *fill*         0x000000000000e5a8       0x18 
 .bss.mtx_threads
                0x000000000000e5c0       0x28 zephyr/arch/arch/posix/core/libarch__posix__core.a(posix_core.c.obj)
 *fill*         0x000000000000e5e8       0x18 
 .bss.cond_threads
                0x000000000000e600       0x30 zephyr/arch/arch/posix/core/libarch__posix__core.a(posix_core.c.obj)
 *fill*         0x000000000000e630       0x10 
 .bss.mtx_cpu   0x000000000000e640       0x28 zephyr/soc/posix/inf_clock/libsoc__posix__inf_clock.a(soc.c.obj)
 *fill*         0x000000000000e668       0x18 
 .bss.cond_cpu  0x000000000000e680       0x30 zephyr/soc/posix/inf_clock/libsoc__posix__inf_clock.a(soc.c.obj)
 *fill*         0x000000000000e6b0       0x10 
 .bss.args      0x000000000000e6c0       0x20 zephyr/boards/posix/native_posix/libboards__posix__native_posix.a(timer_model.c.obj)
 .bss.irq_vector_table
                0x000000000000e6e0      0x300 zephyr/boards/posix/native_posix/libboards__posix__native_posix.a(irq_handler.c.obj)
 .bss.irq_prio  0x000000000000e9e0       0x20 zephyr/boards/posix/native_posix/libboards__posix__native_posix.a(irq_ctrl.c.obj)
 .bss.tc_driver_state
                0x000000000000ea00      0x168 zephyr/drivers/crypto/libdrivers__crypto.a(crypto_tc_shim.c.obj)
 *fill*         0x000000000000eb68       0x18 
 .bss.z_idle_threads
                0x000000000000eb80       0x88 zephyr/kernel/libkernel.a(init.c.obj)
                0x000000000000eb80                z_idle_threads
 *fill*         0x000000000000ec08       0x18 
 .bss.z_main_thread
                0x000000000000ec20       0x88 zephyr/kernel/libkernel.a(init.c.obj)
                0x000000000000ec20                z_main_thread
 *fill*         0x000000000000eca8       0x18 
 .bss._kernel   0x000000000000ecc0       0x50 zephyr/kernel/libkernel.a(sched.c.obj)
                0x000000000000ecc0                _kernel
 .bss.uartconf  0x000000000000ed10        0x8 app/libapp.a(main.c.obj)
                0x000000000000ed10                uartconf
 .bss.uart_dev  0x000000000000ed18        0x8 app/libapp.a(main.c.obj)
                0x000000000000ed18                uart_dev
 .bss.uart_console_dev
                0x000000000000ed20        0x8 zephyr/libzephyr.a(uart_console.c.obj)
 .bss.last_tick_time
                0x000000000000ed28        0x8 zephyr/libzephyr.a(native_posix_timer.c.obj)
 .bss.tick_period